Archive member included because of file (symbol)

contiki-sky.a(rimeaddr.o)     obj_sky/contiki-sky-main.o (rimeaddr_copy)
contiki-sky.a(rime.o)         obj_sky/contiki-sky-main.o (rime_driver)
contiki-sky.a(rimestats.o)    contiki-sky.a(rime.o) (rimestats)
contiki-sky.a(announcement.o)
                              contiki-sky.a(rime.o) (announcement_init)
contiki-sky.a(broadcast-annou)
                              contiki-sky.a(rime.o) (broadcast_announcement_init)
contiki-sky.a(broadcast.o)    contiki-sky.a(broadcast-annou) (broadcast_open)
contiki-sky.a(abc.o)          contiki-sky.a(broadcast.o) (abc_open)
contiki-sky.a(chameleon.o)    contiki-sky.a(rime.o) (chameleon_init)
contiki-sky.a(channel.o)      contiki-sky.a(chameleon.o) (channel_init)
contiki-sky.a(chameleon-bitop)
                              contiki-sky.a(chameleon.o) (chameleon_bitopt)
contiki-sky.a(csma.o)         obj_sky/contiki-sky-main.o (csma_driver)
contiki-sky.a(contikimac.o)   obj_sky/contiki-sky-main.o (contikimac_driver)
contiki-sky.a(phase.o)        contiki-sky.a(contikimac.o) (phase_update)
contiki-sky.a(process.o)      obj_sky/contiki-sky-main.o (process_init)
contiki-sky.a(autostart.o)    obj_sky/contiki-sky-main.o (autostart_start)
contiki-sky.a(compower.o)     contiki-sky.a(contikimac.o) (compower_idle_activity)
contiki-sky.a(serial-line.o)  obj_sky/contiki-sky-main.o (serial_line_input_byte)
contiki-sky.a(memb.o)         contiki-sky.a(csma.o) (memb_init)
contiki-sky.a(timer.o)        obj_sky/contiki-sky-main.o (timer_set)
contiki-sky.a(list.o)         contiki-sky.a(announcement.o) (list_init)
contiki-sky.a(etimer.o)       obj_sky/contiki-sky-main.o (etimer_process)
contiki-sky.a(ctimer.o)       obj_sky/contiki-sky-main.o (ctimer_init)
contiki-sky.a(energest.o)     obj_sky/contiki-sky-main.o (energest_init)
contiki-sky.a(rtimer.o)       obj_sky/contiki-sky-main.o (rtimer_init)
contiki-sky.a(random.o)       obj_sky/contiki-sky-main.o (random_init)
contiki-sky.a(ringbuf.o)      contiki-sky.a(serial-line.o) (ringbuf_init)
contiki-sky.a(packetbuf.o)    contiki-sky.a(contikimac.o) (packetbuf_hdr_remove)
contiki-sky.a(queuebuf.o)     contiki-sky.a(rime.o) (queuebuf_init)
contiki-sky.a(serial-shell.o)
                              matlab-sleep-respond.co (serial_shell_init)
contiki-sky.a(global-sensor.o)
                              matlab-sleep-respond.co (shell_global_sensor_init)
contiki-sky.a(matlab-response)
                              matlab-sleep-respond.co (shell_matlab_response_protocol_init)
contiki-sky.a(shell.o)        contiki-sky.a(serial-shell.o) (shell_input)
contiki-sky.a(shell-rime.o)   matlab-sleep-respond.co (shell_rime_init)
contiki-sky.a(shell-text.o)   matlab-sleep-respond.co (shell_text_init)
contiki-sky.a(shell-time.o)   matlab-sleep-respond.co (shell_time_init)
contiki-sky.a(shell-sky.o)    matlab-sleep-respond.co (shell_sky_init)
contiki-sky.a(contiki-sky-pla)
                              obj_sky/contiki-sky-main.o (init_platform)
contiki-sky.a(sht11-sensor.o)
                              contiki-sky.a(global-sensor.o) (sht11_sensor)
contiki-sky.a(light-sensor.o)
                              contiki-sky.a(global-sensor.o) (light_sensor)
contiki-sky.a(battery-sensor.)
                              contiki-sky.a(global-sensor.o) (battery_sensor)
contiki-sky.a(button-sensor.o)
                              contiki-sky.a(contiki-sky-pla) (button_sensor)
contiki-sky.a(ds2411.o)       obj_sky/contiki-sky-main.o (ds2411_init)
contiki-sky.a(xmem.o)         obj_sky/contiki-sky-main.o (xmem_init)
contiki-sky.a(node-id.o)      obj_sky/contiki-sky-main.o (node_id_restore)
contiki-sky.a(sensors.o)      contiki-sky.a(button-sensor.o) (sensors_changed)
contiki-sky.a(cc2420.o)       contiki-sky.a(shell-sky.o) (cc2420_on)
contiki-sky.a(cc2420-arch.o)  contiki-sky.a(cc2420.o) (cc2420_arch_init)
contiki-sky.a(sky-sensors.o)  contiki-sky.a(light-sensor.o) (sky_sensors_status)
contiki-sky.a(uart1.o)        obj_sky/contiki-sky-main.o (uart1_active)
contiki-sky.a(uart1-putchar.o)
                              obj_sky/contiki-sky-main.o (putchar)
contiki-sky.a(msp430.o)       contiki-sky.a(uart1.o) (msp430_add_lpm_req)
contiki-sky.a(clock.o)        contiki-sky.a(timer.o) (clock_time)
contiki-sky.a(leds.o)         obj_sky/contiki-sky-main.o (leds_init)
contiki-sky.a(leds-arch.o)    contiki-sky.a(leds.o) (leds_arch_init)
contiki-sky.a(watchdog.o)     obj_sky/contiki-sky-main.o (watchdog_start)
contiki-sky.a(rtimer-arch.o)  contiki-sky.a(rtimer.o) (rtimer_arch_init)
contiki-sky.a(runicast.o)     contiki-sky.a(matlab-response) (runicast_open)
contiki-sky.a(route.o)        contiki-sky.a(shell-rime.o) (route_num)
contiki-sky.a(collect.o)      contiki-sky.a(shell-rime.o) (collect_open)
contiki-sky.a(collect-neighbo)
                              contiki-sky.a(collect.o) (collect_neighbor_init)
contiki-sky.a(collect-link-es)
                              contiki-sky.a(collect-neighbo) (collect_link_estimate_new)
[...]
Memory Configuration

Name             Origin             Length             Attributes
sfr              0x00000000         0x00000010
peripheral_8bit  0x00000010         0x000000f0
peripheral_16bit 0x00000100         0x00000100
infomem          0x00001000         0x00000100
infob            0x00001000         0x00000080
infoa            0x00001080         0x00000080
ram              0x00001100         0x00002800         xw
rom              0x00004000         0x0000bfe0         xr
vectors          0x0000ffe0         0x00000020
bsl              0x00000000         0x00000000
infoc            0x00000000         0x00000000
infod            0x00000000         0x00000000
far_rom          0x00000000         0x00000000
*default*        0x00000000         0xffffffff

Linker script and memory map

LOAD /usr/lib/gcc/msp430/4.5.3/mmpy-16/crt0ivtbl16.o
LOAD matlab-sleep-respond.co
LOAD obj_sky/contiki-sky-main.o
LOAD contiki-sky.a
LOAD /usr/lib/gcc/msp430/4.5.3/mmpy-16/libgcc.a
LOAD /usr/lib/gcc/msp430/4.5.3/../../../../msp430/lib/mmpy-16/libc.a
LOAD /usr/lib/gcc/msp430/4.5.3/mmpy-16/libgcc.a
LOAD /usr/lib/gcc/msp430/4.5.3/mmpy-16/libcrt0.a
                0x00000000                __IE1 = 0x0
                0x00000002                __IFG1 = 0x2
                0x00000004                __ME1 = 0x4
                0x00000001                __IE2 = 0x1
                0x00000003                __IFG2 = 0x3
                0x00000005                __ME2 = 0x5
                0x00000120                __WDTCTL = 0x120
                0x00000130                __MPY = 0x130
                0x00000132                __MPYS = 0x132
                0x00000134                __MAC = 0x134
                0x00000136                __MACS = 0x136
                0x00000138                __OP2 = 0x138
                0x0000013a                __RESLO = 0x13a
                0x0000013c                __RESHI = 0x13c
                0x0000013e                __SUMEXT = 0x13e
                0x00000020                __P1IN = 0x20
                0x00000021                __P1OUT = 0x21
                0x00000022                __P1DIR = 0x22
                0x00000023                __P1IFG = 0x23
                0x00000024                __P1IES = 0x24
                0x00000025                __P1IE = 0x25
                0x00000026                __P1SEL = 0x26
                0x00000028                __P2IN = 0x28
                0x00000029                __P2OUT = 0x29
                0x0000002a                __P2DIR = 0x2a
                0x0000002b                __P2IFG = 0x2b
                0x0000002c                __P2IES = 0x2c
                0x0000002d                __P2IE = 0x2d
                0x0000002e                __P2SEL = 0x2e
                0x00000018                __P3IN = 0x18
                0x00000019                __P3OUT = 0x19
                0x0000001a                __P3DIR = 0x1a
                0x0000001b                __P3SEL = 0x1b
                0x0000001c                __P4IN = 0x1c
                0x0000001d                __P4OUT = 0x1d
                0x0000001e                __P4DIR = 0x1e
                0x0000001f                __P4SEL = 0x1f
                0x00000030                __P5IN = 0x30
                0x00000031                __P5OUT = 0x31
                0x00000032                __P5DIR = 0x32
                0x00000033                __P5SEL = 0x33
                0x00000034                __P6IN = 0x34
                0x00000035                __P6OUT = 0x35
                0x00000036                __P6DIR = 0x36
                0x00000037                __P6SEL = 0x37
                0x00000070                __U0CTL = 0x70
                0x00000071                __U0TCTL = 0x71
                0x00000072                __U0RCTL = 0x72
                0x00000073                __U0MCTL = 0x73
                0x00000074                __U0BR0 = 0x74
                0x00000075                __U0BR1 = 0x75
                0x00000076                __U0RXBUF = 0x76
                0x00000077                __U0TXBUF = 0x77
                0x00000078                __U1CTL = 0x78
                0x00000079                __U1TCTL = 0x79
                0x0000007a                __U1RCTL = 0x7a
                0x0000007b                __U1MCTL = 0x7b
                0x0000007c                __U1BR0 = 0x7c
                0x0000007d                __U1BR1 = 0x7d
                0x0000007e                __U1RXBUF = 0x7e
                0x0000007f                __U1TXBUF = 0x7f
                0x00000050                __I2CIE = 0x50
                0x00000051                __I2CIFG = 0x51
                0x00000052                __I2CNDAT = 0x52
                0x00000071                __I2CTCTL = 0x71
                0x00000072                __I2CDCTL = 0x72
                0x00000073                __I2CPSC = 0x73
                0x00000074                __I2CSCLH = 0x74
                0x00000075                __I2CSCLL = 0x75
                0x00000076                __I2CDRB = 0x76
                0x00000076                __I2CDRW = 0x76
                0x00000118                __I2COA = 0x118
                0x0000011a                __I2CSA = 0x11a
                0x0000011c                __I2CIV = 0x11c
                0x0000012e                __TAIV = 0x12e
                0x00000160                __TACTL = 0x160
                0x00000162                __TACCTL0 = 0x162
                0x00000164                __TACCTL1 = 0x164
                0x00000166                __TACCTL2 = 0x166
                0x00000170                __TAR = 0x170
                0x00000172                __TACCR0 = 0x172
                0x00000174                __TACCR1 = 0x174
                0x00000176                __TACCR2 = 0x176
                0x0000011e                __TBIV = 0x11e
                0x00000180                __TBCTL = 0x180
                0x00000182                __TBCCTL0 = 0x182
                0x00000184                __TBCCTL1 = 0x184
                0x00000186                __TBCCTL2 = 0x186
                0x00000188                __TBCCTL3 = 0x188
                0x0000018a                __TBCCTL4 = 0x18a
                0x0000018c                __TBCCTL5 = 0x18c
                0x0000018e                __TBCCTL6 = 0x18e
                0x00000190                __TBR = 0x190
                0x00000192                __TBCCR0 = 0x192
                0x00000194                __TBCCR1 = 0x194
                0x00000196                __TBCCR2 = 0x196
                0x00000198                __TBCCR3 = 0x198
                0x0000019a                __TBCCR4 = 0x19a
                0x0000019c                __TBCCR5 = 0x19c
                0x0000019e                __TBCCR6 = 0x19e
                0x00000056                __DCOCTL = 0x56
                0x00000057                __BCSCTL1 = 0x57
                0x00000058                __BCSCTL2 = 0x58
                0x00000055                __SVSCTL = 0x55
                0x00000128                __FCTL1 = 0x128
                0x0000012a                __FCTL2 = 0x12a
                0x0000012c                __FCTL3 = 0x12c
                0x00000059                __CACTL1 = 0x59
                0x0000005a                __CACTL2 = 0x5a
                0x0000005b                __CAPD = 0x5b
                0x000001a0                __ADC12CTL0 = 0x1a0
                0x000001a2                __ADC12CTL1 = 0x1a2
                0x000001a4                __ADC12IFG = 0x1a4
                0x000001a6                __ADC12IE = 0x1a6
                0x000001a8                __ADC12IV = 0x1a8
                0x00000140                __ADC12MEM0 = 0x140
                0x00000142                __ADC12MEM1 = 0x142
                0x00000144                __ADC12MEM2 = 0x144
                0x00000146                __ADC12MEM3 = 0x146
                0x00000148                __ADC12MEM4 = 0x148
                0x0000014a                __ADC12MEM5 = 0x14a
                0x0000014c                __ADC12MEM6 = 0x14c
                0x0000014e                __ADC12MEM7 = 0x14e
                0x00000150                __ADC12MEM8 = 0x150
                0x00000152                __ADC12MEM9 = 0x152
                0x00000154                __ADC12MEM10 = 0x154
                0x00000156                __ADC12MEM11 = 0x156
                0x00000158                __ADC12MEM12 = 0x158
                0x0000015a                __ADC12MEM13 = 0x15a
                0x0000015c                __ADC12MEM14 = 0x15c
                0x0000015e                __ADC12MEM15 = 0x15e
                0x00000080                __ADC12MCTL0 = 0x80
                0x00000081                __ADC12MCTL1 = 0x81
                0x00000082                __ADC12MCTL2 = 0x82
                0x00000083                __ADC12MCTL3 = 0x83
                0x00000084                __ADC12MCTL4 = 0x84
                0x00000085                __ADC12MCTL5 = 0x85
                0x00000086                __ADC12MCTL6 = 0x86
                0x00000087                __ADC12MCTL7 = 0x87
                0x00000088                __ADC12MCTL8 = 0x88
                0x00000089                __ADC12MCTL9 = 0x89
                0x0000008a                __ADC12MCTL10 = 0x8a
                0x0000008b                __ADC12MCTL11 = 0x8b
                0x0000008c                __ADC12MCTL12 = 0x8c
                0x0000008d                __ADC12MCTL13 = 0x8d
                0x0000008e                __ADC12MCTL14 = 0x8e
                0x0000008f                __ADC12MCTL15 = 0x8f
                0x000001c0                __DAC12_0CTL = 0x1c0
                0x000001c2                __DAC12_1CTL = 0x1c2
                0x000001c8                __DAC12_0DAT = 0x1c8
                0x000001ca                __DAC12_1DAT = 0x1ca
                0x00000122                __DMACTL0 = 0x122
                0x00000124                __DMACTL1 = 0x124
                0x000001e0                __DMA0CTL = 0x1e0
                0x000001e8                __DMA1CTL = 0x1e8
                0x000001f0                __DMA2CTL = 0x1f0
                0x000001e2                __DMA0SA = 0x1e2
                0x000001e4                __DMA0DA = 0x1e4
                0x000001e6                __DMA0SZ = 0x1e6
                0x000001ea                __DMA1SA = 0x1ea
                0x000001ec                __DMA1DA = 0x1ec
                0x000001ee                __DMA1SZ = 0x1ee
                0x000001f2                __DMA2SA = 0x1f2
                0x000001f4                __DMA2DA = 0x1f4
                0x000001f6                __DMA2SZ = 0x1f6

.hash
 *(.hash)

.dynsym
 *(.dynsym)

.dynstr
 *(.dynstr)

.gnu.version
 *(.gnu.version)

.gnu.version_d
 *(.gnu.version_d)

.gnu.version_r
 *(.gnu.version_r)

.rel.init
 *(.rel.init)

.rela.init
 *(.rela.init)

.rel.text
 *(.rel.text)
 *(.rel.text.*)
 *(.rel.gnu.linkonce.t*)

.rela.text
 *(.rela.text)
 *(.rela.text.*)
 *(.rela.gnu.linkonce.t*)

.rel.fini
 *(.rel.fini)

.rela.fini
 *(.rela.fini)

.rel.rodata
 *(.rel.rodata)
 *(.rel.rodata.*)
 *(.rel.gnu.linkonce.r*)

.rela.rodata
 *(.rela.rodata)
 *(.rela.rodata.*)
 *(.rela.gnu.linkonce.r*)

.rel.data
 *(.rel.data)
 *(.rel.data.*)
 *(.rel.gnu.linkonce.d*)

.rela.data
 *(.rela.data)
 *(.rela.data.*)
 *(.rela.gnu.linkonce.d*)

.rel.ctors
 *(.rel.ctors)

.rela.ctors
 *(.rela.ctors)

.rel.dtors
 *(.rel.dtors)

.rela.dtors
 *(.rela.dtors)

.rel.got
 *(.rel.got)

.rela.got
 *(.rela.got)

.rel.bss
 *(.rel.bss)

.rela.bss
 *(.rela.bss)

.rel.plt
 *(.rel.plt)

.rela.plt
 *(.rela.plt)

.text           0x00004000     0x978c
                0x00004000                . = ALIGN (0x2)
 *(.init)
 *(.init0)
 .init0         0x00004000        0x0 /usr/lib/gcc/msp430/4.5.3/mmpy-16/libcrt0.a(_reset_vector__.o)
                0x00004000                _reset_vector__
 *(.init1)
 *(.init2)
 .init2         0x00004000        0x4 /usr/lib/gcc/msp430/4.5.3/mmpy-16/libcrt0.a(__init_stack.o)
                0x00004000                __init_stack
 *(.init3)
 .init3         0x00004004        0xa /usr/lib/gcc/msp430/4.5.3/mmpy-16/libcrt0.a(__low_level_init.o)
                0x00004004                __low_level_init
 *(.init4)
 .init4         0x0000400e       0x16 /usr/lib/gcc/msp430/4.5.3/mmpy-16/libcrt0.a(_copy_data.o)
                0x0000400e                __do_copy_data
 .init4         0x00004024       0x14 /usr/lib/gcc/msp430/4.5.3/mmpy-16/libcrt0.a(_clear_bss.o)
                0x00004024                __do_clear_bss
 *(.init5)
 *(.init6)
 *(.init7)
 *(.init8)
 *(.init9)
 .init9         0x00004038      0x302 obj_sky/contiki-sky-main.o
                0x00004038                main
 *(.fini9)
 .fini9         0x0000433a        0x0 /usr/lib/gcc/msp430/4.5.3/mmpy-16/libcrt0.a(__stop_progExec__.o)
                0x0000433a                __stop_progExec__
 *(.fini8)
 *(.fini7)
 *(.fini6)
 *(.fini5)
 *(.fini4)
 *(.fini3)
 *(.fini2)
 *(.fini1)
 *(.fini0)
 .fini0         0x0000433a        0x6 /usr/lib/gcc/msp430/4.5.3/mmpy-16/libcrt0.a(_endless_loop__.o)
                0x0000433a                _endless_loop__
 *(.fini)
                0x00004340                . = ALIGN (0x2)
                0x00004340                __ctors_start = .
 *(.ctors)
                0x00004340                __ctors_end = .
                0x00004340                __dtors_start = .
 *(.dtors)
                0x00004340                __dtors_end = .
                0x00004340                . = ALIGN (0x2)
 *(.text)
 .text          0x00004340        0x4 /usr/lib/gcc/msp430/4.5.3/mmpy-16/crt0ivtbl16.o
                0x00004340                __isr_14
                0x00004340                __isr_11
                0x00004340                __isr_2
                0x00004340                __isr_7
                0x00004340                __isr_0
                0x00004340                __isr_8
                0x00004340                __isr_3
                0x00004340                __isr_12
                0x00004340                __isr_13
                0x00004340                __isr_9
 .text          0x00004344       0x28 matlab-sleep-respond.co
                0x00004368                autostart_processes
 .text          0x0000436c       0xe2 obj_sky/contiki-sky-main.o
 .text          0x0000444e        0x2 contiki-sky.a(rimeaddr.o)
                0x0000444e                rimeaddr_null
 .text          0x00004450        0xc contiki-sky.a(rime.o)
                0x00004456                rime_driver
 .text          0x0000445c        0x4 contiki-sky.a(broadcast-annou)
 .text          0x00004460        0x8 contiki-sky.a(broadcast.o)
 .text          0x00004468        0x2 contiki-sky.a(abc.o)
 .text          0x0000446a       0x10 contiki-sky.a(chameleon-bitop)
                0x0000446a                chameleon_bitopt
 .text          0x0000447a       0x14 contiki-sky.a(csma.o)
                0x00004480                csma_driver
 .text          0x0000448e       0x46 contiki-sky.a(contikimac.o)
                0x000044c4                contikimac_driver
 .text          0x000044d4        0xe contiki-sky.a(serial-line.o)
 .text          0x000044e2        0xc contiki-sky.a(etimer.o)
 .text          0x000044ee        0xf contiki-sky.a(ctimer.o)
 .text          0x000044fd       0x2a contiki-sky.a(serial-shell.o)
 *fill*         0x00004527        0x1 00
 .text          0x00004528       0xc6 contiki-sky.a(global-sensor.o)
 .text          0x000045ee       0xb4 contiki-sky.a(matlab-response)
 .text          0x000046a2      0x19e contiki-sky.a(shell.o)
 .text          0x00004840      0x1b4 contiki-sky.a(shell-rime.o)
 .text          0x000049f4       0xbd contiki-sky.a(shell-text.o)
 .text          0x00004ab1      0x155 contiki-sky.a(shell-time.o)
 .text          0x00004c06      0x15e contiki-sky.a(shell-sky.o)
 .text          0x00004d64        0xe contiki-sky.a(sht11-sensor.o)
                0x00004d6a                sht11_sensor
 .text          0x00004d72        0xe contiki-sky.a(light-sensor.o)
                0x00004d78                light_sensor
 .text          0x00004d80       0x10 contiki-sky.a(battery-sensor.)
                0x00004d88                battery_sensor
 .text          0x00004d90       0x10 contiki-sky.a(button-sensor.o)
                0x00004d98                button_sensor
 .text          0x00004da0        0x8 contiki-sky.a(sensors.o)
 .text          0x00004da8       0x22 contiki-sky.a(cc2420.o)
                0x00004db6                cc2420_driver
 .text          0x00004dca        0xe contiki-sky.a(runicast.o)
 .text          0x00004dd8       0xa0 contiki-sky.a(collect.o)
 .text          0x00004e78        0x4 contiki-sky.a(framer-802154.o)
                0x00004e78                framer_802154
 .text          0x00004e7c        0xa contiki-sky.a(unicast.o)
 .text          0x00004e86        0x4 contiki-sky.a(stunicast.o)
 .text          0x00004e8a        0x2 contiki-sky.a(frame802154.o)
 .text          0x00004e8c       0x12 /usr/lib/gcc/msp430/4.5.3/../../../../msp430/lib/mmpy-16/libc.a(strchr.o)
                0x00004e8c                strchr
 .text          0x00004e9e       0x20 /usr/lib/gcc/msp430/4.5.3/../../../../msp430/lib/mmpy-16/libc.a(strcmp.o)
                0x00004e9e                strcmp
 .text          0x00004ebe       0x30 /usr/lib/gcc/msp430/4.5.3/../../../../msp430/lib/mmpy-16/libc.a(strncmp.o)
                0x00004ebe                strncmp
 .text          0x00004eee       0x14 /usr/lib/gcc/msp430/4.5.3/../../../../msp430/lib/mmpy-16/libc.a(strcpy.o)
                0x00004eee                strcpy
 .text          0x00004f02       0x2c /usr/lib/gcc/msp430/4.5.3/../../../../msp430/lib/mmpy-16/libc.a(strncpy.o)
                0x00004f02                strncpy
 .text          0x00004f2e      0x104 /usr/lib/gcc/msp430/4.5.3/../../../../msp430/lib/mmpy-16/libc.a(memcpy.o)
                0x00004f2e                memcpy
 .text          0x00005032       0x66 /usr/lib/gcc/msp430/4.5.3/../../../../msp430/lib/mmpy-16/libc.a(memset.o)
                0x00005032                memset
 .text          0x00005098       0x1c /usr/lib/gcc/msp430/4.5.3/../../../../msp430/lib/mmpy-16/libc.a(strcat.o)
                0x00005098                strcat
 .text          0x000050b4       0x80 /usr/lib/gcc/msp430/4.5.3/../../../../msp430/lib/mmpy-16/libc.a(strtok.o)
                0x000050b4                strtok_r
                0x0000512a                strtok
 .text          0x00005134      0x10c /usr/lib/gcc/msp430/4.5.3/../../../../msp430/lib/mmpy-16/libc.a(malloc.o)
                0x00005134                malloc
                0x00005238                free
 .text          0x00005240       0x8a /usr/lib/gcc/msp430/4.5.3/../../../../msp430/lib/mmpy-16/libc.a(atoi.o)
                0x00005240                atoi
 .text          0x000052ca       0x20 /usr/lib/gcc/msp430/4.5.3/../../../../msp430/lib/mmpy-16/libc.a(printf.o)
                0x000052ca                printf
                0x000052dc                vprintf
 .text          0x000052ea       0xbc /usr/lib/gcc/msp430/4.5.3/../../../../msp430/lib/mmpy-16/libc.a(sprintf.o)
                0x00005348                sprintf
                0x00005364                snprintf
                0x0000537e                vsprintf
                0x00005394                vsnprintf
 .text          0x000053a6      0x476 /usr/lib/gcc/msp430/4.5.3/../../../../msp430/lib/mmpy-16/libc.a(vuprintf.o)
                0x000054b2                vuprintf
 .text          0x0000581c       0x2c /usr/lib/gcc/msp430/4.5.3/../../../../msp430/lib/mmpy-16/libc.a(puts.o)
                0x0000581c                puts
 .text          0x00005848      0x134 /usr/lib/gcc/msp430/4.5.3/../../../../msp430/lib/mmpy-16/libc.a(rand.o)
                0x00005848                rand_r
                0x000058dc                rand
                0x00005972                srand
 .text          0x0000597c       0xc0 /usr/lib/gcc/msp430/4.5.3/../../../../msp430/lib/mmpy-16/libc.a(itoa.o)
                0x0000597c                itoa
                0x00005a3c                . = ALIGN (0x2)
 *(.text.*)
 .text.process_thread_matlab_sleep_respond_process
                0x00005a3c       0x32 matlab-sleep-respond.co
 .text.rimeaddr_copy
                0x00005a6e        0xc contiki-sky.a(rimeaddr.o)
                0x00005a6e                rimeaddr_copy
 .text.rimeaddr_cmp
                0x00005a7a       0x1a contiki-sky.a(rimeaddr.o)
                0x00005a7a                rimeaddr_cmp
 .text.rimeaddr_set_node_addr
                0x00005a94       0x10 contiki-sky.a(rimeaddr.o)
                0x00005a94                rimeaddr_set_node_addr
 .text.input    0x00005aa4       0x42 contiki-sky.a(rime.o)
 .text.init     0x00005ae6       0x2e contiki-sky.a(rime.o)
 .text.packet_sent
                0x00005b14       0x44 contiki-sky.a(rime.o)
 .text.rime_output
                0x00005b58       0x28 contiki-sky.a(rime.o)
                0x00005b58                rime_output
 .text.announcement_init
                0x00005b80        0xa contiki-sky.a(announcement.o)
                0x00005b80                announcement_init
 .text.announcement_register
                0x00005b8a       0x3e contiki-sky.a(announcement.o)
                0x00005b8a                announcement_register
 .text.announcement_set_value
                0x00005bc8       0x28 contiki-sky.a(announcement.o)
                0x00005bc8                announcement_set_value
 .text.announcement_bump
                0x00005bf0       0x22 contiki-sky.a(announcement.o)
                0x00005bf0                announcement_bump
 .text.announcement_register_observer_callback
                0x00005c12        0x6 contiki-sky.a(announcement.o)
                0x00005c12                announcement_register_observer_callback
 .text.announcement_list
                0x00005c18        0xa contiki-sky.a(announcement.o)
                0x00005c18                announcement_list
 .text.announcement_heard
                0x00005c22       0x42 contiki-sky.a(announcement.o)
                0x00005c22                announcement_heard
 .text.adv_packet_sent
                0x00005c64        0x2 contiki-sky.a(broadcast-annou)
 .text.adv_packet_received
                0x00005c66       0x6c contiki-sky.a(broadcast-annou)
 .text.set_timers
                0x00005cd2       0x60 contiki-sky.a(broadcast-annou)
 .text.new_announcement
                0x00005d32       0x18 contiki-sky.a(broadcast-annou)
 .text.send_timer
                0x00005d4a       0x38 contiki-sky.a(broadcast-annou)
 .text.send_adv
                0x00005d82       0x66 contiki-sky.a(broadcast-annou)
 .text.broadcast_announcement_init
                0x00005de8       0x48 contiki-sky.a(broadcast-annou)
                0x00005de8                broadcast_announcement_init
 .text.sent_by_abc
                0x00005e30       0x10 contiki-sky.a(broadcast.o)
 .text.recv_from_abc
                0x00005e40       0x20 contiki-sky.a(broadcast.o)
 .text.broadcast_open
                0x00005e60       0x2a contiki-sky.a(broadcast.o)
                0x00005e60                broadcast_open
 .text.broadcast_send
                0x00005e8a       0x1a contiki-sky.a(broadcast.o)
                0x00005e8a                broadcast_send
 .text.abc_open
                0x00005ea4       0x26 contiki-sky.a(abc.o)
                0x00005ea4                abc_open
 .text.abc_send
                0x00005eca        0x6 contiki-sky.a(abc.o)
                0x00005eca                abc_send
 .text.abc_input
                0x00005ed0        0x8 contiki-sky.a(abc.o)
                0x00005ed0                abc_input
 .text.abc_sent
                0x00005ed8       0x10 contiki-sky.a(abc.o)
                0x00005ed8                abc_sent
 .text.chameleon_init
                0x00005ee8        0x6 contiki-sky.a(chameleon.o)
                0x00005ee8                chameleon_init
 .text.chameleon_parse
                0x00005eee       0x10 contiki-sky.a(chameleon.o)
                0x00005eee                chameleon_parse
 .text.chameleon_create
                0x00005efe       0x1c contiki-sky.a(chameleon.o)
                0x00005efe                chameleon_create
 .text.chameleon_hdrsize
                0x00005f1a        0x6 contiki-sky.a(chameleon.o)
                0x00005f1a                chameleon_hdrsize
 .text.channel_init
                0x00005f20        0xa contiki-sky.a(channel.o)
                0x00005f20                channel_init
 .text.channel_open
                0x00005f2a       0x10 contiki-sky.a(channel.o)
                0x00005f2a                channel_open
 .text.channel_lookup
                0x00005f3a       0x20 contiki-sky.a(channel.o)
                0x00005f3a                channel_lookup
 .text.channel_set_attributes
                0x00005f5a       0x24 contiki-sky.a(channel.o)
                0x00005f5a                channel_set_attributes
 .text.header_size
                0x00005f7e       0x16 contiki-sky.a(chameleon-bitop)
 .text.get_bits_in_byte
                0x00005f94       0x30 contiki-sky.a(chameleon-bitop)
                0x00005f94                get_bits_in_byte
 .text.get_bits
                0x00005fc4       0xaa contiki-sky.a(chameleon-bitop)
                0x00005fc4                get_bits
 .text.unpack_header
                0x0000606e       0xde contiki-sky.a(chameleon-bitop)
 .text.set_bits_in_byte
                0x0000614c       0x26 contiki-sky.a(chameleon-bitop)
                0x0000614c                set_bits_in_byte
 .text.set_bits
                0x00006172       0xb0 contiki-sky.a(chameleon-bitop)
                0x00006172                set_bits
 .text.pack_header
                0x00006222       0xb8 contiki-sky.a(chameleon-bitop)
 .text.input_packet
                0x000062da        0x6 contiki-sky.a(csma.o)
 .text.on       0x000062e0        0x6 contiki-sky.a(csma.o)
 .text.off      0x000062e6        0x6 contiki-sky.a(csma.o)
 .text.channel_check_interval
                0x000062ec        0xc contiki-sky.a(csma.o)
 .text.transmit_packet_list
                0x000062f8       0x24 contiki-sky.a(csma.o)
 .text.send_packet
                0x0000631c      0x172 contiki-sky.a(csma.o)
 .text.free_first_packet
                0x0000648e       0x98 contiki-sky.a(csma.o)
 .text.packet_sent
                0x00006526       0xfe contiki-sky.a(csma.o)
 .text.init     0x00006624       0x1a contiki-sky.a(csma.o)
 .text.on       0x0000663e       0x16 contiki-sky.a(contikimac.o)
 .text.off      0x00006654       0x1e contiki-sky.a(contikimac.o)
 .text.recv_burst_off
                0x00006672        0xa contiki-sky.a(contikimac.o)
 .text.turn_off
                0x0000667c       0x20 contiki-sky.a(contikimac.o)
 .text.duty_cycle
                0x0000669c        0x6 contiki-sky.a(contikimac.o)
 .text.turn_on  0x000066a2       0x30 contiki-sky.a(contikimac.o)
 .text.schedule_powercycle_fixed
                0x000066d2       0x4c contiki-sky.a(contikimac.o)
 .text.powercycle_turn_radio_off
                0x0000671e       0x2c contiki-sky.a(contikimac.o)
 .text.powercycle
                0x0000674a      0x1cc contiki-sky.a(contikimac.o)
 .text.input_packet
                0x00006916      0x118 contiki-sky.a(contikimac.o)
 .text.send_packet
                0x00006a2e      0x2e2 contiki-sky.a(contikimac.o)
 .text.qsend_list
                0x00006d10       0x88 contiki-sky.a(contikimac.o)
 .text.qsend_packet
                0x00006d98       0x26 contiki-sky.a(contikimac.o)
 .text.init     0x00006dbe       0x32 contiki-sky.a(contikimac.o)
 .text.send_packet
                0x00006df0       0x44 contiki-sky.a(phase.o)
 .text.find_neighbor
                0x00006e34       0x32 contiki-sky.a(phase.o)
                0x00006e34                find_neighbor
 .text.phase_update
                0x00006e66       0xb8 contiki-sky.a(phase.o)
                0x00006e66                phase_update
 .text.phase_wait
                0x00006f1e      0x114 contiki-sky.a(phase.o)
                0x00006f1e                phase_wait
 .text.phase_init
                0x00007032       0x20 contiki-sky.a(phase.o)
                0x00007032                phase_init
 .text.call_process
                0x00007052       0x4c contiki-sky.a(process.o)
 .text.exit_process
                0x0000709e       0x94 contiki-sky.a(process.o)
 .text.do_poll  0x00007132       0x30 contiki-sky.a(process.o)
 .text.process_alloc_event
                0x00007162        0xe contiki-sky.a(process.o)
                0x00007162                process_alloc_event
 .text.process_exit
                0x00007170        0xa contiki-sky.a(process.o)
                0x00007170                process_exit
 .text.process_init
                0x0000717a       0x1c contiki-sky.a(process.o)
                0x0000717a                process_init
 .text.process_run
                0x00007196       0x9c contiki-sky.a(process.o)
                0x00007196                process_run
 .text.process_nevents
                0x00007232        0xc contiki-sky.a(process.o)
                0x00007232                process_nevents
 .text.process_post
                0x0000723e       0x54 contiki-sky.a(process.o)
                0x0000723e                process_post
 .text.process_post_synch
                0x00007292       0x12 contiki-sky.a(process.o)
                0x00007292                process_post_synch
 .text.process_start
                0x000072a4       0x32 contiki-sky.a(process.o)
                0x000072a4                process_start
 .text.process_poll
                0x000072d6       0x1a contiki-sky.a(process.o)
                0x000072d6                process_poll
 .text.process_is_running
                0x000072f0        0xe contiki-sky.a(process.o)
                0x000072f0                process_is_running
 .text.autostart_start
                0x000072fe       0x18 contiki-sky.a(autostart.o)
                0x000072fe                autostart_start
 .text.compower_accumulate
                0x00007316       0x72 contiki-sky.a(compower.o)
                0x00007316                compower_accumulate
 .text.compower_clear
                0x00007388       0x12 contiki-sky.a(compower.o)
                0x00007388                compower_clear
 .text.compower_attrconv
                0x0000739a       0x10 contiki-sky.a(compower.o)
                0x0000739a                compower_attrconv
 .text.process_thread_serial_line_process
                0x000073aa       0xa6 contiki-sky.a(serial-line.o)
 .text.serial_line_input_byte
                0x00007450       0x46 contiki-sky.a(serial-line.o)
                0x00007450                serial_line_input_byte
 .text.serial_line_init
                0x00007496       0x1c contiki-sky.a(serial-line.o)
                0x00007496                serial_line_init
 .text.memb_init
                0x000074b2       0x36 contiki-sky.a(memb.o)
                0x000074b2                memb_init
 .text.memb_alloc
                0x000074e8       0x3e contiki-sky.a(memb.o)
                0x000074e8                memb_alloc
 .text.memb_free
                0x00007526       0x3a contiki-sky.a(memb.o)
                0x00007526                memb_free
 .text.memb_inmemb
                0x00007560       0x2e contiki-sky.a(memb.o)
                0x00007560                memb_inmemb
 .text.timer_set
                0x0000758e       0x1c contiki-sky.a(timer.o)
                0x0000758e                timer_set
 .text.timer_reset
                0x000075aa        0xe contiki-sky.a(timer.o)
                0x000075aa                timer_reset
 .text.timer_expired
                0x000075b8       0x2e contiki-sky.a(timer.o)
                0x000075b8                timer_expired
 .text.list_init
                0x000075e6        0x6 contiki-sky.a(list.o)
                0x000075e6                list_init
 .text.list_head
                0x000075ec        0x4 contiki-sky.a(list.o)
                0x000075ec                list_head
 .text.list_tail
                0x000075f0       0x14 contiki-sky.a(list.o)
                0x000075f0                list_tail
 .text.list_chop
                0x00007604       0x2a contiki-sky.a(list.o)
                0x00007604                list_chop
 .text.list_pop
                0x0000762e        0xe contiki-sky.a(list.o)
                0x0000762e                list_pop
 .text.list_remove
                0x0000763c       0x2e contiki-sky.a(list.o)
                0x0000763c                list_remove
 .text.list_push
                0x0000766a       0x1a contiki-sky.a(list.o)
                0x0000766a                list_push
 .text.list_add
                0x00007684       0x2a contiki-sky.a(list.o)
                0x00007684                list_add
 .text.list_length
                0x000076ae       0x10 contiki-sky.a(list.o)
                0x000076ae                list_length
 .text.list_insert
                0x000076be       0x16 contiki-sky.a(list.o)
                0x000076be                list_insert
 .text.list_item_next
                0x000076d4        0x8 contiki-sky.a(list.o)
                0x000076d4                list_item_next
 .text.update_time
                0x000076dc       0x78 contiki-sky.a(etimer.o)
 .text.etimer_request_poll
                0x00007754        0xa contiki-sky.a(etimer.o)
                0x00007754                etimer_request_poll
 .text.process_thread_etimer_process
                0x0000775e       0xce contiki-sky.a(etimer.o)
 .text.add_timer
                0x0000782c       0x38 contiki-sky.a(etimer.o)
 .text.etimer_set
                0x00007864       0x12 contiki-sky.a(etimer.o)
                0x00007864                etimer_set
 .text.etimer_reset
                0x00007876       0x12 contiki-sky.a(etimer.o)
                0x00007876                etimer_reset
 .text.etimer_expired
                0x00007888        0xe contiki-sky.a(etimer.o)
                0x00007888                etimer_expired
 .text.etimer_pending
                0x00007896        0xe contiki-sky.a(etimer.o)
                0x00007896                etimer_pending
 .text.etimer_next_expiration_time
                0x000078a4       0x16 contiki-sky.a(etimer.o)
                0x000078a4                etimer_next_expiration_time
 .text.etimer_stop
                0x000078ba       0x3c contiki-sky.a(etimer.o)
                0x000078ba                etimer_stop
 .text.process_thread_ctimer_process
                0x000078f6       0xa4 contiki-sky.a(ctimer.o)
 .text.ctimer_init
                0x0000799a       0x18 contiki-sky.a(ctimer.o)
                0x0000799a                ctimer_init
 .text.ctimer_set
                0x000079b2       0x5a contiki-sky.a(ctimer.o)
                0x000079b2                ctimer_set
 .text.ctimer_reset
                0x00007a0c       0x3a contiki-sky.a(ctimer.o)
                0x00007a0c                ctimer_reset
 .text.ctimer_stop
                0x00007a46       0x28 contiki-sky.a(ctimer.o)
                0x00007a46                ctimer_stop
 .text.energest_init
                0x00007a6e       0x2a contiki-sky.a(energest.o)
                0x00007a6e                energest_init
 .text.energest_type_time
                0x00007a98       0x44 contiki-sky.a(energest.o)
                0x00007a98                energest_type_time
 .text.energest_type_set
                0x00007adc        0xe contiki-sky.a(energest.o)
                0x00007adc                energest_type_set
 .text.energest_flush
                0x00007aea       0x4a contiki-sky.a(energest.o)
                0x00007aea                energest_flush
 .text.rtimer_init
                0x00007b34        0x6 contiki-sky.a(rtimer.o)
                0x00007b34                rtimer_init
 .text.rtimer_set
                0x00007b3a       0x24 contiki-sky.a(rtimer.o)
                0x00007b3a                rtimer_set
 .text.rtimer_run_next
                0x00007b5e       0x26 contiki-sky.a(rtimer.o)
                0x00007b5e                rtimer_run_next
 .text.random_init
                0x00007b84        0x6 contiki-sky.a(random.o)
                0x00007b84                random_init
 .text.random_rand
                0x00007b8a        0x6 contiki-sky.a(random.o)
                0x00007b8a                random_rand
 .text.ringbuf_init
                0x00007b90       0x14 contiki-sky.a(ringbuf.o)
                0x00007b90                ringbuf_init
 .text.ringbuf_put
                0x00007ba4       0x3c contiki-sky.a(ringbuf.o)
                0x00007ba4                ringbuf_put
 .text.ringbuf_get
                0x00007be0       0x32 contiki-sky.a(ringbuf.o)
                0x00007be0                ringbuf_get
 .text.packetbuf_copyto_hdr
                0x00007c12       0x1c contiki-sky.a(packetbuf.o)
                0x00007c12                packetbuf_copyto_hdr
 .text.packetbuf_copyto
                0x00007c2e       0x52 contiki-sky.a(packetbuf.o)
                0x00007c2e                packetbuf_copyto
 .text.packetbuf_hdr_remove
                0x00007c80        0x6 contiki-sky.a(packetbuf.o)
                0x00007c80                packetbuf_hdr_remove
 .text.packetbuf_hdrreduce
                0x00007c86       0x1a contiki-sky.a(packetbuf.o)
                0x00007c86                packetbuf_hdrreduce
 .text.packetbuf_set_datalen
                0x00007ca0        0x6 contiki-sky.a(packetbuf.o)
                0x00007ca0                packetbuf_set_datalen
 .text.packetbuf_dataptr
                0x00007ca6        0xa contiki-sky.a(packetbuf.o)
                0x00007ca6                packetbuf_dataptr
 .text.packetbuf_hdrptr
                0x00007cb0        0xa contiki-sky.a(packetbuf.o)
                0x00007cb0                packetbuf_hdrptr
 .text.packetbuf_is_reference
                0x00007cba        0xe contiki-sky.a(packetbuf.o)
                0x00007cba                packetbuf_is_reference
 .text.packetbuf_compact
                0x00007cc8       0x48 contiki-sky.a(packetbuf.o)
                0x00007cc8                packetbuf_compact
 .text.packetbuf_reference_ptr
                0x00007d10        0x6 contiki-sky.a(packetbuf.o)
                0x00007d10                packetbuf_reference_ptr
 .text.packetbuf_datalen
                0x00007d16        0x6 contiki-sky.a(packetbuf.o)
                0x00007d16                packetbuf_datalen
 .text.packetbuf_totlen
                0x00007d1c       0x10 contiki-sky.a(packetbuf.o)
                0x00007d1c                packetbuf_totlen
 .text.packetbuf_hdralloc
                0x00007d2c       0x2e contiki-sky.a(packetbuf.o)
                0x00007d2c                packetbuf_hdralloc
 .text.packetbuf_attr_clear
                0x00007d5a       0x2e contiki-sky.a(packetbuf.o)
                0x00007d5a                packetbuf_attr_clear
 .text.packetbuf_clear
                0x00007d88       0x20 contiki-sky.a(packetbuf.o)
                0x00007d88                packetbuf_clear
 .text.packetbuf_copyfrom
                0x00007da8       0x2e contiki-sky.a(packetbuf.o)
                0x00007da8                packetbuf_copyfrom
 .text.packetbuf_attr_copyto
                0x00007dd6       0x20 contiki-sky.a(packetbuf.o)
                0x00007dd6                packetbuf_attr_copyto
 .text.packetbuf_attr_copyfrom
                0x00007df6       0x2c contiki-sky.a(packetbuf.o)
                0x00007df6                packetbuf_attr_copyfrom
 .text.queuebuf_init
                0x00007e22       0x1a contiki-sky.a(queuebuf.o)
                0x00007e22                queuebuf_init
 .text.queuebuf_new_from_packetbuf
                0x00007e3c       0x80 contiki-sky.a(queuebuf.o)
                0x00007e3c                queuebuf_new_from_packetbuf
 .text.queuebuf_update_attr_from_packetbuf
                0x00007ebc       0x12 contiki-sky.a(queuebuf.o)
                0x00007ebc                queuebuf_update_attr_from_packetbuf
 .text.queuebuf_free
                0x00007ece       0x46 contiki-sky.a(queuebuf.o)
                0x00007ece                queuebuf_free
 .text.queuebuf_to_packetbuf
                0x00007f14       0x70 contiki-sky.a(queuebuf.o)
                0x00007f14                queuebuf_to_packetbuf
 .text.queuebuf_dataptr
                0x00007f84       0x34 contiki-sky.a(queuebuf.o)
                0x00007f84                queuebuf_dataptr
 .text.process_thread_serial_shell_process
                0x00007fb8       0x4e contiki-sky.a(serial-shell.o)
 .text.shell_default_output
                0x00008006       0x22 contiki-sky.a(serial-shell.o)
                0x00008006                shell_default_output
 .text.shell_exit
                0x00008028        0x2 contiki-sky.a(serial-shell.o)
                0x00008028                shell_exit
 .text.serial_shell_init
                0x0000802a        0xc contiki-sky.a(serial-shell.o)
                0x0000802a                serial_shell_init
 .text.shell_global_sensor_init
                0x00008036        0xa contiki-sky.a(global-sensor.o)
                0x00008036                shell_global_sensor_init
 .text.shell_datatochar
                0x00008040       0x14 contiki-sky.a(global-sensor.o)
                0x00008040                shell_datatochar
 .text.process_thread_shell_sensor_select_process
                0x00008054       0x64 contiki-sky.a(global-sensor.o)
 .text.sensor_init
                0x000080b8       0x46 contiki-sky.a(global-sensor.o)
                0x000080b8                sensor_init
 .text.sensor_uinit
                0x000080fe       0x46 contiki-sky.a(global-sensor.o)
                0x000080fe                sensor_uinit
 .text.sensor_read
                0x00008144       0x3e contiki-sky.a(global-sensor.o)
                0x00008144                sensor_read
 .text.sent_runicast
                0x00008182        0x2 contiki-sky.a(matlab-response)
 .text.timedout_runicast
                0x00008184        0x2 contiki-sky.a(matlab-response)
 .text.broadcast_recv
                0x00008186       0x14 contiki-sky.a(matlab-response)
 .text.recv_runicast
                0x0000819a       0xc6 contiki-sky.a(matlab-response)
 .text.transmit_runicast
                0x00008260       0x40 contiki-sky.a(matlab-response)
                0x00008260                transmit_runicast
 .text.open_runicast
                0x000082a0       0x12 contiki-sky.a(matlab-response)
                0x000082a0                open_runicast
 .text.transmit_broadcast
                0x000082b2       0x1c contiki-sky.a(matlab-response)
                0x000082b2                transmit_broadcast
 .text.process_thread_sink_handler_process
                0x000082ce       0xc4 contiki-sky.a(matlab-response)
 .text.open_broadcast
                0x00008392       0x12 contiki-sky.a(matlab-response)
                0x00008392                open_broadcast
 .text.parse_sleep_value
                0x000083a4       0xd0 contiki-sky.a(matlab-response)
                0x000083a4                parse_sleep_value
 .text.process_thread_node_read_process
                0x00008474       0xdc contiki-sky.a(matlab-response)
 .text.shell_matlab_response_protocol_init
                0x00008550       0x12 contiki-sky.a(matlab-response)
                0x00008550                shell_matlab_response_protocol_init
 .text.process_thread_shell_null_process
                0x00008562       0x40 contiki-sky.a(shell.o)
 .text.process_thread_shell_exit_process
                0x000085a2       0x1a contiki-sky.a(shell.o)
 .text.input_to_child_command.clone.0
                0x000085bc       0x46 contiki-sky.a(shell.o)
 .text.shell_input
                0x00008602       0x5e contiki-sky.a(shell.o)
                0x00008602                shell_input
 .text.shell_output_str
                0x00008660       0x68 contiki-sky.a(shell.o)
                0x00008660                shell_output_str
 .text.command_kill
                0x000086c8       0x24 contiki-sky.a(shell.o)
 .text.killall  0x000086ec       0x30 contiki-sky.a(shell.o)
 .text.process_thread_shell_killall_process
                0x0000871c       0x1a contiki-sky.a(shell.o)
 .text.process_thread_shell_kill_process
                0x00008736       0x8e contiki-sky.a(shell.o)
 .text.process_thread_help_command_process
                0x000087c4       0x4c contiki-sky.a(shell.o)
 .text.start_command
                0x00008810      0x170 contiki-sky.a(shell.o)
 .text.shell_start_command
                0x00008980       0x4c contiki-sky.a(shell.o)
                0x00008980                shell_start_command
 .text.process_thread_shell_process
                0x000089cc       0xae contiki-sky.a(shell.o)
 .text.shell_output
                0x00008a7a       0x42 contiki-sky.a(shell.o)
                0x00008a7a                shell_output
 .text.shell_register_command
                0x00008abc       0x62 contiki-sky.a(shell.o)
                0x00008abc                shell_register_command
 .text.shell_init
                0x00008b1e       0x68 contiki-sky.a(shell.o)
                0x00008b1e                shell_init
 .text.shell_strtolong
                0x00008b86       0xa4 contiki-sky.a(shell.o)
                0x00008b86                shell_strtolong
 .text.shell_time
                0x00008c2a        0xe contiki-sky.a(shell.o)
                0x00008c2a                shell_time
 .text.shell_set_time
                0x00008c38       0x22 contiki-sky.a(shell.o)
                0x00008c38                shell_set_time
 .text.process_thread_shell_server_process
                0x00008c5a       0xa4 contiki-sky.a(shell.o)
 .text.process_thread_shell_packetize_process
                0x00008cfe       0xec contiki-sky.a(shell-rime.o)
 .text.process_thread_shell_routes_process
                0x00008dea       0x9a contiki-sky.a(shell-rime.o)
 .text.process_thread_shell_collect_process
                0x00008e84       0x48 contiki-sky.a(shell-rime.o)
 .text.process_thread_shell_mac_process
                0x00008ecc       0x6e contiki-sky.a(shell-rime.o)
 .text.process_thread_shell_send_process
                0x00008f3a       0xca contiki-sky.a(shell-rime.o)
 .text.recv_collect
                0x00009004       0xb0 contiki-sky.a(shell-rime.o)
 .text.shell_rime_init
                0x000090b4       0x4a contiki-sky.a(shell-rime.o)
                0x000090b4                shell_rime_init
 .text.process_thread_shell_size_process
                0x000090fe       0xae contiki-sky.a(shell-text.o)
 .text.process_thread_shell_hd_process
                0x000091ac      0x192 contiki-sky.a(shell-text.o)
 .text.process_thread_shell_binprint_process
                0x0000933e      0x192 contiki-sky.a(shell-text.o)
 .text.process_thread_shell_echo_process
                0x000094d0       0x3c contiki-sky.a(shell-text.o)
 .text.shell_text_init
                0x0000950c       0x22 contiki-sky.a(shell-text.o)
                0x0000950c                shell_text_init
 .text.repeat_print_usage
                0x0000952e       0x12 contiki-sky.a(shell-time.o)
 .text.process_thread_shell_randwait_process
                0x00009540      0x14c contiki-sky.a(shell-time.o)
 .text.process_thread_shell_repeat_server_process
                0x0000968c       0x9c contiki-sky.a(shell-time.o)
 .text.process_thread_shell_repeat_process
                0x00009728      0x16e contiki-sky.a(shell-time.o)
 .text.process_thread_shell_timestamp_process
                0x00009896       0xb4 contiki-sky.a(shell-time.o)
 .text.process_thread_shell_time_process
                0x0000994a       0x7e contiki-sky.a(shell-time.o)
 .text.shell_time_init
                0x000099c8       0x22 contiki-sky.a(shell-time.o)
                0x000099c8                shell_time_init
 .text.process_thread_shell_rfchannel_process
                0x000099ea       0x5e contiki-sky.a(shell-sky.o)
 .text.process_thread_shell_txpower_process
                0x00009a48       0x5e contiki-sky.a(shell-sky.o)
 .text.process_thread_shell_senseconv_process
                0x00009aa6      0x222 contiki-sky.a(shell-sky.o)
 .text.do_rssi  0x00009cc8       0xaa contiki-sky.a(shell-sky.o)
 .text.process_thread_shell_sense_process
                0x00009d72       0xda contiki-sky.a(shell-sky.o)
 .text.process_thread_shell_nodeid_process
                0x00009e4c       0x8a contiki-sky.a(shell-sky.o)
 .text.shell_sky_init
                0x00009ed6       0x2a contiki-sky.a(shell-sky.o)
                0x00009ed6                shell_sky_init
 .text.init_platform
                0x00009f00        0xc contiki-sky.a(contiki-sky-pla)
                0x00009f00                init_platform
 .text.status   0x00009f0c       0x1a contiki-sky.a(sht11-sensor.o)
 .text.configure
                0x00009f26       0x40 contiki-sky.a(sht11-sensor.o)
 .text.value    0x00009f66       0x30 contiki-sky.a(sht11-sensor.o)
 .text.value    0x00009f96       0x1a contiki-sky.a(light-sensor.o)
 .text.status   0x00009fb0        0xc contiki-sky.a(light-sensor.o)
 .text.configure
                0x00009fbc       0x10 contiki-sky.a(light-sensor.o)
 .text.value    0x00009fcc        0x6 contiki-sky.a(battery-sensor.)
 .text.status   0x00009fd2        0xc contiki-sky.a(battery-sensor.)
 .text.configure
                0x00009fde       0x12 contiki-sky.a(battery-sensor.)
 .text.status   0x00009ff0       0x16 contiki-sky.a(button-sensor.o)
 .text.configure
                0x0000a006       0x4a contiki-sky.a(button-sensor.o)
 .text.value    0x0000a050       0x26 contiki-sky.a(button-sensor.o)
 .text.irq_p2   0x0000a076       0x92 contiki-sky.a(button-sensor.o)
                0x0000a076                irq_p2
                0x0000a076                __isr_1
 .text.crc8_add
                0x0000a108       0x1a contiki-sky.a(ds2411.o)
 .text.owreadb  0x0000a122       0x56 contiki-sky.a(ds2411.o)
 .text.ds2411_init
                0x0000a178      0x10a contiki-sky.a(ds2411.o)
                0x0000a178                ds2411_init
 .text.write_enable
                0x0000a282       0x28 contiki-sky.a(xmem.o)
 .text.wait_ready
                0x0000a2aa       0x4e contiki-sky.a(xmem.o)
 .text.xmem_init
                0x0000a2f8       0x3c contiki-sky.a(xmem.o)
                0x0000a2f8                xmem_init
 .text.xmem_pread
                0x0000a334       0xdc contiki-sky.a(xmem.o)
                0x0000a334                xmem_pread
 .text.xmem_pwrite
                0x0000a410      0x13e contiki-sky.a(xmem.o)
                0x0000a410                xmem_pwrite
 .text.xmem_erase
                0x0000a54e       0xaa contiki-sky.a(xmem.o)
                0x0000a54e                xmem_erase
 .text.node_id_restore
                0x0000a5f8       0x38 contiki-sky.a(node-id.o)
                0x0000a5f8                node_id_restore
 .text.node_id_burn
                0x0000a630       0x36 contiki-sky.a(node-id.o)
                0x0000a630                node_id_burn
 .text.get_sensor_index
                0x0000a666       0x22 contiki-sky.a(sensors.o)
 .text.process_thread_sensors_process
                0x0000a688       0xc2 contiki-sky.a(sensors.o)
 .text.sensors_changed
                0x0000a74a       0x14 contiki-sky.a(sensors.o)
                0x0000a74a                sensors_changed
 .text.strobe   0x0000a75e       0x1e contiki-sky.a(cc2420.o)
 .text.status   0x0000a77c       0x24 contiki-sky.a(cc2420.o)
 .text.getreg   0x0000a7a0       0x50 contiki-sky.a(cc2420.o)
 .text.setreg   0x0000a7f0       0x48 contiki-sky.a(cc2420.o)
 .text.set_txpower
                0x0000a838       0x2a contiki-sky.a(cc2420.o)
 .text.cc2420_receiving_packet
                0x0000a862       0x10 contiki-sky.a(cc2420.o)
 .text.pending_packet
                0x0000a872        0x8 contiki-sky.a(cc2420.o)
 .text.on       0x0000a87a       0x46 contiki-sky.a(cc2420.o)
 .text.flushrx  0x0000a8c0       0x74 contiki-sky.a(cc2420.o)
 .text.off      0x0000a934       0x78 contiki-sky.a(cc2420.o)
 .text.RELEASE_LOCK
                0x0000a9ac       0x28 contiki-sky.a(cc2420.o)
 .text.cc2420_prepare
                0x0000a9d4       0x8a contiki-sky.a(cc2420.o)
 .text.cc2420_on
                0x0000aa5e       0x22 contiki-sky.a(cc2420.o)
                0x0000aa5e                cc2420_on
 .text.cc2420_off
                0x0000aa80       0x30 contiki-sky.a(cc2420.o)
                0x0000aa80                cc2420_off
 .text.cc2420_cca
                0x0000aab0       0x7a contiki-sky.a(cc2420.o)
 .text.getrxdata
                0x0000ab2a       0x4e contiki-sky.a(cc2420.o)
 .text.cc2420_read
                0x0000ab78      0x11a contiki-sky.a(cc2420.o)
 .text.process_thread_cc2420_process
                0x0000ac92       0x50 contiki-sky.a(cc2420.o)
 .text.cc2420_get_channel
                0x0000ace2        0x6 contiki-sky.a(cc2420.o)
                0x0000ace2                cc2420_get_channel
 .text.cc2420_set_channel
                0x0000ace8       0x7a contiki-sky.a(cc2420.o)
                0x0000ace8                cc2420_set_channel
 .text.cc2420_set_pan_addr
                0x0000ad62      0x13a contiki-sky.a(cc2420.o)
                0x0000ad62                cc2420_set_pan_addr
 .text.cc2420_init
                0x0000ae9c       0xd4 contiki-sky.a(cc2420.o)
                0x0000ae9c                cc2420_init
 .text.cc2420_interrupt
                0x0000af70       0x20 contiki-sky.a(cc2420.o)
                0x0000af70                cc2420_interrupt
 .text.cc2420_set_txpower
                0x0000af90        0xe contiki-sky.a(cc2420.o)
                0x0000af90                cc2420_set_txpower
 .text.cc2420_get_txpower
                0x0000af9e       0x1e contiki-sky.a(cc2420.o)
                0x0000af9e                cc2420_get_txpower
 .text.cc2420_transmit
                0x0000afbc      0x1ac contiki-sky.a(cc2420.o)
 .text.cc2420_send
                0x0000b168       0x12 contiki-sky.a(cc2420.o)
 .text.cc2420_rssi
                0x0000b17a       0x64 contiki-sky.a(cc2420.o)
                0x0000b17a                cc2420_rssi
 .text.cc2420_port1_interrupt
                0x0000b1de       0x6a contiki-sky.a(cc2420-arch.o)
                0x0000b1de                __isr_4
                0x0000b1de                cc2420_port1_interrupt
 .text.cc2420_arch_init
                0x0000b248       0x1a contiki-sky.a(cc2420-arch.o)
                0x0000b248                cc2420_arch_init
 .text.sky_sensors_status
                0x0000b262       0x3c contiki-sky.a(sky-sensors.o)
                0x0000b262                sky_sensors_status
 .text.sky_sensors_configure
                0x0000b29e       0xf6 contiki-sky.a(sky-sensors.o)
                0x0000b29e                sky_sensors_configure
 .text.handle_rxdma_timer
                0x0000b394       0x42 contiki-sky.a(uart1.o)
 .text.uart1_active
                0x0000b3d6       0x18 contiki-sky.a(uart1.o)
                0x0000b3d6                uart1_active
 .text.uart1_set_input
                0x0000b3ee       0x20 contiki-sky.a(uart1.o)
                0x0000b3ee                uart1_set_input
 .text.uart1_writeb
                0x0000b40e       0x1a contiki-sky.a(uart1.o)
                0x0000b40e                uart1_writeb
 .text.uart1_init
                0x0000b428       0xee contiki-sky.a(uart1.o)
                0x0000b428                uart1_init
 .text.putchar  0x0000b516        0xe contiki-sky.a(uart1-putchar.o)
                0x0000b516                putchar
 .text.msp430_init_dco
                0x0000b524       0x74 contiki-sky.a(msp430.o)
                0x0000b524                msp430_init_dco
 .text.msp430_add_lpm_req
                0x0000b598        0xa contiki-sky.a(msp430.o)
                0x0000b598                msp430_add_lpm_req
 .text.msp430_cpu_init
                0x0000b5a2       0x2a contiki-sky.a(msp430.o)
                0x0000b5a2                msp430_cpu_init
 .text.splhigh_
                0x0000b5cc        0x8 contiki-sky.a(msp430.o)
                0x0000b5cc                splhigh_
 .text.msp430_sync_dco
                0x0000b5d4       0x60 contiki-sky.a(msp430.o)
                0x0000b5d4                msp430_sync_dco
 .text.timera1  0x0000b634       0xee contiki-sky.a(clock.o)
                0x0000b634                __isr_5
                0x0000b634                timera1
 .text.clock_time
                0x0000b722       0x1a contiki-sky.a(clock.o)
                0x0000b722                clock_time
 .text.clock_init
                0x0000b73c       0x28 contiki-sky.a(clock.o)
                0x0000b73c                clock_init
 .text.clock_delay
                0x0000b764        0xc contiki-sky.a(clock.o)
                0x0000b764                clock_delay
 .text.clock_seconds
                0x0000b770       0x1a contiki-sky.a(clock.o)
                0x0000b770                clock_seconds
 .text.show_leds
                0x0000b78a      0x10c contiki-sky.a(leds.o)
 .text.leds_init
                0x0000b896        0xe contiki-sky.a(leds.o)
                0x0000b896                leds_init
 .text.leds_on  0x0000b8a4       0x14 contiki-sky.a(leds.o)
                0x0000b8a4                leds_on
 .text.leds_off
                0x0000b8b8       0x14 contiki-sky.a(leds.o)
                0x0000b8b8                leds_off
 .text.leds_arch_init
                0x0000b8cc        0xe contiki-sky.a(leds-arch.o)
                0x0000b8cc                leds_arch_init
 .text.leds_arch_set
                0x0000b8da       0x3a contiki-sky.a(leds-arch.o)
                0x0000b8da                leds_arch_set
 .text.watchdog_interrupt
                0x0000b914        0x6 contiki-sky.a(watchdog.o)
                0x0000b914                __isr_10
                0x0000b914                watchdog_interrupt
 .text.watchdog_start
                0x0000b91a       0x14 contiki-sky.a(watchdog.o)
                0x0000b91a                watchdog_start
 .text.watchdog_periodic
                0x0000b92e       0x12 contiki-sky.a(watchdog.o)
                0x0000b92e                watchdog_periodic
 .text.watchdog_stop
                0x0000b940       0x16 contiki-sky.a(watchdog.o)
                0x0000b940                watchdog_stop
 .text.watchdog_init
                0x0000b956       0x14 contiki-sky.a(watchdog.o)
                0x0000b956                watchdog_init
 .text.rtimer_arch_init
                0x0000b96a        0xe contiki-sky.a(rtimer-arch.o)
                0x0000b96a                rtimer_arch_init
 .text.rtimer_arch_now
                0x0000b978        0xe contiki-sky.a(rtimer-arch.o)
                0x0000b978                rtimer_arch_now
 .text.timera0  0x0000b986       0x76 contiki-sky.a(rtimer-arch.o)
                0x0000b986                __isr_6
                0x0000b986                timera0
 .text.rtimer_arch_schedule
                0x0000b9fc        0x6 contiki-sky.a(rtimer-arch.o)
                0x0000b9fc                rtimer_arch_schedule
 .text.sent_by_stunicast
                0x0000ba02       0x72 contiki-sky.a(runicast.o)
 .text.recv_from_stunicast
                0x0000ba74       0xc4 contiki-sky.a(runicast.o)
 .text.runicast_open
                0x0000bb38       0x36 contiki-sky.a(runicast.o)
                0x0000bb38                runicast_open
 .text.runicast_is_transmitting
                0x0000bb6e        0x6 contiki-sky.a(runicast.o)
                0x0000bb6e                runicast_is_transmitting
 .text.runicast_send
                0x0000bb74       0x50 contiki-sky.a(runicast.o)
                0x0000bb74                runicast_send
 .text.route_num
                0x0000bbc4       0x1e contiki-sky.a(route.o)
                0x0000bbc4                route_num
 .text.route_get
                0x0000bbe2       0x26 contiki-sky.a(route.o)
                0x0000bbe2                route_get
 .text.send_packet
                0x0000bc08       0x3a contiki-sky.a(collect.o)
 .text.send_queued_packet
                0x0000bc42       0xc0 contiki-sky.a(collect.o)
 .text.update_rtmetric
                0x0000bd02       0xf6 contiki-sky.a(collect.o)
 .text.send_next_packet
                0x0000bdf8       0x2c contiki-sky.a(collect.o)
 .text.set_keepalive_timer
                0x0000be24       0x6e contiki-sky.a(collect.o)
 .text.timedout
                0x0000be92       0x6a contiki-sky.a(collect.o)
 .text.retransmit_callback
                0x0000befc       0xd2 contiki-sky.a(collect.o)
 .text.retransmit_not_sent_callback
                0x0000bfce        0xc contiki-sky.a(collect.o)
 .text.node_packet_sent
                0x0000bfda       0x50 contiki-sky.a(collect.o)
 .text.enqueue_dummy_packet
                0x0000c02a       0x78 contiki-sky.a(collect.o)
 .text.send_keepalive
                0x0000c0a2       0x38 contiki-sky.a(collect.o)
 .text.add_packet_to_recent_packets
                0x0000c0da       0x4c contiki-sky.a(collect.o)
 .text.send_ack
                0x0000c126       0x7a contiki-sky.a(collect.o)
 .text.node_packet_received
                0x0000c1a0      0x2ce contiki-sky.a(collect.o)
 .text.proactive_probing_callback
                0x0000c46e       0xe6 contiki-sky.a(collect.o)
 .text.received_announcement
                0x0000c554       0x98 contiki-sky.a(collect.o)
 .text.collect_open
                0x0000c5ec       0xde contiki-sky.a(collect.o)
                0x0000c5ec                collect_open
 .text.collect_set_keepalive
                0x0000c6ca        0xe contiki-sky.a(collect.o)
                0x0000c6ca                collect_set_keepalive
 .text.collect_set_sink
                0x0000c6d8       0x6c contiki-sky.a(collect.o)
                0x0000c6d8                collect_set_sink
 .text.collect_send
                0x0000c744       0xf6 contiki-sky.a(collect.o)
                0x0000c744                collect_send
 .text.periodic
                0x0000c83a       0x8e contiki-sky.a(collect-neighbo)
 .text.collect_neighbor_init
                0x0000c8c8       0x14 contiki-sky.a(collect-neighbo)
                0x0000c8c8                collect_neighbor_init
 .text.collect_neighbor_list_new
                0x0000c8dc       0x32 contiki-sky.a(collect-neighbo)
                0x0000c8dc                collect_neighbor_list_new
 .text.collect_neighbor_list_find
                0x0000c90e       0x32 contiki-sky.a(collect-neighbo)
                0x0000c90e                collect_neighbor_list_find
 .text.collect_neighbor_list_add
                0x0000c940       0xaa contiki-sky.a(collect-neighbo)
                0x0000c940                collect_neighbor_list_add
 .text.collect_neighbor_list
                0x0000c9ea        0x6 contiki-sky.a(collect-neighbo)
                0x0000c9ea                collect_neighbor_list
 .text.collect_neighbor_update_rtmetric
                0x0000c9f0        0xe contiki-sky.a(collect-neighbo)
                0x0000c9f0                collect_neighbor_update_rtmetric
 .text.collect_neighbor_tx_fail
                0x0000c9fe       0x18 contiki-sky.a(collect-neighbo)
                0x0000c9fe                collect_neighbor_tx_fail
 .text.collect_neighbor_tx
                0x0000ca16       0x18 contiki-sky.a(collect-neighbo)
                0x0000ca16                collect_neighbor_tx
 .text.collect_neighbor_rtmetric_link_estimate
                0x0000ca2e       0x14 contiki-sky.a(collect-neighbo)
                0x0000ca2e                collect_neighbor_rtmetric_link_estimate
 .text.collect_neighbor_list_best
                0x0000ca42       0x42 contiki-sky.a(collect-neighbo)
                0x0000ca42                collect_neighbor_list_best
 .text.collect_neighbor_rtmetric
                0x0000ca84        0x6 contiki-sky.a(collect-neighbo)
                0x0000ca84                collect_neighbor_rtmetric
 .text.collect_neighbor_set_congested
                0x0000ca8a       0x10 contiki-sky.a(collect-neighbo)
                0x0000ca8a                collect_neighbor_set_congested
 .text.collect_link_estimate_new
                0x0000ca9a        0xe contiki-sky.a(collect-link-es)
                0x0000ca9a                collect_link_estimate_new
 .text.collect_link_estimate_update_tx
                0x0000caa8       0x8e contiki-sky.a(collect-link-es)
                0x0000caa8                collect_link_estimate_update_tx
 .text.collect_link_estimate_update_tx_fail
                0x0000cb36        0x8 contiki-sky.a(collect-link-es)
                0x0000cb36                collect_link_estimate_update_tx_fail
 .text.collect_link_estimate
                0x0000cb3e       0x10 contiki-sky.a(collect-link-es)
                0x0000cb3e                collect_link_estimate
 .text.collect_link_estimate_num_estimates
                0x0000cb4e        0xa contiki-sky.a(collect-link-es)
                0x0000cb4e                collect_link_estimate_num_estimates
 .text.mac_call_sent_callback
                0x0000cb58       0x14 contiki-sky.a(mac.o)
                0x0000cb58                mac_call_sent_callback
 .text.parse    0x0000cb6c       0xa8 contiki-sky.a(framer-802154.o)
 .text.create   0x0000cc14      0x10e contiki-sky.a(framer-802154.o)
 .text.crc16_add
                0x0000cd22       0x50 contiki-sky.a(crc16.o)
                0x0000cd22                crc16_add
 .text.crc16_data
                0x0000cd72       0x28 contiki-sky.a(crc16.o)
                0x0000cd72                crc16_data
 .text.remove_queued_packet
                0x0000cd9a       0x36 contiki-sky.a(packetqueue.o)
 .text.packetqueue_enqueue_packetbuf
                0x0000cdd0       0x80 contiki-sky.a(packetqueue.o)
                0x0000cdd0                packetqueue_enqueue_packetbuf
 .text.packetqueue_first
                0x0000ce50        0xa contiki-sky.a(packetqueue.o)
                0x0000ce50                packetqueue_first
 .text.packetqueue_dequeue
                0x0000ce5a       0x40 contiki-sky.a(packetqueue.o)
                0x0000ce5a                packetqueue_dequeue
 .text.packetqueue_len
                0x0000ce9a        0xa contiki-sky.a(packetqueue.o)
                0x0000ce9a                packetqueue_len
 .text.packetqueue_queuebuf
                0x0000cea4        0xa contiki-sky.a(packetqueue.o)
                0x0000cea4                packetqueue_queuebuf
 .text.rev8bits
                0x0000ceae       0x2c contiki-sky.a(sht11.o)
 .text.crc8_add
                0x0000ceda       0x1c contiki-sky.a(sht11.o)
 .text.sstart   0x0000cef6       0x3e contiki-sky.a(sht11.o)
 .text.swrite   0x0000cf34       0x52 contiki-sky.a(sht11.o)
 .text.sread    0x0000cf86       0x4e contiki-sky.a(sht11.o)
 .text.sreset   0x0000cfd4       0x2a contiki-sky.a(sht11.o)
 .text.scmd     0x0000cffe       0x9c contiki-sky.a(sht11.o)
 .text.sht11_init
                0x0000d09a       0x14 contiki-sky.a(sht11.o)
                0x0000d09a                sht11_init
 .text.sht11_off
                0x0000d0ae       0x14 contiki-sky.a(sht11.o)
                0x0000d0ae                sht11_off
 .text.sht11_temp
                0x0000d0c2        0xa contiki-sky.a(sht11.o)
                0x0000d0c2                sht11_temp
 .text.sht11_humidity
                0x0000d0cc        0xa contiki-sky.a(sht11.o)
                0x0000d0cc                sht11_humidity
 .text.sht11_sreg
                0x0000d0d6       0x54 contiki-sky.a(sht11.o)
                0x0000d0d6                sht11_sreg
 .text.spi_init
                0x0000d12a       0x32 contiki-sky.a(spi.o)
                0x0000d12a                spi_init
 .text.sent_by_broadcast
                0x0000d15c       0x10 contiki-sky.a(unicast.o)
 .text.recv_from_broadcast
                0x0000d16c       0x28 contiki-sky.a(unicast.o)
 .text.unicast_open
                0x0000d194       0x2a contiki-sky.a(unicast.o)
                0x0000d194                unicast_open
 .text.unicast_send
                0x0000d1be       0x16 contiki-sky.a(unicast.o)
                0x0000d1be                unicast_send
 .text.recv_from_uc
                0x0000d1d4        0xe contiki-sky.a(stunicast.o)
 .text.sent_by_uc
                0x0000d1e2       0x10 contiki-sky.a(stunicast.o)
 .text.stunicast_open
                0x0000d1f2       0x1a contiki-sky.a(stunicast.o)
                0x0000d1f2                stunicast_open
 .text.stunicast_receiver
                0x0000d20c        0x6 contiki-sky.a(stunicast.o)
                0x0000d20c                stunicast_receiver
 .text.stunicast_set_timer
                0x0000d212       0x12 contiki-sky.a(stunicast.o)
                0x0000d212                stunicast_set_timer
 .text.send     0x0000d224       0x2c contiki-sky.a(stunicast.o)
 .text.stunicast_send_stubborn
                0x0000d250       0x64 contiki-sky.a(stunicast.o)
                0x0000d250                stunicast_send_stubborn
 .text.stunicast_send
                0x0000d2b4        0x6 contiki-sky.a(stunicast.o)
                0x0000d2b4                stunicast_send
 .text.stunicast_cancel
                0x0000d2ba       0x20 contiki-sky.a(stunicast.o)
                0x0000d2ba                stunicast_cancel
 .text.field_len
                0x0000d2da       0x98 contiki-sky.a(frame802154.o)
 .text.frame802154_hdrlen
                0x0000d372       0x26 contiki-sky.a(frame802154.o)
                0x0000d372                frame802154_hdrlen
 .text.frame802154_create
                0x0000d398      0x16c contiki-sky.a(frame802154.o)
                0x0000d398                frame802154_create
 .text.frame802154_parse
                0x0000d504      0x1a0 contiki-sky.a(frame802154.o)
                0x0000d504                frame802154_parse
 .text.libgcc   0x0000d6a4       0x20 /usr/lib/gcc/msp430/4.5.3/mmpy-16/libgcc.a(_mulsi3.o)
                0x0000d6a4                __mulsi3
 .text.libgcc   0x0000d6c4       0x1c /usr/lib/gcc/msp430/4.5.3/mmpy-16/libgcc.a(_udivmodhi4.o)
                0x0000d6c4                __udivmodhi4
 .text.libgcc   0x0000d6e0       0x36 /usr/lib/gcc/msp430/4.5.3/mmpy-16/libgcc.a(_divmodhi4.o)
                0x0000d6e0                __divmodhi4
 .text.libgcc   0x0000d716       0x2a /usr/lib/gcc/msp430/4.5.3/mmpy-16/libgcc.a(_udivmodsi4.o)
                0x0000d716                __udivmodsi4
 .text.libgcc   0x0000d740       0x4a /usr/lib/gcc/msp430/4.5.3/mmpy-16/libgcc.a(_divmodsi4.o)
                0x0000d740                __divmodsi4
 .text.crt0     0x0000d78a        0x2 /usr/lib/gcc/msp430/4.5.3/mmpy-16/libcrt0.a(_unexpected_.o)
                0x0000d78a                _unexpected_

.rodata         0x0000d78c        0x0
                0x0000d78c                . = ALIGN (0x2)
 *(.rodata .rodata.* .gnu.linkonce.r.*)
                0x0000d78c                . = ALIGN (0x2)
                0x0000d78c                _etext = .

.data           0x00001100      0x2f4 load address 0x0000d78c
                0x00001100                . = ALIGN (0x2)
                0x00001100                PROVIDE (__data_start, .)
 *(.data)
 .data          0x00001100        0xa matlab-sleep-respond.co
                0x00001100                matlab_sleep_respond_process
 .data          0x0000110a       0x18 contiki-sky.a(csma.o)
 .data          0x00001122        0xe contiki-sky.a(contikimac.o)
                0x00001122                phase_list
 .data          0x00001130        0x8 contiki-sky.a(phase.o)
 .data          0x00001138        0xa contiki-sky.a(serial-line.o)
                0x00001138                serial_line_process
 .data          0x00001142        0xa contiki-sky.a(etimer.o)
                0x00001142                etimer_process
 .data          0x0000114c        0xa contiki-sky.a(ctimer.o)
                0x0000114c                ctimer_process
 .data          0x00001156       0x18 contiki-sky.a(queuebuf.o)
 .data          0x0000116e        0xa contiki-sky.a(serial-shell.o)
                0x0000116e                serial_shell_process
 .data          0x00001178       0x18 contiki-sky.a(global-sensor.o)
                0x00001178                sensor_sel
                0x0000117a                shell_sensor_select_process
 .data          0x00001190       0x20 contiki-sky.a(matlab-response)
                0x00001190                node_read_process
                0x0000119a                sink_handler_process
 .data          0x000011b0       0xa2 contiki-sky.a(shell.o)
                0x000011b0                shell_process
                0x000011ba                shell_server_process
                0x000011c4                help_command_process
                0x000011ce                shell_killall_process
                0x000011d8                shell_kill_process
                0x000011e2                shell_null_process
                0x000011ec                shell_exit_process
 .data          0x00001252       0x64 contiki-sky.a(shell-rime.o)
                0x00001252                shell_mac_process
                0x0000125c                shell_send_process
                0x00001266                shell_collect_process
                0x00001270                shell_routes_process
                0x0000127a                shell_packetize_process
 .data          0x000012b6       0x50 contiki-sky.a(shell-text.o)
                0x000012b6                shell_echo_process
                0x000012c0                shell_binprint_process
                0x000012ca                shell_hd_process
                0x000012d4                shell_size_process
 .data          0x00001306       0x5a contiki-sky.a(shell-time.o)
                0x00001306                shell_time_process
                0x00001310                shell_timestamp_process
                0x0000131a                shell_repeat_process
                0x00001324                shell_repeat_server_process
                0x0000132e                shell_randwait_process
 .data          0x00001360       0x64 contiki-sky.a(shell-sky.o)
                0x00001360                shell_nodeid_process
                0x0000136a                shell_sense_process
                0x00001374                shell_senseconv_process
                0x0000137e                shell_txpower_process
                0x00001388                shell_rfchannel_process
 .data          0x000013c4        0x4 contiki-sky.a(contiki-sky-pla)
                0x000013c4                sensors
 .data          0x000013c8        0x1 contiki-sky.a(sht11-sensor.o)
 *fill*         0x000013c9        0x1 00
 .data          0x000013ca        0xa contiki-sky.a(sensors.o)
                0x000013ca                sensors_process
 .data          0x000013d4        0xa contiki-sky.a(cc2420.o)
                0x000013d4                cc2420_process
 .data          0x000013de        0x2 contiki-sky.a(msp430.o)
 .data          0x000013e0        0x8 contiki-sky.a(collect.o)
 .data          0x000013e8        0x8 contiki-sky.a(collect-neighbo)
 .data          0x000013f0        0x4 /usr/lib/gcc/msp430/4.5.3/../../../../msp430/lib/mmpy-16/libc.a(rand.o)
 *(SORT(.data.*))
                0x000013f4                . = ALIGN (0x2)
 *(.gnu.linkonce.d*)
                0x000013f4                . = ALIGN (0x2)
                0x000013f4                _edata = .
                0x0000d78c                PROVIDE (__data_load_start, LOADADDR (.data))
                0x000002f4                PROVIDE (__data_size, SIZEOF (.data))

.bss            0x000013f4     0x1cf8 load address 0x0000da80
                0x000013f4                PROVIDE (__bss_start, .)
 *(.bss)
 .bss           0x000013f4        0xc obj_sky/contiki-sky-main.o
 .bss           0x00001400        0x2 contiki-sky.a(rime.o)
 .bss           0x00001402        0x6 contiki-sky.a(announcement.o)
 .bss           0x00001408       0x46 contiki-sky.a(broadcast-annou)
 .bss           0x0000144e        0x2 contiki-sky.a(channel.o)
 .bss           0x00001450      0x126 contiki-sky.a(csma.o)
 .bss           0x00001576      0x27a contiki-sky.a(contikimac.o)
 .bss           0x000017f0       0xe8 contiki-sky.a(phase.o)
 .bss           0x000018d8       0x42 contiki-sky.a(process.o)
                0x000018d8                process_list
                0x000018da                process_current
 .bss           0x0000191a        0x8 contiki-sky.a(compower.o)
 .bss           0x00001922      0x10a contiki-sky.a(serial-line.o)
 .bss           0x00001a2c        0x6 contiki-sky.a(etimer.o)
 .bss           0x00001a32        0x4 contiki-sky.a(ctimer.o)
 .bss           0x00001a36        0x2 contiki-sky.a(rtimer.o)
 .bss           0x00001a38       0xba contiki-sky.a(packetbuf.o)
 .bss           0x00001af2      0xc4e contiki-sky.a(queuebuf.o)
 .bss           0x00002740       0x4e contiki-sky.a(matlab-response)
 .bss           0x0000278e       0x16 contiki-sky.a(shell.o)
 .bss           0x000027a4        0xc contiki-sky.a(shell-rime.o)
 .bss           0x000027b0        0x4 contiki-sky.a(shell-text.o)
 .bss           0x000027b4       0xaa contiki-sky.a(shell-time.o)
 .bss           0x0000285e       0x82 contiki-sky.a(shell-sky.o)
 .bss           0x000028e0        0x8 contiki-sky.a(button-sensor.o)
 .bss           0x000028e8        0x2 contiki-sky.a(node-id.o)
                0x000028e8                node_id
 .bss           0x000028ea        0x6 contiki-sky.a(sensors.o)
 .bss           0x000028f0        0xa contiki-sky.a(cc2420.o)
 .bss           0x000028fa        0x4 contiki-sky.a(sky-sensors.o)
 .bss           0x000028fe       0x9a contiki-sky.a(uart1.o)
 .bss           0x00002998        0xa contiki-sky.a(clock.o)
 .bss           0x000029a2        0x2 contiki-sky.a(leds.o)
 .bss           0x000029a4        0x2 contiki-sky.a(watchdog.o)
 .bss           0x000029a6       0x7e contiki-sky.a(route.o)
 .bss           0x00002a24      0x1be contiki-sky.a(collect.o)
 .bss           0x00002be2      0x322 contiki-sky.a(collect-neighbo)
 .bss           0x00002f04        0x2 contiki-sky.a(framer-802154.o)
 .bss           0x00002f06        0x2 /usr/lib/gcc/msp430/4.5.3/../../../../msp430/lib/mmpy-16/libc.a(strtok.o)
 .bss           0x00002f08        0x1 /usr/lib/gcc/msp430/4.5.3/../../../../msp430/lib/mmpy-16/libc.a(malloc.o)
 *fill*         0x00002f09        0x1 00
 .bss           0x00002f0a        0x4 /usr/lib/gcc/msp430/4.5.3/../../../../msp430/lib/mmpy-16/libc.a(sprintf.o)
 *(SORT(.bss.*))
 *(COMMON)
 COMMON         0x00002f0e        0x2 contiki-sky.a(rimeaddr.o)
                0x00002f0e                rimeaddr_node_addr
 COMMON         0x00002f10       0x48 contiki-sky.a(rimestats.o)
                0x00002f10                rimestats
 COMMON         0x00002f58        0x1 contiki-sky.a(process.o)
                0x00002f58                process_maxevents
 *fill*         0x00002f59        0x1 00
 COMMON         0x00002f5a        0x8 contiki-sky.a(compower.o)
                0x00002f5a                compower_idle_activity
 COMMON         0x00002f62        0x1 contiki-sky.a(serial-line.o)
                0x00002f62                serial_line_event_message
 *fill*         0x00002f63        0x1 00
 COMMON         0x00002f64       0x56 contiki-sky.a(energest.o)
                0x00002f64                energest_total_time
                0x00002f94                energest_total_count
                0x00002f96                energest_current_mode
                0x00002fa2                energest_current_time
 COMMON         0x00002fba       0x38 contiki-sky.a(packetbuf.o)
                0x00002fba                packetbuf_addrs
                0x00002fc2                packetbuf_attrs
 COMMON         0x00002ff2        0x2 contiki-sky.a(shell.o)
                0x00002ff2                shell_event_input
 COMMON         0x00002ff4       0x9e contiki-sky.a(shell-rime.o)
                0x00002ff4                shell_collect_conn
 COMMON         0x00003092        0x2 contiki-sky.a(contiki-sky-pla)
                0x00003092                sensors_flags
 COMMON         0x00003094        0x8 contiki-sky.a(ds2411.o)
                0x00003094                ds2411_id
 COMMON         0x0000309c        0x1 contiki-sky.a(sensors.o)
                0x0000309c                sensors_event
 *fill*         0x0000309d        0x1 00
 COMMON         0x0000309e       0x14 contiki-sky.a(cc2420.o)
                0x0000309e                cc2420_last_rssi
                0x000030a0                cc2420_packets_read
                0x000030a2                cc2420_packets_seen
                0x000030a4                cc2420_sfd_start_time
                0x000030a6                cc2420_time_of_departure
                0x000030a8                cc2420_time_of_arrival
                0x000030aa                cc2420_last_correlation
                0x000030ac                cc2420_authority_level_of_sender
                0x000030ae                cc2420_sfd_counter
                0x000030b0                cc2420_sfd_end_time
 COMMON         0x000030b2        0x2 contiki-sky.a(msp430.o)
                0x000030b2                msp430_dco_required
 COMMON         0x000030b4       0x38 contiki-sky.a(collect.o)
                0x000030b4                stats
                0x000030ec                PROVIDE (__bss_end, .)
                0x000030ec                _end = .
                0x00001cf8                PROVIDE (__bss_size, SIZEOF (.bss))

.noinit         0x000030ec        0x0 load address 0x0000da80
                0x000030ec                PROVIDE (__noinit_start, .)
 *(.noinit)
 *(.noinit.*)
 *(COMMON)
                0x000030ec                PROVIDE (__noinit_end, .)
                0x000030ec                _end = .

.infomem        0x00001000        0x0
 *(.infomem)
                0x00001000                . = ALIGN (0x2)
 *(.infomem.*)

.infomemnobits  0x00001000        0x0
                0x00001000                . = ALIGN (0x2)
 *(.infomemnobits)
                0x00001000                . = ALIGN (0x2)
 *(.infomemnobits.*)

.vectors        0x0000ffe0       0x20
                0x0000ffe0                PROVIDE (__vectors_start, .)
 *(.vectors*)
 .vectors       0x0000ffe0       0x20 /usr/lib/gcc/msp430/4.5.3/mmpy-16/crt0ivtbl16.o
                0x0000ffe0                __ivtbl_16
                0x00010000                _vectors_end = .

.fartext        0x00000000        0x0
                0x00000000                . = ALIGN (0x2)
 *(.fartext)
                0x00000000                . = ALIGN (0x2)
 *(.fartext.*)
                0x00000000                _efartext = .

.profiler
 *(.profiler)

.stab
 *(.stab)

.stabstr
 *(.stabstr)

.stab.excl
 *(.stab.excl)

.stab.exclstr
 *(.stab.exclstr)

.stab.index
 *(.stab.index)

.stab.indexstr
 *(.stab.indexstr)

.comment
 *(.comment)

.debug
 *(.debug)

.line
 *(.line)

.debug_srcinfo
 *(.debug_srcinfo)

.debug_sfnames
 *(.debug_sfnames)

.debug_aranges  0x00000000      0xe64
 *(.debug_aranges)
 .debug_aranges
                0x00000000       0x14 matlab-sleep-respond.co
 .debug_aranges
                0x00000014       0x18 obj_sky/contiki-sky-main.o
 .debug_aranges
                0x0000002c       0x1c contiki-sky.a(rimeaddr.o)
 .debug_aranges
                0x00000048       0x28 contiki-sky.a(rime.o)
 .debug_aranges
                0x00000070       0x3c contiki-sky.a(announcement.o)
 .debug_aranges
                0x000000ac       0x34 contiki-sky.a(broadcast-annou)
 .debug_aranges
                0x000000e0       0x24 contiki-sky.a(broadcast.o)
 .debug_aranges
                0x00000104       0x24 contiki-sky.a(abc.o)
 .debug_aranges
                0x00000128       0x20 contiki-sky.a(chameleon.o)
 .debug_aranges
                0x00000148       0x24 contiki-sky.a(channel.o)
 .debug_aranges
                0x0000016c       0x2c contiki-sky.a(chameleon-bitop)
 .debug_aranges
                0x00000198       0x34 contiki-sky.a(csma.o)
 .debug_aranges
                0x000001cc       0x4c contiki-sky.a(contikimac.o)
 .debug_aranges
                0x00000218       0x28 contiki-sky.a(phase.o)
 .debug_aranges
                0x00000240       0x44 contiki-sky.a(process.o)
 .debug_aranges
                0x00000284       0x18 contiki-sky.a(autostart.o)
 .debug_aranges
                0x0000029c       0x24 contiki-sky.a(compower.o)
 .debug_aranges
                0x000002c0       0x1c contiki-sky.a(serial-line.o)
 .debug_aranges
                0x000002dc       0x20 contiki-sky.a(memb.o)
 .debug_aranges
                0x000002fc       0x24 contiki-sky.a(timer.o)
 .debug_aranges
                0x00000320       0x40 contiki-sky.a(list.o)
 .debug_aranges
                0x00000360       0x48 contiki-sky.a(etimer.o)
 .debug_aranges
                0x000003a8       0x2c contiki-sky.a(ctimer.o)
 .debug_aranges
                0x000003d4       0x24 contiki-sky.a(energest.o)
 .debug_aranges
                0x000003f8       0x1c contiki-sky.a(rtimer.o)
 .debug_aranges
                0x00000414       0x18 contiki-sky.a(random.o)
 .debug_aranges
                0x0000042c       0x24 contiki-sky.a(ringbuf.o)
 .debug_aranges
                0x00000450       0x64 contiki-sky.a(packetbuf.o)
 .debug_aranges
                0x000004b4       0x38 contiki-sky.a(queuebuf.o)
 .debug_aranges
                0x000004ec       0x24 contiki-sky.a(serial-shell.o)
 .debug_aranges
                0x00000510       0x28 contiki-sky.a(global-sensor.o)
 .debug_aranges
                0x00000538       0x48 contiki-sky.a(matlab-response)
 .debug_aranges
                0x00000580       0x70 contiki-sky.a(shell.o)
 .debug_aranges
                0x000005f0       0x2c contiki-sky.a(shell-rime.o)
 .debug_aranges
                0x0000061c       0x24 contiki-sky.a(shell-text.o)
 .debug_aranges
                0x00000640       0x2c contiki-sky.a(shell-time.o)
 .debug_aranges
                0x0000066c       0x2c contiki-sky.a(shell-sky.o)
 .debug_aranges
                0x00000698       0x14 contiki-sky.a(contiki-sky-pla)
 .debug_aranges
                0x000006ac       0x1c contiki-sky.a(sht11-sensor.o)
 .debug_aranges
                0x000006c8       0x1c contiki-sky.a(light-sensor.o)
 .debug_aranges
                0x000006e4       0x1c contiki-sky.a(battery-sensor.)
 .debug_aranges
                0x00000700       0x20 contiki-sky.a(button-sensor.o)
 .debug_aranges
                0x00000720       0x1c contiki-sky.a(ds2411.o)
 .debug_aranges
                0x0000073c       0x28 contiki-sky.a(xmem.o)
 .debug_aranges
                0x00000764       0x18 contiki-sky.a(node-id.o)
 .debug_aranges
                0x0000077c       0x28 contiki-sky.a(sensors.o)
 .debug_aranges
                0x000007a4       0x88 contiki-sky.a(cc2420.o)
 .debug_aranges
                0x0000082c       0x18 contiki-sky.a(cc2420-arch.o)
 .debug_aranges
                0x00000844       0x18 contiki-sky.a(sky-sensors.o)
 .debug_aranges
                0x0000085c       0x24 contiki-sky.a(uart1.o)
 .debug_aranges
                0x00000880       0x14 contiki-sky.a(uart1-putchar.o)
 .debug_aranges
                0x00000894       0x2c contiki-sky.a(msp430.o)
 .debug_aranges
                0x000008c0       0x3c contiki-sky.a(clock.o)
 .debug_aranges
                0x000008fc       0x30 contiki-sky.a(leds.o)
 .debug_aranges
                0x0000092c       0x1c contiki-sky.a(leds-arch.o)
 .debug_aranges
                0x00000948       0x28 contiki-sky.a(watchdog.o)
 .debug_aranges
                0x00000970       0x20 contiki-sky.a(rtimer-arch.o)
 .debug_aranges
                0x00000990       0x28 contiki-sky.a(runicast.o)
 .debug_aranges
                0x000009b8       0x3c contiki-sky.a(route.o)
 .debug_aranges
                0x000009f4       0x74 contiki-sky.a(collect.o)
 .debug_aranges
                0x00000a68       0x60 contiki-sky.a(collect-neighbo)
 .debug_aranges
                0x00000ac8       0x28 contiki-sky.a(collect-link-es)
 .debug_aranges
                0x00000af0       0x14 contiki-sky.a(mac.o)
 .debug_aranges
                0x00000b04       0x18 contiki-sky.a(framer-802154.o)
 .debug_aranges
                0x00000b1c       0x18 contiki-sky.a(crc16.o)
 .debug_aranges
                0x00000b34       0x30 contiki-sky.a(packetqueue.o)
 .debug_aranges
                0x00000b64       0x40 contiki-sky.a(sht11.o)
 .debug_aranges
                0x00000ba4       0x14 contiki-sky.a(spi.o)
 .debug_aranges
                0x00000bb8       0x24 contiki-sky.a(unicast.o)
 .debug_aranges
                0x00000bdc       0x38 contiki-sky.a(stunicast.o)
 .debug_aranges
                0x00000c14       0x20 contiki-sky.a(frame802154.o)
 .debug_aranges
                0x00000c34       0x14 /usr/lib/gcc/msp430/4.5.3/mmpy-16/libgcc.a(_mulsi3.o)
 .debug_aranges
                0x00000c48       0x14 /usr/lib/gcc/msp430/4.5.3/mmpy-16/libgcc.a(_udivmodhi4.o)
 .debug_aranges
                0x00000c5c       0x14 /usr/lib/gcc/msp430/4.5.3/mmpy-16/libgcc.a(_divmodhi4.o)
 .debug_aranges
                0x00000c70       0x14 /usr/lib/gcc/msp430/4.5.3/mmpy-16/libgcc.a(_udivmodsi4.o)
 .debug_aranges
                0x00000c84       0x14 /usr/lib/gcc/msp430/4.5.3/mmpy-16/libgcc.a(_divmodsi4.o)
 .debug_aranges
                0x00000c98       0x14 /usr/lib/gcc/msp430/4.5.3/../../../../msp430/lib/mmpy-16/libc.a(strchr.o)
 .debug_aranges
                0x00000cac       0x14 /usr/lib/gcc/msp430/4.5.3/../../../../msp430/lib/mmpy-16/libc.a(strcmp.o)
 .debug_aranges
                0x00000cc0       0x14 /usr/lib/gcc/msp430/4.5.3/../../../../msp430/lib/mmpy-16/libc.a(strncmp.o)
 .debug_aranges
                0x00000cd4       0x14 /usr/lib/gcc/msp430/4.5.3/../../../../msp430/lib/mmpy-16/libc.a(strcpy.o)
 .debug_aranges
                0x00000ce8       0x14 /usr/lib/gcc/msp430/4.5.3/../../../../msp430/lib/mmpy-16/libc.a(strncpy.o)
 .debug_aranges
                0x00000cfc       0x14 /usr/lib/gcc/msp430/4.5.3/../../../../msp430/lib/mmpy-16/libc.a(memcpy.o)
 .debug_aranges
                0x00000d10       0x14 /usr/lib/gcc/msp430/4.5.3/../../../../msp430/lib/mmpy-16/libc.a(memset.o)
 .debug_aranges
                0x00000d24       0x14 /usr/lib/gcc/msp430/4.5.3/../../../../msp430/lib/mmpy-16/libc.a(strcat.o)
 .debug_aranges
                0x00000d38       0x14 /usr/lib/gcc/msp430/4.5.3/../../../../msp430/lib/mmpy-16/libc.a(strtok.o)
 .debug_aranges
                0x00000d4c       0x14 /usr/lib/gcc/msp430/4.5.3/../../../../msp430/lib/mmpy-16/libc.a(malloc.o)
 .debug_aranges
                0x00000d60       0x14 /usr/lib/gcc/msp430/4.5.3/../../../../msp430/lib/mmpy-16/libc.a(atoi.o)
 .debug_aranges
                0x00000d74       0x14 /usr/lib/gcc/msp430/4.5.3/../../../../msp430/lib/mmpy-16/libc.a(printf.o)
 .debug_aranges
                0x00000d88       0x14 /usr/lib/gcc/msp430/4.5.3/../../../../msp430/lib/mmpy-16/libc.a(sprintf.o)
 .debug_aranges
                0x00000d9c       0x14 /usr/lib/gcc/msp430/4.5.3/../../../../msp430/lib/mmpy-16/libc.a(vuprintf.o)
 .debug_aranges
                0x00000db0       0x14 /usr/lib/gcc/msp430/4.5.3/../../../../msp430/lib/mmpy-16/libc.a(puts.o)
 .debug_aranges
                0x00000dc4       0x14 /usr/lib/gcc/msp430/4.5.3/../../../../msp430/lib/mmpy-16/libc.a(rand.o)
 .debug_aranges
                0x00000dd8       0x14 /usr/lib/gcc/msp430/4.5.3/../../../../msp430/lib/mmpy-16/libc.a(itoa.o)
 .debug_aranges
                0x00000dec       0x14 /usr/lib/gcc/msp430/4.5.3/mmpy-16/libcrt0.a(__init_stack.o)
 .debug_aranges
                0x00000e00       0x14 /usr/lib/gcc/msp430/4.5.3/mmpy-16/libcrt0.a(__low_level_init.o)
 .debug_aranges
                0x00000e14       0x14 /usr/lib/gcc/msp430/4.5.3/mmpy-16/libcrt0.a(_copy_data.o)
 .debug_aranges
                0x00000e28       0x14 /usr/lib/gcc/msp430/4.5.3/mmpy-16/libcrt0.a(_clear_bss.o)
 .debug_aranges
                0x00000e3c       0x14 /usr/lib/gcc/msp430/4.5.3/mmpy-16/libcrt0.a(_endless_loop__.o)
 .debug_aranges
                0x00000e50       0x14 /usr/lib/gcc/msp430/4.5.3/mmpy-16/libcrt0.a(_unexpected_.o)

.debug_pubnames
                0x00000000     0x29a0
 *(.debug_pubnames)
 .debug_pubnames
                0x00000000       0x4b matlab-sleep-respond.co
 .debug_pubnames
                0x0000004b       0x27 obj_sky/contiki-sky-main.o
 .debug_pubnames
                0x00000072       0x79 contiki-sky.a(rimeaddr.o)
 .debug_pubnames
                0x000000eb       0x5f contiki-sky.a(rime.o)
 .debug_pubnames
                0x0000014a       0x20 contiki-sky.a(rimestats.o)
 .debug_pubnames
                0x0000016a      0x144 contiki-sky.a(announcement.o)
 .debug_pubnames
                0x000002ae       0x7d contiki-sky.a(broadcast-annou)
 .debug_pubnames
                0x0000032b       0x4c contiki-sky.a(broadcast.o)
 .debug_pubnames
                0x00000377       0x55 contiki-sky.a(abc.o)
 .debug_pubnames
                0x000003cc       0x64 contiki-sky.a(chameleon.o)
 .debug_pubnames
                0x00000430       0x74 contiki-sky.a(channel.o)
 .debug_pubnames
                0x000004a4       0x6b contiki-sky.a(chameleon-bitop)
 .debug_pubnames
                0x0000050f       0x22 contiki-sky.a(csma.o)
 .debug_pubnames
                0x00000531       0x52 contiki-sky.a(contikimac.o)
 .debug_pubnames
                0x00000583       0x64 contiki-sky.a(phase.o)
 .debug_pubnames
                0x000005e7      0x10d contiki-sky.a(process.o)
 .debug_pubnames
                0x000006f4       0x39 contiki-sky.a(autostart.o)
 .debug_pubnames
                0x0000072d       0x9e contiki-sky.a(compower.o)
 .debug_pubnames
                0x000007cb       0x78 contiki-sky.a(serial-line.o)
 .debug_pubnames
                0x00000843       0x4d contiki-sky.a(memb.o)
 .debug_pubnames
                0x00000890       0x68 contiki-sky.a(timer.o)
 .debug_pubnames
                0x000008f8       0xc3 contiki-sky.a(list.o)
 .debug_pubnames
                0x000009bb      0x109 contiki-sky.a(etimer.o)
 .debug_pubnames
                0x00000ac4       0x8b contiki-sky.a(ctimer.o)
 .debug_pubnames
                0x00000b4f       0xec contiki-sky.a(energest.o)
 .debug_pubnames
                0x00000c3b       0x45 contiki-sky.a(rtimer.o)
 .debug_pubnames
                0x00000c80       0x32 contiki-sky.a(random.o)
 .debug_pubnames