Archive member included because of file (symbol)

contiki-sky.a(rimeaddr.o)     obj_sky/contiki-sky-main.o (rimeaddr_copy)
contiki-sky.a(rime.o)         obj_sky/contiki-sky-main.o (rime_driver)
contiki-sky.a(rimestats.o)    contiki-sky.a(rime.o) (rimestats)
contiki-sky.a(announcement.o)
                              contiki-sky.a(rime.o) (announcement_init)
contiki-sky.a(broadcast-annou)
                              contiki-sky.a(rime.o) (broadcast_announcement_init)
contiki-sky.a(broadcast.o)    contiki-sky.a(broadcast-annou) (broadcast_open)
contiki-sky.a(abc.o)          contiki-sky.a(broadcast.o) (abc_open)
contiki-sky.a(chameleon.o)    contiki-sky.a(rime.o) (chameleon_init)
contiki-sky.a(channel.o)      contiki-sky.a(chameleon.o) (channel_init)
contiki-sky.a(chameleon-bitop)
                              contiki-sky.a(chameleon.o) (chameleon_bitopt)
contiki-sky.a(csma.o)         obj_sky/contiki-sky-main.o (csma_driver)
contiki-sky.a(contikimac.o)   obj_sky/contiki-sky-main.o (contikimac_driver)
contiki-sky.a(phase.o)        contiki-sky.a(contikimac.o) (phase_update)
contiki-sky.a(process.o)      obj_sky/contiki-sky-main.o (process_init)
contiki-sky.a(autostart.o)    obj_sky/contiki-sky-main.o (autostart_start)
contiki-sky.a(compower.o)     contiki-sky.a(contikimac.o) (compower_accumulate)
contiki-sky.a(serial-line.o)  obj_sky/contiki-sky-main.o (serial_line_input_byte)
contiki-sky.a(memb.o)         contiki-sky.a(csma.o) (memb_init)
contiki-sky.a(timer.o)        obj_sky/contiki-sky-main.o (timer_set)
contiki-sky.a(list.o)         contiki-sky.a(announcement.o) (list_init)
contiki-sky.a(etimer.o)       obj_sky/contiki-sky-main.o (etimer_process)
contiki-sky.a(ctimer.o)       obj_sky/contiki-sky-main.o (ctimer_init)
contiki-sky.a(energest.o)     obj_sky/contiki-sky-main.o (energest_init)
contiki-sky.a(rtimer.o)       obj_sky/contiki-sky-main.o (rtimer_init)
contiki-sky.a(random.o)       obj_sky/contiki-sky-main.o (random_init)
contiki-sky.a(ringbuf.o)      contiki-sky.a(serial-line.o) (ringbuf_init)
contiki-sky.a(packetbuf.o)    contiki-sky.a(contikimac.o) (packetbuf_hdr_remove)
contiki-sky.a(queuebuf.o)     contiki-sky.a(rime.o) (queuebuf_init)
contiki-sky.a(contiki-sky-pla)
                              obj_sky/contiki-sky-main.o (init_platform)
contiki-sky.a(button-sensor.o)
                              contiki-sky.a(contiki-sky-pla) (button_sensor)
contiki-sky.a(ds2411.o)       obj_sky/contiki-sky-main.o (ds2411_init)
contiki-sky.a(xmem.o)         obj_sky/contiki-sky-main.o (xmem_init)
contiki-sky.a(node-id.o)      obj_sky/contiki-sky-main.o (node_id_restore)
contiki-sky.a(sensors.o)      contiki-sky.a(button-sensor.o) (sensors_changed)
contiki-sky.a(cc2420.o)       obj_sky/contiki-sky-main.o (cc2420_set_channel)
contiki-sky.a(cc2420-arch.o)  contiki-sky.a(cc2420.o) (cc2420_arch_init)
contiki-sky.a(uart1.o)        obj_sky/contiki-sky-main.o (uart1_active)
contiki-sky.a(uart1-putchar.o)
                              obj_sky/contiki-sky-main.o (putchar)
contiki-sky.a(msp430.o)       contiki-sky.a(uart1.o) (msp430_add_lpm_req)
contiki-sky.a(clock.o)        contiki-sky.a(timer.o) (clock_time)
contiki-sky.a(leds.o)         obj_sky/contiki-sky-main.o (leds_init)
contiki-sky.a(leds-arch.o)    contiki-sky.a(leds.o) (leds_arch_init)
contiki-sky.a(watchdog.o)     obj_sky/contiki-sky-main.o (watchdog_start)
contiki-sky.a(rtimer-arch.o)  contiki-sky.a(rtimer.o) (rtimer_arch_init)
contiki-sky.a(mac.o)          contiki-sky.a(csma.o) (mac_call_sent_callback)
contiki-sky.a(framer-802154.o)
                              contiki-sky.a(contikimac.o) (framer_802154)
contiki-sky.a(spi.o)          contiki-sky.a(xmem.o) (spi_init)
contiki-sky.a(frame802154.o)  contiki-sky.a(framer-802154.o) (frame802154_hdrlen)
/usr/local/lib/gcc/msp430/4.6.3/mmpy-16/libgcc.a(_mulsi3.o)
                              contiki-sky.a(csma.o) (__mulsi3)
/usr/local/lib/gcc/msp430/4.6.3/mmpy-16/libgcc.a(_udivmod16.o)
                              contiki-sky.a(phase.o) (__umodhi3)
/usr/local/lib/gcc/msp430/4.6.3/mmpy-16/libgcc.a(_udivmod32.o)
                              obj_sky/contiki-sky-main.o (__udivsi3)
/usr/local/lib/gcc/msp430/4.6.3/../../../../msp430/lib/mmpy-16/libc.a(strncmp.o)
                              contiki-sky.a(sensors.o) (strncmp)
/usr/local/lib/gcc/msp430/4.6.3/../../../../msp430/lib/mmpy-16/libc.a(memcpy.o)
                              contiki-sky.a(broadcast-annou) (memcpy)
/usr/local/lib/gcc/msp430/4.6.3/../../../../msp430/lib/mmpy-16/libc.a(memset.o)
                              obj_sky/contiki-sky-main.o (memset)
/usr/local/lib/gcc/msp430/4.6.3/../../../../msp430/lib/mmpy-16/libc.a(printf.o)
                              adc.co (printf)
/usr/local/lib/gcc/msp430/4.6.3/../../../../msp430/lib/mmpy-16/libc.a(vuprintf.o)
                              /usr/local/lib/gcc/msp430/4.6.3/../../../../msp430/lib/mmpy-16/libc.a(printf.o) (vuprintf)
/usr/local/lib/gcc/msp430/4.6.3/../../../../msp430/lib/mmpy-16/libc.a(puts.o)
[...]
Memory Configuration

Name             Origin             Length             Attributes
sfr              0x0000000000000000 0x0000000000000010
peripheral_8bit  0x0000000000000010 0x00000000000000f0
peripheral_16bit 0x0000000000000100 0x0000000000000100
ram_mirror       0x0000000000000200 0x0000000000000800 xw
infomem          0x0000000000001000 0x0000000000000100
infob            0x0000000000001000 0x0000000000000080
infoa            0x0000000000001080 0x0000000000000080
ram              0x0000000000001100 0x0000000000002800 xw
rom              0x0000000000004000 0x000000000000bfe0 xr
vectors          0x000000000000ffe0 0x0000000000000020
bsl              0x0000000000000000 0x0000000000000000
infoc            0x0000000000000000 0x0000000000000000
infod            0x0000000000000000 0x0000000000000000
ram2             0x0000000000000000 0x0000000000000000 xw
usbram           0x0000000000000000 0x0000000000000000 xw
far_rom          0x0000000000000000 0x0000000000000000
*default*        0x0000000000000000 0xffffffffffffffff

Linker script and memory map

LOAD /usr/local/lib/gcc/msp430/4.6.3/mmpy-16/crt0ivtbl16.o
LOAD adc.co
LOAD obj_sky/contiki-sky-main.o
LOAD contiki-sky.a
LOAD /usr/local/lib/gcc/msp430/4.6.3/mmpy-16/libgcc.a
LOAD /usr/local/lib/gcc/msp430/4.6.3/../../../../msp430/lib/mmpy-16/libc.a
LOAD /usr/local/lib/gcc/msp430/4.6.3/mmpy-16/libgcc.a
LOAD /usr/local/lib/gcc/msp430/4.6.3/mmpy-16/libcrt0.a
                0x0000000000000080                PROVIDE (__info_segment_size, 0x80)
                0x0000000000001000                PROVIDE (__infob, 0x1000)
                0x0000000000001080                PROVIDE (__infoa, 0x1080)
                0x0000000000000000                __IE1 = 0x0
                0x0000000000000002                __IFG1 = 0x2
                0x0000000000000004                __ME1 = 0x4
                0x0000000000000001                __IE2 = 0x1
                0x0000000000000003                __IFG2 = 0x3
                0x0000000000000005                __ME2 = 0x5
                0x0000000000000120                __WDTCTL = 0x120
                0x0000000000000130                __MPY = 0x130
                0x0000000000000132                __MPYS = 0x132
                0x0000000000000134                __MAC = 0x134
                0x0000000000000136                __MACS = 0x136
                0x0000000000000138                __OP2 = 0x138
                0x000000000000013a                __RESLO = 0x13a
                0x000000000000013c                __RESHI = 0x13c
                0x000000000000013e                __SUMEXT = 0x13e
                0x0000000000000020                __P1IN = 0x20
                0x0000000000000021                __P1OUT = 0x21
                0x0000000000000022                __P1DIR = 0x22
                0x0000000000000023                __P1IFG = 0x23
                0x0000000000000024                __P1IES = 0x24
                0x0000000000000025                __P1IE = 0x25
                0x0000000000000026                __P1SEL = 0x26
                0x0000000000000028                __P2IN = 0x28
                0x0000000000000029                __P2OUT = 0x29
                0x000000000000002a                __P2DIR = 0x2a
                0x000000000000002b                __P2IFG = 0x2b
                0x000000000000002c                __P2IES = 0x2c
                0x000000000000002d                __P2IE = 0x2d
                0x000000000000002e                __P2SEL = 0x2e
                0x0000000000000018                __P3IN = 0x18
                0x0000000000000019                __P3OUT = 0x19
                0x000000000000001a                __P3DIR = 0x1a
                0x000000000000001b                __P3SEL = 0x1b
                0x000000000000001c                __P4IN = 0x1c
                0x000000000000001d                __P4OUT = 0x1d
                0x000000000000001e                __P4DIR = 0x1e
                0x000000000000001f                __P4SEL = 0x1f
                0x0000000000000030                __P5IN = 0x30
                0x0000000000000031                __P5OUT = 0x31
                0x0000000000000032                __P5DIR = 0x32
                0x0000000000000033                __P5SEL = 0x33
                0x0000000000000034                __P6IN = 0x34
                0x0000000000000035                __P6OUT = 0x35
                0x0000000000000036                __P6DIR = 0x36
                0x0000000000000037                __P6SEL = 0x37
                0x0000000000000070                __U0CTL = 0x70
                0x0000000000000071                __U0TCTL = 0x71
                0x0000000000000072                __U0RCTL = 0x72
                0x0000000000000073                __U0MCTL = 0x73
                0x0000000000000074                __U0BR0 = 0x74
                0x0000000000000075                __U0BR1 = 0x75
                0x0000000000000076                __U0RXBUF = 0x76
                0x0000000000000077                __U0TXBUF = 0x77
                0x0000000000000078                __U1CTL = 0x78
                0x0000000000000079                __U1TCTL = 0x79
                0x000000000000007a                __U1RCTL = 0x7a
                0x000000000000007b                __U1MCTL = 0x7b
                0x000000000000007c                __U1BR0 = 0x7c
                0x000000000000007d                __U1BR1 = 0x7d
                0x000000000000007e                __U1RXBUF = 0x7e
                0x000000000000007f                __U1TXBUF = 0x7f
                0x0000000000000050                __I2CIE = 0x50
                0x0000000000000051                __I2CIFG = 0x51
                0x0000000000000052                __I2CNDAT = 0x52
                0x0000000000000071                __I2CTCTL = 0x71
                0x0000000000000072                __I2CDCTL = 0x72
                0x0000000000000073                __I2CPSC = 0x73
                0x0000000000000074                __I2CSCLH = 0x74
                0x0000000000000075                __I2CSCLL = 0x75
                0x0000000000000076                __I2CDRB = 0x76
                0x0000000000000076                __I2CDRW = 0x76
                0x0000000000000118                __I2COA = 0x118
                0x000000000000011a                __I2CSA = 0x11a
                0x000000000000011c                __I2CIV = 0x11c
                0x000000000000012e                __TAIV = 0x12e
                0x0000000000000160                __TACTL = 0x160
                0x0000000000000162                __TACCTL0 = 0x162
                0x0000000000000164                __TACCTL1 = 0x164
                0x0000000000000166                __TACCTL2 = 0x166
                0x0000000000000170                __TAR = 0x170
                0x0000000000000172                __TACCR0 = 0x172
                0x0000000000000174                __TACCR1 = 0x174
                0x0000000000000176                __TACCR2 = 0x176
                0x000000000000011e                __TBIV = 0x11e
                0x0000000000000180                __TBCTL = 0x180
                0x0000000000000182                __TBCCTL0 = 0x182
                0x0000000000000184                __TBCCTL1 = 0x184
                0x0000000000000186                __TBCCTL2 = 0x186
                0x0000000000000188                __TBCCTL3 = 0x188
                0x000000000000018a                __TBCCTL4 = 0x18a
                0x000000000000018c                __TBCCTL5 = 0x18c
                0x000000000000018e                __TBCCTL6 = 0x18e
                0x0000000000000190                __TBR = 0x190
                0x0000000000000192                __TBCCR0 = 0x192
                0x0000000000000194                __TBCCR1 = 0x194
                0x0000000000000196                __TBCCR2 = 0x196
                0x0000000000000198                __TBCCR3 = 0x198
                0x000000000000019a                __TBCCR4 = 0x19a
                0x000000000000019c                __TBCCR5 = 0x19c
                0x000000000000019e                __TBCCR6 = 0x19e
                0x0000000000000056                __DCOCTL = 0x56
                0x0000000000000057                __BCSCTL1 = 0x57
                0x0000000000000058                __BCSCTL2 = 0x58
                0x0000000000000055                __SVSCTL = 0x55
                0x0000000000000128                __FCTL1 = 0x128
                0x000000000000012a                __FCTL2 = 0x12a
                0x000000000000012c                __FCTL3 = 0x12c
                0x0000000000000059                __CACTL1 = 0x59
                0x000000000000005a                __CACTL2 = 0x5a
                0x000000000000005b                __CAPD = 0x5b
                0x00000000000001a0                __ADC12CTL0 = 0x1a0
                0x00000000000001a2                __ADC12CTL1 = 0x1a2
                0x00000000000001a4                __ADC12IFG = 0x1a4
                0x00000000000001a6                __ADC12IE = 0x1a6
                0x00000000000001a8                __ADC12IV = 0x1a8
                0x0000000000000140                __ADC12MEM0 = 0x140
                0x0000000000000142                __ADC12MEM1 = 0x142
                0x0000000000000144                __ADC12MEM2 = 0x144
                0x0000000000000146                __ADC12MEM3 = 0x146
                0x0000000000000148                __ADC12MEM4 = 0x148
                0x000000000000014a                __ADC12MEM5 = 0x14a
                0x000000000000014c                __ADC12MEM6 = 0x14c
                0x000000000000014e                __ADC12MEM7 = 0x14e
                0x0000000000000150                __ADC12MEM8 = 0x150
                0x0000000000000152                __ADC12MEM9 = 0x152
                0x0000000000000154                __ADC12MEM10 = 0x154
                0x0000000000000156                __ADC12MEM11 = 0x156
                0x0000000000000158                __ADC12MEM12 = 0x158
                0x000000000000015a                __ADC12MEM13 = 0x15a
                0x000000000000015c                __ADC12MEM14 = 0x15c
                0x000000000000015e                __ADC12MEM15 = 0x15e
                0x0000000000000080                __ADC12MCTL0 = 0x80
                0x0000000000000081                __ADC12MCTL1 = 0x81
                0x0000000000000082                __ADC12MCTL2 = 0x82
                0x0000000000000083                __ADC12MCTL3 = 0x83
                0x0000000000000084                __ADC12MCTL4 = 0x84
                0x0000000000000085                __ADC12MCTL5 = 0x85
                0x0000000000000086                __ADC12MCTL6 = 0x86
                0x0000000000000087                __ADC12MCTL7 = 0x87
                0x0000000000000088                __ADC12MCTL8 = 0x88
                0x0000000000000089                __ADC12MCTL9 = 0x89
                0x000000000000008a                __ADC12MCTL10 = 0x8a
                0x000000000000008b                __ADC12MCTL11 = 0x8b
                0x000000000000008c                __ADC12MCTL12 = 0x8c
                0x000000000000008d                __ADC12MCTL13 = 0x8d
                0x000000000000008e                __ADC12MCTL14 = 0x8e
                0x000000000000008f                __ADC12MCTL15 = 0x8f
                0x00000000000001c0                __DAC12_0CTL = 0x1c0
                0x00000000000001c2                __DAC12_1CTL = 0x1c2
                0x00000000000001c8                __DAC12_0DAT = 0x1c8
                0x00000000000001ca                __DAC12_1DAT = 0x1ca
                0x0000000000000122                __DMACTL0 = 0x122
                0x0000000000000124                __DMACTL1 = 0x124
                0x00000000000001e0                __DMA0CTL = 0x1e0
                0x00000000000001e8                __DMA1CTL = 0x1e8
                0x00000000000001f0                __DMA2CTL = 0x1f0
                0x00000000000001e2                __DMA0SA = 0x1e2
                0x00000000000001e4                __DMA0DA = 0x1e4
                0x00000000000001e6                __DMA0SZ = 0x1e6
                0x00000000000001ea                __DMA1SA = 0x1ea
                0x00000000000001ec                __DMA1DA = 0x1ec
                0x00000000000001ee                __DMA1SZ = 0x1ee
                0x00000000000001f2                __DMA2SA = 0x1f2
                0x00000000000001f4                __DMA2DA = 0x1f4
                0x00000000000001f6                __DMA2SZ = 0x1f6

.hash
 *(.hash)

.dynsym
 *(.dynsym)

.dynstr
 *(.dynstr)

.gnu.version
 *(.gnu.version)

.gnu.version_d
 *(.gnu.version_d)

.gnu.version_r
 *(.gnu.version_r)

.rel.init
 *(.rel.init)

.rela.init
 *(.rela.init)

.rel.fini
 *(.rel.fini)

.rela.fini
 *(.rela.fini)

.rel.text
 *(.rel.text .rel.text.* .rel.gnu.linkonce.t.*)

.rela.text
 *(.rela.text .rela.text.* .rela.gnu.linkonce.t.*)

.rel.rodata
 *(.rel.rodata .rel.rodata.* .rel.gnu.linkonce.r.*)

.rela.rodata
 *(.rela.rodata .rela.rodata.* .rela.gnu.linkonce.r.*)

.rel.data
 *(.rel.data .rel.data.* .rel.gnu.linkonce.d.*)

.rela.data
 *(.rela.data .rela.data.* .rela.gnu.linkonce.d.*)

.rel.bss
 *(.rel.bss .rel.bss.* .rel.gnu.linkonce.b.*)

.rela.bss
 *(.rela.bss .rela.bss.* .rela.gnu.linkonce.b.*)

.rel.ctors
 *(.rel.ctors)

.rela.ctors
 *(.rela.ctors)

.rel.dtors
 *(.rel.dtors)

.rela.dtors
 *(.rela.dtors)

.rel.got
 *(.rel.got)

.rela.got
 *(.rela.got)

.rel.plt
 *(.rel.plt)

.rela.plt
 *(.rela.plt)

.text           0x0000000000004000     0x4ff4
                0x0000000000004000                . = ALIGN (0x2)
 *(.init .init.*)
 *(.init0)
 .init0         0x0000000000004000        0x0 /usr/local/lib/gcc/msp430/4.6.3/mmpy-16/libcrt0.a(_reset_vector__.o)
                0x0000000000004000                _reset_vector__
 *(.init1)
 .init1         0x0000000000004000        0xc /usr/local/lib/gcc/msp430/4.6.3/mmpy-16/libcrt0.a(__watchdog_support.o)
                0x0000000000004000                __watchdog_support
 *(.init2)
 .init2         0x000000000000400c        0x4 /usr/local/lib/gcc/msp430/4.6.3/mmpy-16/libcrt0.a(__init_stack.o)
                0x000000000000400c                __init_stack
 *(.init3)
 .init3         0x0000000000004010        0x0 /usr/local/lib/gcc/msp430/4.6.3/mmpy-16/libcrt0.a(__low_level_init.o)
                0x0000000000004010                __low_level_init
 *(.init4)
 .init4         0x0000000000004010       0x18 /usr/local/lib/gcc/msp430/4.6.3/mmpy-16/libcrt0.a(_copy_data.o)
                0x0000000000004010                __do_copy_data
 .init4         0x0000000000004028       0x16 /usr/local/lib/gcc/msp430/4.6.3/mmpy-16/libcrt0.a(_clear_bss.o)
                0x0000000000004028                __do_clear_bss
 *(.init5)
 *(.init6)
 *(.init7)
 *(.init8)
 *(.init9)
 .init9         0x000000000000403e      0x302 obj_sky/contiki-sky-main.o
                0x000000000000403e                main
 *(.fini9)
 .fini9         0x0000000000004340        0x0 /usr/local/lib/gcc/msp430/4.6.3/mmpy-16/libcrt0.a(__stop_progExec__.o)
                0x0000000000004340                __stop_progExec__
 *(.fini8)
 *(.fini7)
 *(.fini6)
 *(.fini5)
 *(.fini4)
 *(.fini3)
 *(.fini2)
 *(.fini1)
 *(.fini0)
 .fini0         0x0000000000004340        0x6 /usr/local/lib/gcc/msp430/4.6.3/mmpy-16/libcrt0.a(_endless_loop__.o)
                0x0000000000004340                _endless_loop__
 *(.fini .fini.*)
                0x0000000000004346                . = ALIGN (0x2)
                0x0000000000004346                __ctors_start = .
 *(.ctors)
                0x0000000000004346                __ctors_end = .
                0x0000000000004346                __dtors_start = .
 *(.dtors)
                0x0000000000004346                __dtors_end = .
                0x0000000000004346                . = ALIGN (0x2)
 *(.text .text.* .gnu.linkonce.t.*)
 .text          0x0000000000004346        0x4 /usr/local/lib/gcc/msp430/4.6.3/mmpy-16/crt0ivtbl16.o
                0x0000000000004346                __isr_14
                0x0000000000004346                __isr_11
                0x0000000000004346                __isr_2
                0x0000000000004346                __isr_0
                0x0000000000004346                __isr_8
                0x0000000000004346                __isr_3
                0x0000000000004346                __isr_12
                0x0000000000004346                __isr_13
                0x0000000000004346                __isr_9
 .text.process_thread_main_process
                0x000000000000434a       0x3e adc.co
 .text.read_adc
                0x0000000000004388       0x14 adc.co
                0x0000000000004388                read_adc
 .text.ADC12_ISR
                0x000000000000439c       0x1c adc.co
                0x000000000000439c                __isr_7
                0x000000000000439c                ADC12_ISR
 .text.rimeaddr_copy
                0x00000000000043b8        0xc contiki-sky.a(rimeaddr.o)
                0x00000000000043b8                rimeaddr_copy
 .text.rimeaddr_cmp
                0x00000000000043c4       0x1a contiki-sky.a(rimeaddr.o)
                0x00000000000043c4                rimeaddr_cmp
 .text.rimeaddr_set_node_addr
                0x00000000000043de        0xc contiki-sky.a(rimeaddr.o)
                0x00000000000043de                rimeaddr_set_node_addr
 .text.input    0x00000000000043ea       0x42 contiki-sky.a(rime.o)
 .text.init     0x000000000000442c       0x2e contiki-sky.a(rime.o)
 .text.packet_sent
                0x000000000000445a       0x44 contiki-sky.a(rime.o)
 .text.rime_output
                0x000000000000449e       0x2c contiki-sky.a(rime.o)
                0x000000000000449e                rime_output
 .text.announcement_init
                0x00000000000044ca        0xa contiki-sky.a(announcement.o)
                0x00000000000044ca                announcement_init
 .text.announcement_register_observer_callback
                0x00000000000044d4        0x6 contiki-sky.a(announcement.o)
                0x00000000000044d4                announcement_register_observer_callback
 .text.announcement_list
                0x00000000000044da        0xa contiki-sky.a(announcement.o)
                0x00000000000044da                announcement_list
 .text.announcement_heard
                0x00000000000044e4       0x42 contiki-sky.a(announcement.o)
                0x00000000000044e4                announcement_heard
 .text.adv_packet_sent
                0x0000000000004526        0x2 contiki-sky.a(broadcast-annou)
 .text.adv_packet_received
                0x0000000000004528       0x66 contiki-sky.a(broadcast-annou)
 .text.set_timers
                0x000000000000458e       0x4a contiki-sky.a(broadcast-annou)
 .text.send_timer
                0x00000000000045d8       0x36 contiki-sky.a(broadcast-annou)
 .text.new_announcement
                0x000000000000460e       0x18 contiki-sky.a(broadcast-annou)
 .text.send_adv
                0x0000000000004626       0x66 contiki-sky.a(broadcast-annou)
 .text.broadcast_announcement_init
                0x000000000000468c       0x48 contiki-sky.a(broadcast-annou)
                0x000000000000468c                broadcast_announcement_init
 .text.sent_by_abc
                0x00000000000046d4       0x10 contiki-sky.a(broadcast.o)
 .text.recv_from_abc
                0x00000000000046e4       0x20 contiki-sky.a(broadcast.o)
 .text.broadcast_open
                0x0000000000004704       0x2a contiki-sky.a(broadcast.o)
                0x0000000000004704                broadcast_open
 .text.broadcast_send
                0x000000000000472e       0x1a contiki-sky.a(broadcast.o)
                0x000000000000472e                broadcast_send
 .text.abc_open
                0x0000000000004748       0x26 contiki-sky.a(abc.o)
                0x0000000000004748                abc_open
 .text.abc_send
                0x000000000000476e        0x6 contiki-sky.a(abc.o)
                0x000000000000476e                abc_send
 .text.abc_input
                0x0000000000004774        0x8 contiki-sky.a(abc.o)
                0x0000000000004774                abc_input
 .text.abc_sent
                0x000000000000477c       0x10 contiki-sky.a(abc.o)
                0x000000000000477c                abc_sent
 .text.chameleon_init
                0x000000000000478c        0x6 contiki-sky.a(chameleon.o)
                0x000000000000478c                chameleon_init
 .text.chameleon_parse
                0x0000000000004792       0x10 contiki-sky.a(chameleon.o)
                0x0000000000004792                chameleon_parse
 .text.chameleon_create
                0x00000000000047a2       0x1c contiki-sky.a(chameleon.o)
                0x00000000000047a2                chameleon_create
 .text.chameleon_hdrsize
                0x00000000000047be        0x6 contiki-sky.a(chameleon.o)
                0x00000000000047be                chameleon_hdrsize
 .text.channel_init
                0x00000000000047c4        0xa contiki-sky.a(channel.o)
                0x00000000000047c4                channel_init
 .text.channel_open
                0x00000000000047ce       0x10 contiki-sky.a(channel.o)
                0x00000000000047ce                channel_open
 .text.channel_lookup
                0x00000000000047de       0x20 contiki-sky.a(channel.o)
                0x00000000000047de                channel_lookup
 .text.channel_set_attributes
                0x00000000000047fe       0x24 contiki-sky.a(channel.o)
                0x00000000000047fe                channel_set_attributes
 .text.header_size
                0x0000000000004822       0x16 contiki-sky.a(chameleon-bitop)
 .text.get_bits_in_byte
                0x0000000000004838       0x3a contiki-sky.a(chameleon-bitop)
                0x0000000000004838                get_bits_in_byte
 .text.get_bits
                0x0000000000004872       0xa4 contiki-sky.a(chameleon-bitop)
                0x0000000000004872                get_bits
 .text.unpack_header
                0x0000000000004916       0xd6 contiki-sky.a(chameleon-bitop)
 .text.set_bits_in_byte
                0x00000000000049ec       0x2c contiki-sky.a(chameleon-bitop)
                0x00000000000049ec                set_bits_in_byte
 .text.set_bits
                0x0000000000004a18       0xd2 contiki-sky.a(chameleon-bitop)
                0x0000000000004a18                set_bits
 .text.pack_header
                0x0000000000004aea       0xbc contiki-sky.a(chameleon-bitop)
 .text.input_packet
                0x0000000000004ba6        0x6 contiki-sky.a(csma.o)
 .text.on       0x0000000000004bac        0x6 contiki-sky.a(csma.o)
 .text.off      0x0000000000004bb2        0x6 contiki-sky.a(csma.o)
 .text.channel_check_interval
                0x0000000000004bb8       0x10 contiki-sky.a(csma.o)
 .text.transmit_packet_list
                0x0000000000004bc8       0x24 contiki-sky.a(csma.o)
 .text.free_first_packet
                0x0000000000004bec       0xa0 contiki-sky.a(csma.o)
 .text.packet_sent
                0x0000000000004c8c      0x104 contiki-sky.a(csma.o)
 .text.init     0x0000000000004d90       0x1a contiki-sky.a(csma.o)
 .text.send_packet
                0x0000000000004daa      0x170 contiki-sky.a(csma.o)
 .text.duty_cycle
                0x0000000000004f1a        0x6 contiki-sky.a(contikimac.o)
 .text.init     0x0000000000004f20       0x32 contiki-sky.a(contikimac.o)
 .text.on       0x0000000000004f52       0x1a contiki-sky.a(contikimac.o)
 .text.off      0x0000000000004f6c       0x22 contiki-sky.a(contikimac.o)
 .text.recv_burst_off
                0x0000000000004f8e        0xa contiki-sky.a(contikimac.o)
 .text.turn_off
                0x0000000000004f98       0x20 contiki-sky.a(contikimac.o)
 .text.turn_on  0x0000000000004fb8       0x30 contiki-sky.a(contikimac.o)
 .text.schedule_powercycle_fixed
                0x0000000000004fe8       0x4c contiki-sky.a(contikimac.o)
 .text.powercycle_turn_radio_off
                0x0000000000005034       0x30 contiki-sky.a(contikimac.o)
 .text.powercycle
                0x0000000000005064      0x1d6 contiki-sky.a(contikimac.o)
 .text.input_packet
                0x000000000000523a      0x128 contiki-sky.a(contikimac.o)
 .text.send_packet
                0x0000000000005362      0x2c8 contiki-sky.a(contikimac.o)
 .text.qsend_list
                0x000000000000562a       0x86 contiki-sky.a(contikimac.o)
 .text.qsend_packet
                0x00000000000056b0       0x26 contiki-sky.a(contikimac.o)
 .text.send_packet
                0x00000000000056d6       0x44 contiki-sky.a(phase.o)
 .text.find_neighbor
                0x000000000000571a       0x32 contiki-sky.a(phase.o)
                0x000000000000571a                find_neighbor
 .text.phase_update
                0x000000000000574c       0xb8 contiki-sky.a(phase.o)
                0x000000000000574c                phase_update
 .text.phase_wait
                0x0000000000005804       0xf8 contiki-sky.a(phase.o)
                0x0000000000005804                phase_wait
 .text.phase_init
                0x00000000000058fc       0x20 contiki-sky.a(phase.o)
                0x00000000000058fc                phase_init
 .text.call_process
                0x000000000000591c       0x4a contiki-sky.a(process.o)
 .text.exit_process
                0x0000000000005966       0x96 contiki-sky.a(process.o)
 .text.do_poll  0x00000000000059fc       0x30 contiki-sky.a(process.o)
 .text.process_alloc_event
                0x0000000000005a2c        0xe contiki-sky.a(process.o)
                0x0000000000005a2c                process_alloc_event
 .text.process_init
                0x0000000000005a3a       0x1c contiki-sky.a(process.o)
                0x0000000000005a3a                process_init
 .text.process_run
                0x0000000000005a56       0xa2 contiki-sky.a(process.o)
                0x0000000000005a56                process_run
 .text.process_nevents
                0x0000000000005af8        0xe contiki-sky.a(process.o)
                0x0000000000005af8                process_nevents
 .text.process_post
                0x0000000000005b06       0x54 contiki-sky.a(process.o)
                0x0000000000005b06                process_post
 .text.process_post_synch
                0x0000000000005b5a       0x12 contiki-sky.a(process.o)
                0x0000000000005b5a                process_post_synch
 .text.process_start
                0x0000000000005b6c       0x32 contiki-sky.a(process.o)
                0x0000000000005b6c                process_start
 .text.process_poll
                0x0000000000005b9e       0x18 contiki-sky.a(process.o)
                0x0000000000005b9e                process_poll
 .text.autostart_start
                0x0000000000005bb6       0x16 contiki-sky.a(autostart.o)
                0x0000000000005bb6                autostart_start
 .text.compower_accumulate
                0x0000000000005bcc       0x72 contiki-sky.a(compower.o)
                0x0000000000005bcc                compower_accumulate
 .text.compower_clear
                0x0000000000005c3e       0x12 contiki-sky.a(compower.o)
                0x0000000000005c3e                compower_clear
 .text.compower_attrconv
                0x0000000000005c50       0x10 contiki-sky.a(compower.o)
                0x0000000000005c50                compower_attrconv
 .text.process_thread_serial_line_process
                0x0000000000005c60       0x9c contiki-sky.a(serial-line.o)
 .text.serial_line_input_byte
                0x0000000000005cfc       0x4a contiki-sky.a(serial-line.o)
                0x0000000000005cfc                serial_line_input_byte
 .text.serial_line_init
                0x0000000000005d46       0x1c contiki-sky.a(serial-line.o)
                0x0000000000005d46                serial_line_init
 .text.memb_init
                0x0000000000005d62       0x36 contiki-sky.a(memb.o)
                0x0000000000005d62                memb_init
 .text.memb_alloc
                0x0000000000005d98       0x3e contiki-sky.a(memb.o)
                0x0000000000005d98                memb_alloc
 .text.memb_free
                0x0000000000005dd6       0x3a contiki-sky.a(memb.o)
                0x0000000000005dd6                memb_free
 .text.memb_inmemb
                0x0000000000005e10       0x2e contiki-sky.a(memb.o)
                0x0000000000005e10                memb_inmemb
 .text.timer_set
                0x0000000000005e3e       0x1c contiki-sky.a(timer.o)
                0x0000000000005e3e                timer_set
 .text.timer_reset
                0x0000000000005e5a        0xe contiki-sky.a(timer.o)
                0x0000000000005e5a                timer_reset
 .text.timer_expired
                0x0000000000005e68       0x2a contiki-sky.a(timer.o)
                0x0000000000005e68                timer_expired
 .text.list_init
                0x0000000000005e92        0x6 contiki-sky.a(list.o)
                0x0000000000005e92                list_init
 .text.list_head
                0x0000000000005e98        0x4 contiki-sky.a(list.o)
                0x0000000000005e98                list_head
 .text.list_tail
                0x0000000000005e9c       0x12 contiki-sky.a(list.o)
                0x0000000000005e9c                list_tail
 .text.list_chop
                0x0000000000005eae       0x24 contiki-sky.a(list.o)
                0x0000000000005eae                list_chop
 .text.list_pop
                0x0000000000005ed2        0xe contiki-sky.a(list.o)
                0x0000000000005ed2                list_pop
 .text.list_remove
                0x0000000000005ee0       0x34 contiki-sky.a(list.o)
                0x0000000000005ee0                list_remove
 .text.list_push
                0x0000000000005f14       0x1a contiki-sky.a(list.o)
                0x0000000000005f14                list_push
 .text.list_add
                0x0000000000005f2e       0x2a contiki-sky.a(list.o)
                0x0000000000005f2e                list_add
 .text.list_length
                0x0000000000005f58       0x10 contiki-sky.a(list.o)
                0x0000000000005f58                list_length
 .text.list_item_next
                0x0000000000005f68        0xc contiki-sky.a(list.o)
                0x0000000000005f68                list_item_next
 .text.update_time
                0x0000000000005f74       0x78 contiki-sky.a(etimer.o)
 .text.etimer_request_poll
                0x0000000000005fec        0xa contiki-sky.a(etimer.o)
                0x0000000000005fec                etimer_request_poll
 .text.process_thread_etimer_process
                0x0000000000005ff6       0xc8 contiki-sky.a(etimer.o)
 .text.add_timer
                0x00000000000060be       0x38 contiki-sky.a(etimer.o)
 .text.etimer_set
                0x00000000000060f6       0x12 contiki-sky.a(etimer.o)
                0x00000000000060f6                etimer_set
 .text.etimer_reset
                0x0000000000006108       0x12 contiki-sky.a(etimer.o)
                0x0000000000006108                etimer_reset
 .text.etimer_pending
                0x000000000000611a        0xc contiki-sky.a(etimer.o)
                0x000000000000611a                etimer_pending
 .text.etimer_next_expiration_time
                0x0000000000006126       0x16 contiki-sky.a(etimer.o)
                0x0000000000006126                etimer_next_expiration_time
 .text.etimer_stop
                0x000000000000613c       0x3c contiki-sky.a(etimer.o)
                0x000000000000613c                etimer_stop
 .text.process_thread_ctimer_process
                0x0000000000006178       0xa4 contiki-sky.a(ctimer.o)
 .text.ctimer_init
                0x000000000000621c       0x18 contiki-sky.a(ctimer.o)
                0x000000000000621c                ctimer_init
 .text.ctimer_set
                0x0000000000006234       0x5a contiki-sky.a(ctimer.o)
                0x0000000000006234                ctimer_set
 .text.ctimer_reset
                0x000000000000628e       0x3a contiki-sky.a(ctimer.o)
                0x000000000000628e                ctimer_reset
 .text.ctimer_stop
                0x00000000000062c8       0x28 contiki-sky.a(ctimer.o)
                0x00000000000062c8                ctimer_stop
 .text.energest_init
                0x00000000000062f0       0x28 contiki-sky.a(energest.o)
                0x00000000000062f0                energest_init
 .text.energest_type_time
                0x0000000000006318       0x46 contiki-sky.a(energest.o)
                0x0000000000006318                energest_type_time
 .text.energest_type_set
                0x000000000000635e        0xe contiki-sky.a(energest.o)
                0x000000000000635e                energest_type_set
 .text.energest_flush
                0x000000000000636c       0x48 contiki-sky.a(energest.o)
                0x000000000000636c                energest_flush
 .text.rtimer_init
                0x00000000000063b4        0x6 contiki-sky.a(rtimer.o)
                0x00000000000063b4                rtimer_init
 .text.rtimer_set
                0x00000000000063ba       0x24 contiki-sky.a(rtimer.o)
                0x00000000000063ba                rtimer_set
 .text.rtimer_run_next
                0x00000000000063de       0x26 contiki-sky.a(rtimer.o)
                0x00000000000063de                rtimer_run_next
 .text.random_init
                0x0000000000006404        0x6 contiki-sky.a(random.o)
                0x0000000000006404                random_init
 .text.random_rand
                0x000000000000640a        0x6 contiki-sky.a(random.o)
                0x000000000000640a                random_rand
 .text.ringbuf_init
                0x0000000000006410       0x14 contiki-sky.a(ringbuf.o)
                0x0000000000006410                ringbuf_init
 .text.ringbuf_put
                0x0000000000006424       0x38 contiki-sky.a(ringbuf.o)
                0x0000000000006424                ringbuf_put
 .text.ringbuf_get
                0x000000000000645c       0x32 contiki-sky.a(ringbuf.o)
                0x000000000000645c                ringbuf_get
 .text.packetbuf_copyto_hdr
                0x000000000000648e       0x1c contiki-sky.a(packetbuf.o)
                0x000000000000648e                packetbuf_copyto_hdr
 .text.packetbuf_copyto
                0x00000000000064aa       0x52 contiki-sky.a(packetbuf.o)
                0x00000000000064aa                packetbuf_copyto
 .text.packetbuf_hdr_remove
                0x00000000000064fc        0x6 contiki-sky.a(packetbuf.o)
                0x00000000000064fc                packetbuf_hdr_remove
 .text.packetbuf_hdrreduce
                0x0000000000006502       0x1a contiki-sky.a(packetbuf.o)
                0x0000000000006502                packetbuf_hdrreduce
 .text.packetbuf_set_datalen
                0x000000000000651c        0x6 contiki-sky.a(packetbuf.o)
                0x000000000000651c                packetbuf_set_datalen
 .text.packetbuf_dataptr
                0x0000000000006522        0xe contiki-sky.a(packetbuf.o)
                0x0000000000006522                packetbuf_dataptr
 .text.packetbuf_hdrptr
                0x0000000000006530        0xa contiki-sky.a(packetbuf.o)
                0x0000000000006530                packetbuf_hdrptr
 .text.packetbuf_is_reference
                0x000000000000653a        0xe contiki-sky.a(packetbuf.o)
                0x000000000000653a                packetbuf_is_reference
 .text.packetbuf_compact
                0x0000000000006548       0x48 contiki-sky.a(packetbuf.o)
                0x0000000000006548                packetbuf_compact
 .text.packetbuf_reference_ptr
                0x0000000000006590        0x6 contiki-sky.a(packetbuf.o)
                0x0000000000006590                packetbuf_reference_ptr
 .text.packetbuf_datalen
                0x0000000000006596        0x6 contiki-sky.a(packetbuf.o)
                0x0000000000006596                packetbuf_datalen
 .text.packetbuf_totlen
                0x000000000000659c       0x10 contiki-sky.a(packetbuf.o)
                0x000000000000659c                packetbuf_totlen
 .text.packetbuf_hdralloc
                0x00000000000065ac       0x2e contiki-sky.a(packetbuf.o)
                0x00000000000065ac                packetbuf_hdralloc
 .text.packetbuf_attr_clear
                0x00000000000065da       0x2c contiki-sky.a(packetbuf.o)
                0x00000000000065da                packetbuf_attr_clear
 .text.packetbuf_clear
                0x0000000000006606       0x1a contiki-sky.a(packetbuf.o)
                0x0000000000006606                packetbuf_clear
 .text.packetbuf_copyfrom
                0x0000000000006620       0x2e contiki-sky.a(packetbuf.o)
                0x0000000000006620                packetbuf_copyfrom
 .text.packetbuf_attr_copyto
                0x000000000000664e       0x20 contiki-sky.a(packetbuf.o)
                0x000000000000664e                packetbuf_attr_copyto
 .text.packetbuf_attr_copyfrom
                0x000000000000666e       0x22 contiki-sky.a(packetbuf.o)
                0x000000000000666e                packetbuf_attr_copyfrom
 .text.queuebuf_init
                0x0000000000006690       0x1a contiki-sky.a(queuebuf.o)
                0x0000000000006690                queuebuf_init
 .text.queuebuf_new_from_packetbuf
                0x00000000000066aa       0x7e contiki-sky.a(queuebuf.o)
                0x00000000000066aa                queuebuf_new_from_packetbuf
 .text.queuebuf_update_attr_from_packetbuf
                0x0000000000006728       0x12 contiki-sky.a(queuebuf.o)
                0x0000000000006728                queuebuf_update_attr_from_packetbuf
 .text.queuebuf_free
                0x000000000000673a       0x40 contiki-sky.a(queuebuf.o)
                0x000000000000673a                queuebuf_free
 .text.queuebuf_to_packetbuf
                0x000000000000677a       0x6e contiki-sky.a(queuebuf.o)
                0x000000000000677a                queuebuf_to_packetbuf
 .text.init_platform
                0x00000000000067e8        0xc contiki-sky.a(contiki-sky-pla)
                0x00000000000067e8                init_platform
 .text.status   0x00000000000067f4       0x16 contiki-sky.a(button-sensor.o)
 .text.configure
                0x000000000000680a       0x52 contiki-sky.a(button-sensor.o)
 .text.value    0x000000000000685c       0x22 contiki-sky.a(button-sensor.o)
 .text.irq_p2   0x000000000000687e       0x8a contiki-sky.a(button-sensor.o)
                0x000000000000687e                irq_p2
                0x000000000000687e                __isr_1
 .text.owreadb  0x0000000000006908       0x52 contiki-sky.a(ds2411.o)
 .text.ds2411_init
                0x000000000000695a      0x122 contiki-sky.a(ds2411.o)
                0x000000000000695a                ds2411_init
 .text.wait_ready
                0x0000000000006a7c       0x50 contiki-sky.a(xmem.o)
 .text.xmem_init
                0x0000000000006acc       0x3e contiki-sky.a(xmem.o)
                0x0000000000006acc                xmem_init
 .text.xmem_pread
                0x0000000000006b0a       0xea contiki-sky.a(xmem.o)
                0x0000000000006b0a                xmem_pread
 .text.node_id_restore
                0x0000000000006bf4       0x38 contiki-sky.a(node-id.o)
                0x0000000000006bf4                node_id_restore
 .text.process_thread_sensors_process
                0x0000000000006c2c       0xbe contiki-sky.a(sensors.o)
 .text.sensors_changed
                0x0000000000006cea       0x2a contiki-sky.a(sensors.o)
                0x0000000000006cea                sensors_changed
 .text.strobe   0x0000000000006d14       0x20 contiki-sky.a(cc2420.o)
 .text.status   0x0000000000006d34       0x26 contiki-sky.a(cc2420.o)
 .text.getreg   0x0000000000006d5a       0x54 contiki-sky.a(cc2420.o)
 .text.setreg   0x0000000000006dae       0x52 contiki-sky.a(cc2420.o)
 .text.set_txpower
                0x0000000000006e00       0x26 contiki-sky.a(cc2420.o)
 .text.cc2420_receiving_packet
                0x0000000000006e26        0xe contiki-sky.a(cc2420.o)
 .text.pending_packet
                0x0000000000006e34        0x8 contiki-sky.a(cc2420.o)
 .text.on       0x0000000000006e3c       0x40 contiki-sky.a(cc2420.o)
 .text.flushrx  0x0000000000006e7c       0x7a contiki-sky.a(cc2420.o)
 .text.off      0x0000000000006ef6       0x72 contiki-sky.a(cc2420.o)
 .text.RELEASE_LOCK
                0x0000000000006f68       0x28 contiki-sky.a(cc2420.o)
 .text.cc2420_prepare
                0x0000000000006f90       0x92 contiki-sky.a(cc2420.o)
 .text.getrxdata
                0x0000000000007022       0x56 contiki-sky.a(cc2420.o)
 .text.cc2420_on
                0x0000000000007078       0x22 contiki-sky.a(cc2420.o)
                0x0000000000007078                cc2420_on
 .text.cc2420_off
                0x000000000000709a       0x30 contiki-sky.a(cc2420.o)
                0x000000000000709a                cc2420_off
 .text.cc2420_cca
                0x00000000000070ca       0x74 contiki-sky.a(cc2420.o)
 .text.cc2420_read
                0x000000000000713e      0x11a contiki-sky.a(cc2420.o)
 .text.process_thread_cc2420_process
                0x0000000000007258       0x50 contiki-sky.a(cc2420.o)
 .text.cc2420_set_channel
                0x00000000000072a8       0x78 contiki-sky.a(cc2420.o)
                0x00000000000072a8                cc2420_set_channel
 .text.cc2420_set_pan_addr
                0x0000000000007320      0x14a contiki-sky.a(cc2420.o)
                0x0000000000007320                cc2420_set_pan_addr
 .text.cc2420_init
                0x000000000000746a       0xd0 contiki-sky.a(cc2420.o)
                0x000000000000746a                cc2420_init
 .text.cc2420_interrupt
                0x000000000000753a       0x20 contiki-sky.a(cc2420.o)
                0x000000000000753a                cc2420_interrupt
 .text.cc2420_get_txpower
                0x000000000000755a       0x1e contiki-sky.a(cc2420.o)
                0x000000000000755a                cc2420_get_txpower
 .text.cc2420_transmit
                0x0000000000007578      0x1a8 contiki-sky.a(cc2420.o)
 .text.cc2420_send
                0x0000000000007720       0x12 contiki-sky.a(cc2420.o)
 .text.cc2420_port1_interrupt
                0x0000000000007732       0x62 contiki-sky.a(cc2420-arch.o)
                0x0000000000007732                __isr_4
                0x0000000000007732                cc2420_port1_interrupt
 .text.cc2420_arch_init
                0x0000000000007794       0x1a contiki-sky.a(cc2420-arch.o)
                0x0000000000007794                cc2420_arch_init
 .text.handle_rxdma_timer
                0x00000000000077ae       0x3a contiki-sky.a(uart1.o)
 .text.uart1_active
                0x00000000000077e8       0x1a contiki-sky.a(uart1.o)
                0x00000000000077e8                uart1_active
 .text.uart1_set_input
                0x0000000000007802       0x20 contiki-sky.a(uart1.o)
                0x0000000000007802                uart1_set_input
 .text.uart1_writeb
                0x0000000000007822       0x1a contiki-sky.a(uart1.o)
                0x0000000000007822                uart1_writeb
 .text.uart1_init
                0x000000000000783c       0xf6 contiki-sky.a(uart1.o)
                0x000000000000783c                uart1_init
 .text.putchar  0x0000000000007932       0x10 contiki-sky.a(uart1-putchar.o)
                0x0000000000007932                putchar
 .text.msp430_init_dco
                0x0000000000007942       0x84 contiki-sky.a(msp430.o)
                0x0000000000007942                msp430_init_dco
 .text.msp430_add_lpm_req
                0x00000000000079c6        0xc contiki-sky.a(msp430.o)
                0x00000000000079c6                msp430_add_lpm_req
 .text.msp430_cpu_init
                0x00000000000079d2       0x2a contiki-sky.a(msp430.o)
                0x00000000000079d2                msp430_cpu_init
 .text.splhigh_
                0x00000000000079fc        0x8 contiki-sky.a(msp430.o)
                0x00000000000079fc                splhigh_
 .text.msp430_sync_dco
                0x0000000000007a04       0x68 contiki-sky.a(msp430.o)
                0x0000000000007a04                msp430_sync_dco
 .text.timera1  0x0000000000007a6c       0xfe contiki-sky.a(clock.o)
                0x0000000000007a6c                __isr_5
                0x0000000000007a6c                timera1
 .text.clock_time
                0x0000000000007b6a       0x1a contiki-sky.a(clock.o)
                0x0000000000007b6a                clock_time
 .text.clock_init
                0x0000000000007b84       0x28 contiki-sky.a(clock.o)
                0x0000000000007b84                clock_init
 .text.clock_delay
                0x0000000000007bac        0xc contiki-sky.a(clock.o)
                0x0000000000007bac                clock_delay
 .text.show_leds
                0x0000000000007bb8      0x100 contiki-sky.a(leds.o)
 .text.leds_init
                0x0000000000007cb8        0xe contiki-sky.a(leds.o)
                0x0000000000007cb8                leds_init
 .text.leds_on  0x0000000000007cc6       0x14 contiki-sky.a(leds.o)
                0x0000000000007cc6                leds_on
 .text.leds_off
                0x0000000000007cda       0x14 contiki-sky.a(leds.o)
                0x0000000000007cda                leds_off
 .text.leds_arch_init
                0x0000000000007cee        0xe contiki-sky.a(leds-arch.o)
                0x0000000000007cee                leds_arch_init
 .text.leds_arch_set
                0x0000000000007cfc       0x3a contiki-sky.a(leds-arch.o)
                0x0000000000007cfc                leds_arch_set
 .text.watchdog_interrupt
                0x0000000000007d36        0x6 contiki-sky.a(watchdog.o)
                0x0000000000007d36                __isr_10
                0x0000000000007d36                watchdog_interrupt
 .text.watchdog_start
                0x0000000000007d3c       0x14 contiki-sky.a(watchdog.o)
                0x0000000000007d3c                watchdog_start
 .text.watchdog_periodic
                0x0000000000007d50       0x12 contiki-sky.a(watchdog.o)
                0x0000000000007d50                watchdog_periodic
 .text.watchdog_stop
                0x0000000000007d62       0x16 contiki-sky.a(watchdog.o)
                0x0000000000007d62                watchdog_stop
 .text.watchdog_init
                0x0000000000007d78       0x14 contiki-sky.a(watchdog.o)
                0x0000000000007d78                watchdog_init
 .text.rtimer_arch_init
                0x0000000000007d8c        0xe contiki-sky.a(rtimer-arch.o)
                0x0000000000007d8c                rtimer_arch_init
 .text.rtimer_arch_now
                0x0000000000007d9a        0xe contiki-sky.a(rtimer-arch.o)
                0x0000000000007d9a                rtimer_arch_now
 .text.timera0  0x0000000000007da8       0x70 contiki-sky.a(rtimer-arch.o)
                0x0000000000007da8                __isr_6
                0x0000000000007da8                timera0
 .text.rtimer_arch_schedule
                0x0000000000007e18        0x6 contiki-sky.a(rtimer-arch.o)
                0x0000000000007e18                rtimer_arch_schedule
 .text.mac_call_sent_callback
                0x0000000000007e1e       0x14 contiki-sky.a(mac.o)
                0x0000000000007e1e                mac_call_sent_callback
 .text.parse    0x0000000000007e32       0xaa contiki-sky.a(framer-802154.o)
 .text.create   0x0000000000007edc      0x112 contiki-sky.a(framer-802154.o)
 .text.spi_init
                0x0000000000007fee       0x32 contiki-sky.a(spi.o)
                0x0000000000007fee                spi_init
 .text.field_len
                0x0000000000008020       0x98 contiki-sky.a(frame802154.o)
 .text.frame802154_hdrlen
                0x00000000000080b8       0x26 contiki-sky.a(frame802154.o)
                0x00000000000080b8                frame802154_hdrlen
 .text.frame802154_create
                0x00000000000080de      0x172 contiki-sky.a(frame802154.o)
                0x00000000000080de                frame802154_create
 .text.frame802154_parse
                0x0000000000008250      0x1ec contiki-sky.a(frame802154.o)
                0x0000000000008250                frame802154_parse
 .text.libgcc   0x000000000000843c       0x2c /usr/local/lib/gcc/msp430/4.6.3/mmpy-16/libgcc.a(_mulsi3.o)
                0x000000000000843c                __mulsi3
 .text.libgcc   0x0000000000008468       0x22 /usr/local/lib/gcc/msp430/4.6.3/mmpy-16/libgcc.a(_udivmod16.o)
                0x0000000000008468                __udivhi3
                0x0000000000008468                __ext_udivmod16
                0x0000000000008482                __umodhi3
 .text.libgcc   0x000000000000848a       0x40 /usr/local/lib/gcc/msp430/4.6.3/mmpy-16/libgcc.a(_udivmod32.o)
                0x000000000000848a                __udivsi3
                0x000000000000848a                __ext_udivmod32
                0x00000000000084c0                __umodsi3
 .text          0x00000000000084ca       0xfa /usr/local/lib/gcc/msp430/4.6.3/../../../../msp430/lib/mmpy-16/libc.a(memcpy.o)
                0x00000000000084ca                memcpy
 .text          0x00000000000085c4       0x6a /usr/local/lib/gcc/msp430/4.6.3/../../../../msp430/lib/mmpy-16/libc.a(memset.o)
                0x00000000000085c4                memset
 .text          0x000000000000862e       0x1e /usr/local/lib/gcc/msp430/4.6.3/../../../../msp430/lib/mmpy-16/libc.a(printf.o)
                0x000000000000862e                printf
                0x000000000000863e                vprintf
 .text          0x000000000000864c      0x836 /usr/local/lib/gcc/msp430/4.6.3/../../../../msp430/lib/mmpy-16/libc.a(vuprintf.o)
                0x00000000000087e4                vuprintf
 .text          0x0000000000008e82       0x2c /usr/local/lib/gcc/msp430/4.6.3/../../../../msp430/lib/mmpy-16/libc.a(puts.o)
                0x0000000000008e82                puts
 .text          0x0000000000008eae       0x54 /usr/local/lib/gcc/msp430/4.6.3/../../../../msp430/lib/mmpy-16/libc.a(rand.o)
                0x0000000000008eae                rand_r
                0x0000000000008ed2                rand
                0x0000000000008ef8                srand
 .text.libgcc   0x0000000000008f02       0xf0 /usr/local/lib/gcc/msp430/4.6.3/mmpy-16/libgcc.a(_udivmod64.o)
                0x0000000000008f02                __xabi_udivmod64
                0x0000000000008f60                __udivdi3
                0x0000000000008f86                __umoddi3
                0x0000000000008fb4                __udivmoddi4
 .text.crt0     0x0000000000008ff2        0x2 /usr/local/lib/gcc/msp430/4.6.3/mmpy-16/libcrt0.a(_unexpected_.o)
                0x0000000000008ff2                _unexpected_
                0x0000000000008ff4                . = ALIGN (0x2)

.rodata         0x0000000000008ff4      0x1ea
                0x0000000000008ff4                . = ALIGN (0x2)
 *(.rodata .rodata.* .gnu.linkonce.r.*)
 .rodata        0x0000000000008ff4       0x1e adc.co
                0x0000000000009008                autostart_processes
 .rodata        0x0000000000009012       0xd4 obj_sky/contiki-sky-main.o
 .rodata        0x00000000000090e6        0x2 contiki-sky.a(rimeaddr.o)
                0x00000000000090e6                rimeaddr_null
 .rodata        0x00000000000090e8        0xc contiki-sky.a(rime.o)
                0x00000000000090ee                rime_driver
 .rodata        0x00000000000090f4        0x4 contiki-sky.a(broadcast-annou)
 .rodata        0x00000000000090f8        0x8 contiki-sky.a(broadcast.o)
 .rodata        0x0000000000009100        0x2 contiki-sky.a(abc.o)
 .rodata        0x0000000000009102       0x10 contiki-sky.a(chameleon-bitop)
                0x0000000000009102                chameleon_bitopt
 .rodata        0x0000000000009112       0x14 contiki-sky.a(csma.o)
                0x0000000000009118                csma_driver
 .rodata        0x0000000000009126       0x46 contiki-sky.a(contikimac.o)
                0x000000000000915c                contikimac_driver
 .rodata        0x000000000000916c        0xe contiki-sky.a(serial-line.o)
 .rodata        0x000000000000917a        0xc contiki-sky.a(etimer.o)
 .rodata        0x0000000000009186        0xf contiki-sky.a(ctimer.o)
 *fill*         0x0000000000009195        0x1 00
 .rodata        0x0000000000009196       0x10 contiki-sky.a(button-sensor.o)
                0x000000000000919e                button_sensor
 .rodata        0x00000000000091a6        0x8 contiki-sky.a(sensors.o)
 .rodata        0x00000000000091ae       0x22 contiki-sky.a(cc2420.o)
                0x00000000000091ae                cc2420_driver
 .rodata        0x00000000000091d0        0x4 contiki-sky.a(framer-802154.o)
                0x00000000000091d0                framer_802154
 .rodata        0x00000000000091d4        0x2 contiki-sky.a(frame802154.o)
 .rodata        0x00000000000091d6        0x7 /usr/local/lib/gcc/msp430/4.6.3/../../../../msp430/lib/mmpy-16/libc.a(vuprintf.o)
                0x00000000000091de                . = ALIGN (0x2)
 *fill*         0x00000000000091dd        0x1 00
                0x00000000000091de                _etext = .

.data           0x0000000000001100       0x8c load address 0x00000000000091de
                0x0000000000001100                . = ALIGN (0x2)
                0x0000000000001100                PROVIDE (__data_start, .)
 *(.data .data.* .gnu.linkonce.d.*)
 .data          0x0000000000001100        0xa adc.co
                0x0000000000001100                main_process
 .data          0x000000000000110a       0x18 contiki-sky.a(csma.o)
 .data          0x0000000000001122        0xe contiki-sky.a(contikimac.o)
                0x0000000000001122                phase_list
 .data          0x0000000000001130        0x8 contiki-sky.a(phase.o)
 .data          0x0000000000001138        0xa contiki-sky.a(serial-line.o)
                0x0000000000001138                serial_line_process
 .data          0x0000000000001142        0xa contiki-sky.a(etimer.o)
                0x0000000000001142                etimer_process
 .data          0x000000000000114c        0xa contiki-sky.a(ctimer.o)
                0x000000000000114c                ctimer_process
 .data          0x0000000000001156       0x18 contiki-sky.a(queuebuf.o)
 .data          0x000000000000116e        0x4 contiki-sky.a(contiki-sky-pla)
                0x000000000000116e                sensors
 .data          0x0000000000001172        0xa contiki-sky.a(sensors.o)
                0x0000000000001172                sensors_process
 .data          0x000000000000117c        0xa contiki-sky.a(cc2420.o)
                0x000000000000117c                cc2420_process
 .data          0x0000000000001186        0x2 contiki-sky.a(msp430.o)
 .data          0x0000000000001188        0x4 /usr/local/lib/gcc/msp430/4.6.3/../../../../msp430/lib/mmpy-16/libc.a(rand.o)
                0x000000000000118c                . = ALIGN (0x2)
                0x000000000000118c                _edata = .
                0x00000000000091de                PROVIDE (__data_load_start, LOADADDR (.data))
                0x000000000000008c                PROVIDE (__data_size, SIZEOF (.data))

.bss            0x000000000000118c     0x1514 load address 0x000000000000926a
                0x000000000000118c                PROVIDE (__bss_start, .)
 *(.bss .bss.*)
 .bss           0x000000000000118c        0x2 adc.co
 .bss           0x000000000000118e        0xc obj_sky/contiki-sky-main.o
 .bss           0x000000000000119a        0x2 contiki-sky.a(rime.o)
 .bss           0x000000000000119c        0x6 contiki-sky.a(announcement.o)
 .bss           0x00000000000011a2       0x46 contiki-sky.a(broadcast-annou)
 .bss           0x00000000000011e8        0x2 contiki-sky.a(channel.o)
 .bss           0x00000000000011ea      0x126 contiki-sky.a(csma.o)
 .bss           0x0000000000001310      0x276 contiki-sky.a(contikimac.o)
 .bss           0x0000000000001586       0xe8 contiki-sky.a(phase.o)
 .bss           0x000000000000166e       0x42 contiki-sky.a(process.o)
                0x000000000000166e                process_current
                0x0000000000001670                process_list
 .bss           0x00000000000016b0        0x8 contiki-sky.a(compower.o)
 .bss           0x00000000000016b8      0x10a contiki-sky.a(serial-line.o)
 .bss           0x00000000000017c2        0x6 contiki-sky.a(etimer.o)
 .bss           0x00000000000017c8        0x4 contiki-sky.a(ctimer.o)
 .bss           0x00000000000017cc        0x2 contiki-sky.a(rtimer.o)
 .bss           0x00000000000017ce       0xba contiki-sky.a(packetbuf.o)
 .bss           0x0000000000001888      0xc4e contiki-sky.a(queuebuf.o)
 .bss           0x00000000000024d6        0x8 contiki-sky.a(button-sensor.o)
 .bss           0x00000000000024de        0x2 contiki-sky.a(node-id.o)
                0x00000000000024de                node_id
 .bss           0x00000000000024e0        0x6 contiki-sky.a(sensors.o)
 .bss           0x00000000000024e6        0xa contiki-sky.a(cc2420.o)
 .bss           0x00000000000024f0       0x9a contiki-sky.a(uart1.o)
 .bss           0x000000000000258a        0xa contiki-sky.a(clock.o)
 .bss           0x0000000000002594        0x2 contiki-sky.a(leds.o)
 .bss           0x0000000000002596        0x2 contiki-sky.a(watchdog.o)
 .bss           0x0000000000002598        0x2 contiki-sky.a(framer-802154.o)
 *(COMMON)
 COMMON         0x000000000000259a        0x2 contiki-sky.a(rimeaddr.o)
                0x000000000000259a                rimeaddr_node_addr
 COMMON         0x000000000000259c       0x48 contiki-sky.a(rimestats.o)
                0x000000000000259c                rimestats
 COMMON         0x00000000000025e4        0x1 contiki-sky.a(process.o)
                0x00000000000025e4                process_maxevents
 *fill*         0x00000000000025e5        0x1 00
 COMMON         0x00000000000025e6        0x8 contiki-sky.a(compower.o)
                0x00000000000025e6                compower_idle_activity
 COMMON         0x00000000000025ee        0x1 contiki-sky.a(serial-line.o)
                0x00000000000025ee                serial_line_event_message
 *fill*         0x00000000000025ef        0x1 00
 COMMON         0x00000000000025f0       0x56 contiki-sky.a(energest.o)
                0x00000000000025f0                energest_total_time
                0x0000000000002620                energest_total_count
                0x0000000000002622                energest_current_mode
                0x000000000000262e                energest_current_time
 COMMON         0x0000000000002646       0x38 contiki-sky.a(packetbuf.o)
                0x0000000000002646                packetbuf_addrs
                0x000000000000264e                packetbuf_attrs
 COMMON         0x000000000000267e        0x2 contiki-sky.a(contiki-sky-pla)
                0x000000000000267e                sensors_flags
 COMMON         0x0000000000002680        0x8 contiki-sky.a(ds2411.o)
                0x0000000000002680                ds2411_id
 COMMON         0x0000000000002688        0x1 contiki-sky.a(sensors.o)
                0x0000000000002688                sensors_event
 *fill*         0x0000000000002689        0x1 00
 COMMON         0x000000000000268a       0x14 contiki-sky.a(cc2420.o)
                0x000000000000268a                cc2420_last_rssi
                0x000000000000268c                cc2420_packets_read
                0x000000000000268e                cc2420_packets_seen
                0x0000000000002690                cc2420_sfd_start_time
                0x0000000000002692                cc2420_time_of_departure
                0x0000000000002694                cc2420_time_of_arrival
                0x0000000000002696                cc2420_last_correlation
                0x0000000000002698                cc2420_authority_level_of_sender
                0x000000000000269a                cc2420_sfd_counter
                0x000000000000269c                cc2420_sfd_end_time
 COMMON         0x000000000000269e        0x2 contiki-sky.a(msp430.o)
                0x000000000000269e                msp430_dco_required
                0x00000000000026a0                . = ALIGN (0x2)
                0x00000000000026a0                PROVIDE (__bss_end, .)
                0x0000000000001514                PROVIDE (__bss_size, SIZEOF (.bss))

.noinit         0x00000000000026a0        0x2 load address 0x000000000000926a
                0x00000000000026a0                PROVIDE (__noinit_start, .)
 *(.noinit .noinit.*)
 .noinit.crt0   0x00000000000026a0        0x2 /usr/local/lib/gcc/msp430/4.6.3/mmpy-16/libcrt0.a(__watchdog_support.o)
                0x00000000000026a0                __wdt_clear_value
                0x00000000000026a2                . = ALIGN (0x2)
                0x00000000000026a2                PROVIDE (__noinit_end, .)
                0x00000000000026a2                . = ALIGN (0x2)
                0x00000000000026a2                _end = .

.infomem        0x0000000000001000        0x0
 *(.infomem)
                0x0000000000001000                . = ALIGN (0x2)
 *(.infomem.*)

.infomemnobits  0x0000000000001000        0x0
 *(.infomemnobits)
                0x0000000000001000                . = ALIGN (0x2)
 *(.infomemnobits.*)

.infoa
 *(.infoa .infoa.*)

.infob
 *(.infob .infob.*)

.infoc
 *(.infoc .infoc.*)

.infod
 *(.infod .infod.*)

.vectors        0x000000000000ffe0       0x20
                0x000000000000ffe0                PROVIDE (__vectors_start, .)
 *(.vectors*)
 .vectors       0x000000000000ffe0       0x20 /usr/local/lib/gcc/msp430/4.6.3/mmpy-16/crt0ivtbl16.o
                0x000000000000ffe0                __ivtbl_16
                0x0000000000010000                _vectors_end = .

.fartext        0x0000000000000000        0x0
                0x0000000000000000                . = ALIGN (0x2)
 *(.fartext)
                0x0000000000000000                . = ALIGN (0x2)
 *(.fartext.*)
                0x0000000000000000                _efartext = .

.profiler
 *(.profiler)

.stab
 *(.stab)

.stabstr
 *(.stabstr)

.stab.excl
 *(.stab.excl)

.stab.exclstr
 *(.stab.exclstr)

.stab.index
 *(.stab.index)

.stab.indexstr
 *(.stab.indexstr)

.comment
 *(.comment)

.debug
 *(.debug)

.line
 *(.line)

.debug_srcinfo
 *(.debug_srcinfo)

.debug_sfnames
 *(.debug_sfnames)

.debug_aranges  0x0000000000000000      0x154
 *(.debug_aranges)
 .debug_aranges
                0x0000000000000000       0x14 /usr/local/lib/gcc/msp430/4.6.3/mmpy-16/libgcc.a(_mulsi3.o)
 .debug_aranges
                0x0000000000000014       0x14 /usr/local/lib/gcc/msp430/4.6.3/mmpy-16/libgcc.a(_udivmod16.o)
 .debug_aranges
                0x0000000000000028       0x14 /usr/local/lib/gcc/msp430/4.6.3/mmpy-16/libgcc.a(_udivmod32.o)
 .debug_aranges
                0x000000000000003c       0x14 /usr/local/lib/gcc/msp430/4.6.3/../../../../msp430/lib/mmpy-16/libc.a(strncmp.o)
 .debug_aranges
                0x0000000000000050       0x14 /usr/local/lib/gcc/msp430/4.6.3/../../../../msp430/lib/mmpy-16/libc.a(memcpy.o)
 .debug_aranges
                0x0000000000000064       0x14 /usr/local/lib/gcc/msp430/4.6.3/../../../../msp430/lib/mmpy-16/libc.a(memset.o)
 .debug_aranges
                0x0000000000000078       0x14 /usr/local/lib/gcc/msp430/4.6.3/../../../../msp430/lib/mmpy-16/libc.a(printf.o)
 .debug_aranges
                0x000000000000008c       0x14 /usr/local/lib/gcc/msp430/4.6.3/../../../../msp430/lib/mmpy-16/libc.a(vuprintf.o)
 .debug_aranges
                0x00000000000000a0       0x14 /usr/local/lib/gcc/msp430/4.6.3/../../../../msp430/lib/mmpy-16/libc.a(puts.o)
 .debug_aranges
                0x00000000000000b4       0x14 /usr/local/lib/gcc/msp430/4.6.3/../../../../msp430/lib/mmpy-16/libc.a(rand.o)
 .debug_aranges
                0x00000000000000c8       0x14 /usr/local/lib/gcc/msp430/4.6.3/mmpy-16/libgcc.a(_udivmod64.o)
 .debug_aranges
                0x00000000000000dc       0x14 /usr/local/lib/gcc/msp430/4.6.3/mmpy-16/libcrt0.a(__watchdog_support.o)
 .debug_aranges
                0x00000000000000f0       0x14 /usr/local/lib/gcc/msp430/4.6.3/mmpy-16/libcrt0.a(__init_stack.o)
 .debug_aranges
                0x0000000000000104       0x14 /usr/local/lib/gcc/msp430/4.6.3/mmpy-16/libcrt0.a(_copy_data.o)
 .debug_aranges
                0x0000000000000118       0x14 /usr/local/lib/gcc/msp430/4.6.3/mmpy-16/libcrt0.a(_clear_bss.o)
 .debug_aranges
                0x000000000000012c       0x14 /usr/local/lib/gcc/msp430/4.6.3/mmpy-16/libcrt0.a(_endless_loop__.o)
 .debug_aranges
                0x0000000000000140       0x14 /usr/local/lib/gcc/msp430/4.6.3/mmpy-16/libcrt0.a(_unexpected_.o)

.debug_pubnames
 *(.debug_pubnames)

.debug_info     0x0000000000000000     0x10b9
 *(.debug_info)
 .debug_info    0x0000000000000000       0xa7 /usr/local/lib/gcc/msp430/4.6.3/mmpy-16/libgcc.a(_mulsi3.o)
 .debug_info    0x00000000000000a7       0xa7 /usr/local/lib/gcc/msp430/4.6.3/mmpy-16/libgcc.a(_udivmod16.o)
 .debug_info    0x000000000000014e       0xa7 /usr/local/lib/gcc/msp430/4.6.3/mmpy-16/libgcc.a(_udivmod32.o)
 .debug_info    0x00000000000001f5       0xbb /usr/local/lib/gcc/msp430/4.6.3/../../../../msp430/lib/mmpy-16/libc.a(strncmp.o)
 .debug_info    0x00000000000002b0      0x113 /usr/local/lib/gcc/msp430/4.6.3/../../../../msp430/lib/mmpy-16/libc.a(memcpy.o)
 .debug_info    0x00000000000003c3       0xfe /usr/local/lib/gcc/msp430/4.6.3/../../../../msp430/lib/mmpy-16/libc.a(memset.o)
 .debug_info    0x00000000000004c1      0x105 /usr/local/lib/gcc/msp430/4.6.3/../../../../msp430/lib/mmpy-16/libc.a(printf.o)
 .debug_info    0x00000000000005c6      0x565 /usr/local/lib/gcc/msp430/4.6.3/../../../../msp430/lib/mmpy-16/libc.a(vuprintf.o)
 .debug_info    0x0000000000000b2b       0x96 /usr/local/lib/gcc/msp430/4.6.3/../../../../msp430/lib/mmpy-16/libc.a(puts.o)
 .debug_info    0x0000000000000bc1      0x13f /usr/local/lib/gcc/msp430/4.6.3/../../../../msp430/lib/mmpy-16/libc.a(rand.o)
 .debug_info    0x0000000000000d00       0xa7 /usr/local/lib/gcc/msp430/4.6.3/mmpy-16/libgcc.a(_udivmod64.o)
 .debug_info    0x0000000000000da7       0x83 /usr/local/lib/gcc/msp430/4.6.3/mmpy-16/libcrt0.a(__watchdog_support.o)
 .debug_info    0x0000000000000e2a       0x83 /usr/local/lib/gcc/msp430/4.6.3/mmpy-16/libcrt0.a(__init_stack.o)
 .debug_info    0x0000000000000ead       0x83 /usr/local/lib/gcc/msp430/4.6.3/mmpy-16/libcrt0.a(_copy_data.o)
 .debug_info    0x0000000000000f30       0x83 /usr/local/lib/gcc/msp430/4.6.3/mmpy-16/libcrt0.a(_clear_bss.o)
 .debug_info    0x0000000000000fb3       0x83 /usr/local/lib/gcc/msp430/4.6.3/mmpy-16/libcrt0.a(_endless_loop__.o)
 .debug_info    0x0000000000001036       0x83 /usr/local/lib/gcc/msp430/4.6.3/mmpy-16/libcrt0.a(_unexpected_.o)
 *(.gnu.linkonce.wi.*)

.debug_abbrev   0x0000000000000000      0x686
 *(.debug_abbrev)
 .debug_abbrev  0x0000000000000000       0x14 /usr/local/lib/gcc/msp430/4.6.3/mmpy-16/libgcc.a(_mulsi3.o)
 .debug_abbrev  0x0000000000000014       0x14 /usr/local/lib/gcc/msp430/4.6.3/mmpy-16/libgcc.a(_udivmod16.o)
 .debug_abbrev  0x0000000000000028       0x14 /usr/local/lib/gcc/msp430/4.6.3/mmpy-16/libgcc.a(_udivmod32.o)
 .debug_abbrev  0x000000000000003c       0x7c /usr/local/lib/gcc/msp430/4.6.3/../../../../msp430/lib/mmpy-16/libc.a(strncmp.o)
 .debug_abbrev  0x00000000000000b8       0x97 /usr/local/lib/gcc/msp430/4.6.3/../../../../msp430/lib/mmpy-16/libc.a(memcpy.o)
 .debug_abbrev  0x000000000000014f       0x9c /usr/local/lib/gcc/msp430/4.6.3/../../../../msp430/lib/mmpy-16/libc.a(memset.o)
 .debug_abbrev  0x00000000000001eb       0xd0 /usr/local/lib/gcc/msp430/4.6.3/../../../../msp430/lib/mmpy-16/libc.a(printf.o)
 .debug_abbrev  0x00000000000002bb      0x1ef /usr/local/lib/gcc/msp430/4.6.3/../../../../msp430/lib/mmpy-16/libc.a(vuprintf.o)
 .debug_abbrev  0x00000000000004aa       0x60 /usr/local/lib/gcc/msp430/4.6.3/../../../../msp430/lib/mmpy-16/libc.a(puts.o)
 .debug_abbrev  0x000000000000050a       0xf0 /usr/local/lib/gcc/msp430/4.6.3/../../../../msp430/lib/mmpy-16/libc.a(rand.o)
 .debug_abbrev  0x00000000000005fa       0x14 /usr/local/lib/gcc/msp430/4.6.3/mmpy-16/libgcc.a(_udivmod64.o)
 .debug_abbrev  0x000000000000060e       0x14 /usr/local/lib/gcc/msp430/4.6.3/mmpy-16/libcrt0.a(__watchdog_support.o)
 .debug_abbrev  0x0000000000000622       0x14 /usr/local/lib/gcc/msp430/4.6.3/mmpy-16/libcrt0.a(__init_stack.o)
 .debug_abbrev  0x0000000000000636       0x14 /usr/local/lib/gcc/msp430/4.6.3/mmpy-16/libcrt0.a(_copy_data.o)
 .debug_abbrev  0x000000000000064a       0x14 /usr/local/lib/gcc/msp430/4.6.3/mmpy-16/libcrt0.a(_clear_bss.o)
 .debug_abbrev  0x000000000000065e       0x14 /usr/local/lib/gcc/msp430/4.6.3/mmpy-16/libcrt0.a(_endless_loop__.o)
 .debug_abbrev  0x0000000000000672       0x14 /usr/local/lib/gcc/msp430/4.6.3/mmpy-16/libcrt0.a(_unexpected_.o)

.debug_line     0x0000000000000000      0xa84
 *(.debug_line)
 .debug_line    0x0000000000000000       0x7e /usr/local/lib/gcc/msp430/4.6.3/mmpy-16/libgcc.a(_mulsi3.o)
 .debug_line    0x000000000000007e       0x77 /usr/local/lib/gcc/msp430/4.6.3/mmpy-16/libgcc.a(_udivmod16.o)
 .debug_line    0x00000000000000f5       0x86 /usr/local/lib/gcc/msp430/4.6.3/mmpy-16/libgcc.a(_udivmod32.o)
 .debug_line    0x000000000000017b       0x7b /usr/local/lib/gcc/msp430/4.6.3/../../../../msp430/lib/mmpy-16/libc.a(strncmp.o)
 .debug_line    0x00000000000001f6       0xef /usr/local/lib/gcc/msp430/4.6.3/../../../../msp430/lib/mmpy-16/libc.a(memcpy.o)
 .debug_line    0x00000000000002e5       0xce /usr/local/lib/gcc/msp430/4.6.3/../../../../msp430/lib/mmpy-16/libc.a(memset.o)
 .debug_line    0x00000000000003b3       0x78 /usr/local/lib/gcc/msp430/4.6.3/../../../../msp430/lib/mmpy-16/libc.a(printf.o)
 .debug_line    0x000000000000042b      0x2d8 /usr/local/lib/gcc/msp430/4.6.3/../../../../msp430/lib/mmpy-16/libc.a(vuprintf.o)
 .debug_line    0x0000000000000703       0x4d /usr/local/lib/gcc/msp430/4.6.3/../../../../msp430/lib/mmpy-16/libc.a(puts.o)
 .debug_line    0x0000000000000750       0x4f /usr/local/lib/gcc/msp430/4.6.3/../../../../msp430/lib/mmpy-16/libc.a(rand.o)
 .debug_line    0x000000000000079f       0xcc /usr/local/lib/gcc/msp430/4.6.3/mmpy-16/libgcc.a(_udivmod64.o)
 .debug_line    0x000000000000086b       0x59 /usr/local/lib/gcc/msp430/4.6.3/mmpy-16/libcrt0.a(__watchdog_support.o)
 .debug_line    0x00000000000008c4       0x57 /usr/local/lib/gcc/msp430/4.6.3/mmpy-16/libcrt0.a(__init_stack.o)
 .debug_line    0x000000000000091b       0x5d /usr/local/lib/gcc/msp430/4.6.3/mmpy-16/libcrt0.a(_copy_data.o)
 .debug_line    0x0000000000000978       0x5d /usr/local/lib/gcc/msp430/4.6.3/mmpy-16/libcrt0.a(_clear_bss.o)
 .debug_line    0x00000000000009d5       0x58 /usr/local/lib/gcc/msp430/4.6.3/mmpy-16/libcrt0.a(_endless_loop__.o)
 .debug_line    0x0000000000000a2d       0x57 /usr/local/lib/gcc/msp430/4.6.3/mmpy-16/libcrt0.a(_unexpected_.o)

.debug_frame    0x0000000000000000      0x1c8
 *(.debug_frame)
 .debug_frame   0x0000000000000000       0x24 /usr/local/lib/gcc/msp430/4.6.3/../../../../msp430/lib/mmpy-16/libc.a(strncmp.o)
 .debug_frame   0x0000000000000024       0x38 /usr/local/lib/gcc/msp430/4.6.3/../../../../msp430/lib/mmpy-16/libc.a(memcpy.o)
 .debug_frame   0x000000000000005c       0x32 /usr/local/lib/gcc/msp430/4.6.3/../../../../msp430/lib/mmpy-16/libc.a(memset.o)
 .debug_frame   0x000000000000008e       0x2a /usr/local/lib/gcc/msp430/4.6.3/../../../../msp430/lib/mmpy-16/libc.a(printf.o)
 .debug_frame   0x00000000000000b8       0xb0 /usr/local/lib/gcc/msp430/4.6.3/../../../../msp430/lib/mmpy-16/libc.a(vuprintf.o)
 .debug_frame   0x0000000000000168       0x24 /usr/local/lib/gcc/msp430/4.6.3/../../../../msp430/lib/mmpy-16/libc.a(puts.o)
 .debug_frame   0x000000000000018c       0x3c /usr/local/lib/gcc/msp430/4.6.3/../../../../msp430/lib/mmpy-16/libc.a(rand.o)

.debug_str      0x0000000000000000      0x3d6
 *(.debug_str)
 .debug_str     0x0000000000000000       0xd7 /usr/local/lib/gcc/msp430/4.6.3/../../../../msp430/lib/mmpy-16/libc.a(strncmp.o)
                                        0x110 (size before relaxing)
 .debug_str     0x00000000000000d7       0x34 /usr/local/lib/gcc/msp430/4.6.3/../../../../msp430/lib/mmpy-16/libc.a(memcpy.o)
                                        0x129 (size before relaxing)
 .debug_str     0x000000000000010b       0x26 /usr/local/lib/gcc/msp430/4.6.3/../../../../msp430/lib/mmpy-16/libc.a(memset.o)
                                        0x127 (size before relaxing)
 .debug_str     0x0000000000000131       0x40 /usr/local/lib/gcc/msp430/4.6.3/../../../../msp430/lib/mmpy-16/libc.a(printf.o)
                                        0x13d (size before relaxing)
 .debug_str     0x0000000000000171      0x221 /usr/local/lib/gcc/msp430/4.6.3/../../../../msp430/lib/mmpy-16/libc.a(vuprintf.o)
                                        0x388 (size before relaxing)
 .debug_str     0x0000000000000392       0x15 /usr/local/lib/gcc/msp430/4.6.3/../../../../msp430/lib/mmpy-16/libc.a(puts.o)
                                        0x103 (size before relaxing)
 .debug_str     0x00000000000003a7       0x2f /usr/local/lib/gcc/msp430/4.6.3/../../../../msp430/lib/mmpy-16/libc.a(rand.o)
                                        0x122 (size before relaxing)

.debug_loc      0x0000000000000000      0xa95
 *(.debug_loc)
 .debug_loc     0x0000000000000000       0x38 /usr/local/lib/gcc/msp430/4.6.3/../../../../msp430/lib/mmpy-16/libc.a(strncmp.o)
 .debug_loc     0x0000000000000038      0x1f0 /usr/local/lib/gcc/msp430/4.6.3/../../../../msp430/lib/mmpy-16/libc.a(memcpy.o)
 .debug_loc     0x0000000000000228       0xdb /usr/local/lib/gcc/msp430/4.6.3/../../../../msp430/lib/mmpy-16/libc.a(memset.o)
 .debug_loc     0x0000000000000303       0x38 /usr/local/lib/gcc/msp430/4.6.3/../../../../msp430/lib/mmpy-16/libc.a(printf.o)
 .debug_loc     0x000000000000033b      0x705 /usr/local/lib/gcc/msp430/4.6.3/../../../../msp430/lib/mmpy-16/libc.a(vuprintf.o)
 .debug_loc     0x0000000000000a40       0x26 /usr/local/lib/gcc/msp430/4.6.3/../../../../msp430/lib/mmpy-16/libc.a(puts.o)
 .debug_loc     0x0000000000000a66       0x2f /usr/local/lib/gcc/msp430/4.6.3/../../../../msp430/lib/mmpy-16/libc.a(rand.o)

.debug_macinfo
 *(.debug_macinfo)

.debug_pubtypes
 *(.debug_pubtypes)

.debug_ranges   0x0000000000000000       0x18
 *(.debug_ranges)
 .debug_ranges  0x0000000000000000       0x18 /usr/local/lib/gcc/msp430/4.6.3/../../../../msp430/lib/mmpy-16/libc.a(vuprintf.o)
                0x0000000000003900                PROVIDE (__stack, (ORIGIN (ram) + 0x2800))
                0x00000000000091de                PROVIDE (__data_start_rom, _etext)
                0x000000000000926a                PROVIDE (__data_end_rom, (_etext + SIZEOF (.data)))
OUTPUT(adc.sky elf32-msp430)
