Archive member included because of file (symbol)

contiki-sky.a(rimeaddr.o)     obj_sky/contiki-sky-main.o (rimeaddr_copy)
contiki-sky.a(rime.o)         obj_sky/contiki-sky-main.o (rime_driver)
contiki-sky.a(rimestats.o)    contiki-sky.a(rime.o) (rimestats)
contiki-sky.a(announcement.o)
                              contiki-sky.a(rime.o) (announcement_init)
contiki-sky.a(broadcast-annou)
                              contiki-sky.a(rime.o) (broadcast_announcement_init)
contiki-sky.a(broadcast.o)    adc.co (broadcast_open)
contiki-sky.a(abc.o)          contiki-sky.a(broadcast.o) (abc_open)
contiki-sky.a(chameleon.o)    contiki-sky.a(rime.o) (chameleon_init)
contiki-sky.a(channel.o)      contiki-sky.a(chameleon.o) (channel_init)
contiki-sky.a(chameleon-bitop)
                              contiki-sky.a(chameleon.o) (chameleon_bitopt)
contiki-sky.a(csma.o)         obj_sky/contiki-sky-main.o (csma_driver)
contiki-sky.a(contikimac.o)   obj_sky/contiki-sky-main.o (contikimac_driver)
contiki-sky.a(phase.o)        contiki-sky.a(contikimac.o) (phase_update)
contiki-sky.a(process.o)      obj_sky/contiki-sky-main.o (process_init)
contiki-sky.a(autostart.o)    obj_sky/contiki-sky-main.o (autostart_start)
contiki-sky.a(compower.o)     contiki-sky.a(contikimac.o) (compower_accumulate)
contiki-sky.a(serial-line.o)  obj_sky/contiki-sky-main.o (serial_line_input_byte)
contiki-sky.a(memb.o)         contiki-sky.a(csma.o) (memb_init)
contiki-sky.a(timer.o)        obj_sky/contiki-sky-main.o (timer_set)
contiki-sky.a(list.o)         contiki-sky.a(announcement.o) (list_init)
contiki-sky.a(etimer.o)       obj_sky/contiki-sky-main.o (etimer_process)
contiki-sky.a(ctimer.o)       obj_sky/contiki-sky-main.o (ctimer_init)
contiki-sky.a(energest.o)     obj_sky/contiki-sky-main.o (energest_init)
contiki-sky.a(rtimer.o)       obj_sky/contiki-sky-main.o (rtimer_init)
contiki-sky.a(random.o)       obj_sky/contiki-sky-main.o (random_init)
contiki-sky.a(ringbuf.o)      contiki-sky.a(serial-line.o) (ringbuf_init)
contiki-sky.a(packetbuf.o)    contiki-sky.a(contikimac.o) (packetbuf_hdr_remove)
contiki-sky.a(queuebuf.o)     contiki-sky.a(rime.o) (queuebuf_init)
contiki-sky.a(contiki-sky-pla)
                              obj_sky/contiki-sky-main.o (init_platform)
contiki-sky.a(button-sensor.o)
                              contiki-sky.a(contiki-sky-pla) (button_sensor)
contiki-sky.a(ds2411.o)       obj_sky/contiki-sky-main.o (ds2411_init)
contiki-sky.a(xmem.o)         obj_sky/contiki-sky-main.o (xmem_init)
contiki-sky.a(node-id.o)      obj_sky/contiki-sky-main.o (node_id_restore)
contiki-sky.a(sensors.o)      contiki-sky.a(button-sensor.o) (sensors_changed)
contiki-sky.a(cc2420.o)       obj_sky/contiki-sky-main.o (cc2420_set_channel)
contiki-sky.a(cc2420-arch.o)  contiki-sky.a(cc2420.o) (cc2420_arch_init)
contiki-sky.a(uart1.o)        obj_sky/contiki-sky-main.o (uart1_active)
contiki-sky.a(uart1-putchar.o)
                              obj_sky/contiki-sky-main.o (putchar)
contiki-sky.a(msp430.o)       contiki-sky.a(uart1.o) (msp430_add_lpm_req)
contiki-sky.a(clock.o)        contiki-sky.a(timer.o) (clock_time)
contiki-sky.a(leds.o)         obj_sky/contiki-sky-main.o (leds_init)
contiki-sky.a(leds-arch.o)    contiki-sky.a(leds.o) (leds_arch_init)
contiki-sky.a(watchdog.o)     obj_sky/contiki-sky-main.o (watchdog_start)
contiki-sky.a(rtimer-arch.o)  contiki-sky.a(rtimer.o) (rtimer_arch_init)
contiki-sky.a(mac.o)          contiki-sky.a(csma.o) (mac_call_sent_callback)
contiki-sky.a(framer-802154.o)
                              contiki-sky.a(contikimac.o) (framer_802154)
contiki-sky.a(spi.o)          contiki-sky.a(xmem.o) (spi_init)
contiki-sky.a(frame802154.o)  contiki-sky.a(framer-802154.o) (frame802154_hdrlen)
/usr/local/lib/gcc/msp430/4.6.3/mmpy-16/libgcc.a(_mulsi3.o)
                              contiki-sky.a(csma.o) (__mulsi3)
/usr/local/lib/gcc/msp430/4.6.3/mmpy-16/libgcc.a(_udivmod16.o)
                              contiki-sky.a(phase.o) (__umodhi3)
/usr/local/lib/gcc/msp430/4.6.3/mmpy-16/libgcc.a(_udivmod32.o)
                              obj_sky/contiki-sky-main.o (__udivsi3)
/usr/local/lib/gcc/msp430/4.6.3/../../../../msp430/lib/mmpy-16/libc.a(strncat.o)
                              adc.co (strncat)
/usr/local/lib/gcc/msp430/4.6.3/../../../../msp430/lib/mmpy-16/libc.a(strncmp.o)
                              contiki-sky.a(sensors.o) (strncmp)
/usr/local/lib/gcc/msp430/4.6.3/../../../../msp430/lib/mmpy-16/libc.a(memcpy.o)
                              contiki-sky.a(broadcast-annou) (memcpy)
/usr/local/lib/gcc/msp430/4.6.3/../../../../msp430/lib/mmpy-16/libc.a(memset.o)
                              obj_sky/contiki-sky-main.o (memset)
/usr/local/lib/gcc/msp430/4.6.3/../../../../msp430/lib/mmpy-16/libc.a(printf.o)
                              adc.co (printf)
/usr/local/lib/gcc/msp430/4.6.3/../../../../msp430/lib/mmpy-16/libc.a(sprintf.o)
                              adc.co (sprintf)
[...]
Memory Configuration

Name             Origin             Length             Attributes
sfr              0x0000000000000000 0x0000000000000010
peripheral_8bit  0x0000000000000010 0x00000000000000f0
peripheral_16bit 0x0000000000000100 0x0000000000000100
ram_mirror       0x0000000000000200 0x0000000000000800 xw
infomem          0x0000000000001000 0x0000000000000100
infob            0x0000000000001000 0x0000000000000080
infoa            0x0000000000001080 0x0000000000000080
ram              0x0000000000001100 0x0000000000002800 xw
rom              0x0000000000004000 0x000000000000bfe0 xr
vectors          0x000000000000ffe0 0x0000000000000020
bsl              0x0000000000000000 0x0000000000000000
infoc            0x0000000000000000 0x0000000000000000
infod            0x0000000000000000 0x0000000000000000
ram2             0x0000000000000000 0x0000000000000000 xw
usbram           0x0000000000000000 0x0000000000000000 xw
far_rom          0x0000000000000000 0x0000000000000000
*default*        0x0000000000000000 0xffffffffffffffff

Linker script and memory map

LOAD /usr/local/lib/gcc/msp430/4.6.3/mmpy-16/crt0ivtbl16.o
LOAD adc.co
LOAD obj_sky/contiki-sky-main.o
LOAD contiki-sky.a
LOAD /usr/local/lib/gcc/msp430/4.6.3/mmpy-16/libgcc.a
LOAD /usr/local/lib/gcc/msp430/4.6.3/../../../../msp430/lib/mmpy-16/libc.a
LOAD /usr/local/lib/gcc/msp430/4.6.3/mmpy-16/libgcc.a
LOAD /usr/local/lib/gcc/msp430/4.6.3/mmpy-16/libcrt0.a
                0x0000000000000080                PROVIDE (__info_segment_size, 0x80)
                0x0000000000001000                PROVIDE (__infob, 0x1000)
                0x0000000000001080                PROVIDE (__infoa, 0x1080)
                0x0000000000000000                __IE1 = 0x0
                0x0000000000000002                __IFG1 = 0x2
                0x0000000000000004                __ME1 = 0x4
                0x0000000000000001                __IE2 = 0x1
                0x0000000000000003                __IFG2 = 0x3
                0x0000000000000005                __ME2 = 0x5
                0x0000000000000120                __WDTCTL = 0x120
                0x0000000000000130                __MPY = 0x130
                0x0000000000000132                __MPYS = 0x132
                0x0000000000000134                __MAC = 0x134
                0x0000000000000136                __MACS = 0x136
                0x0000000000000138                __OP2 = 0x138
                0x000000000000013a                __RESLO = 0x13a
                0x000000000000013c                __RESHI = 0x13c
                0x000000000000013e                __SUMEXT = 0x13e
                0x0000000000000020                __P1IN = 0x20
                0x0000000000000021                __P1OUT = 0x21
                0x0000000000000022                __P1DIR = 0x22
                0x0000000000000023                __P1IFG = 0x23
                0x0000000000000024                __P1IES = 0x24
                0x0000000000000025                __P1IE = 0x25
                0x0000000000000026                __P1SEL = 0x26
                0x0000000000000028                __P2IN = 0x28
                0x0000000000000029                __P2OUT = 0x29
                0x000000000000002a                __P2DIR = 0x2a
                0x000000000000002b                __P2IFG = 0x2b
                0x000000000000002c                __P2IES = 0x2c
                0x000000000000002d                __P2IE = 0x2d
                0x000000000000002e                __P2SEL = 0x2e
                0x0000000000000018                __P3IN = 0x18
                0x0000000000000019                __P3OUT = 0x19
                0x000000000000001a                __P3DIR = 0x1a
                0x000000000000001b                __P3SEL = 0x1b
                0x000000000000001c                __P4IN = 0x1c
                0x000000000000001d                __P4OUT = 0x1d
                0x000000000000001e                __P4DIR = 0x1e
                0x000000000000001f                __P4SEL = 0x1f
                0x0000000000000030                __P5IN = 0x30
                0x0000000000000031                __P5OUT = 0x31
                0x0000000000000032                __P5DIR = 0x32
                0x0000000000000033                __P5SEL = 0x33
                0x0000000000000034                __P6IN = 0x34
                0x0000000000000035                __P6OUT = 0x35
                0x0000000000000036                __P6DIR = 0x36
                0x0000000000000037                __P6SEL = 0x37
                0x0000000000000070                __U0CTL = 0x70
                0x0000000000000071                __U0TCTL = 0x71
                0x0000000000000072                __U0RCTL = 0x72
                0x0000000000000073                __U0MCTL = 0x73
                0x0000000000000074                __U0BR0 = 0x74
                0x0000000000000075                __U0BR1 = 0x75
                0x0000000000000076                __U0RXBUF = 0x76
                0x0000000000000077                __U0TXBUF = 0x77
                0x0000000000000078                __U1CTL = 0x78
                0x0000000000000079                __U1TCTL = 0x79
                0x000000000000007a                __U1RCTL = 0x7a
                0x000000000000007b                __U1MCTL = 0x7b
                0x000000000000007c                __U1BR0 = 0x7c
                0x000000000000007d                __U1BR1 = 0x7d
                0x000000000000007e                __U1RXBUF = 0x7e
                0x000000000000007f                __U1TXBUF = 0x7f
                0x0000000000000050                __I2CIE = 0x50
                0x0000000000000051                __I2CIFG = 0x51
                0x0000000000000052                __I2CNDAT = 0x52
                0x0000000000000071                __I2CTCTL = 0x71
                0x0000000000000072                __I2CDCTL = 0x72
                0x0000000000000073                __I2CPSC = 0x73
                0x0000000000000074                __I2CSCLH = 0x74
                0x0000000000000075                __I2CSCLL = 0x75
                0x0000000000000076                __I2CDRB = 0x76
                0x0000000000000076                __I2CDRW = 0x76
                0x0000000000000118                __I2COA = 0x118
                0x000000000000011a                __I2CSA = 0x11a
                0x000000000000011c                __I2CIV = 0x11c
                0x000000000000012e                __TAIV = 0x12e
                0x0000000000000160                __TACTL = 0x160
                0x0000000000000162                __TACCTL0 = 0x162
                0x0000000000000164                __TACCTL1 = 0x164
                0x0000000000000166                __TACCTL2 = 0x166
                0x0000000000000170                __TAR = 0x170
                0x0000000000000172                __TACCR0 = 0x172
                0x0000000000000174                __TACCR1 = 0x174
                0x0000000000000176                __TACCR2 = 0x176
                0x000000000000011e                __TBIV = 0x11e
                0x0000000000000180                __TBCTL = 0x180
                0x0000000000000182                __TBCCTL0 = 0x182
                0x0000000000000184                __TBCCTL1 = 0x184
                0x0000000000000186                __TBCCTL2 = 0x186
                0x0000000000000188                __TBCCTL3 = 0x188
                0x000000000000018a                __TBCCTL4 = 0x18a
                0x000000000000018c                __TBCCTL5 = 0x18c
                0x000000000000018e                __TBCCTL6 = 0x18e
                0x0000000000000190                __TBR = 0x190
                0x0000000000000192                __TBCCR0 = 0x192
                0x0000000000000194                __TBCCR1 = 0x194
                0x0000000000000196                __TBCCR2 = 0x196
                0x0000000000000198                __TBCCR3 = 0x198
                0x000000000000019a                __TBCCR4 = 0x19a
                0x000000000000019c                __TBCCR5 = 0x19c
                0x000000000000019e                __TBCCR6 = 0x19e
                0x0000000000000056                __DCOCTL = 0x56
                0x0000000000000057                __BCSCTL1 = 0x57
                0x0000000000000058                __BCSCTL2 = 0x58
                0x0000000000000055                __SVSCTL = 0x55
                0x0000000000000128                __FCTL1 = 0x128
                0x000000000000012a                __FCTL2 = 0x12a
                0x000000000000012c                __FCTL3 = 0x12c
                0x0000000000000059                __CACTL1 = 0x59
                0x000000000000005a                __CACTL2 = 0x5a
                0x000000000000005b                __CAPD = 0x5b
                0x00000000000001a0                __ADC12CTL0 = 0x1a0
                0x00000000000001a2                __ADC12CTL1 = 0x1a2
                0x00000000000001a4                __ADC12IFG = 0x1a4
                0x00000000000001a6                __ADC12IE = 0x1a6
                0x00000000000001a8                __ADC12IV = 0x1a8
                0x0000000000000140                __ADC12MEM0 = 0x140
                0x0000000000000142                __ADC12MEM1 = 0x142
                0x0000000000000144                __ADC12MEM2 = 0x144
                0x0000000000000146                __ADC12MEM3 = 0x146
                0x0000000000000148                __ADC12MEM4 = 0x148
                0x000000000000014a                __ADC12MEM5 = 0x14a
                0x000000000000014c                __ADC12MEM6 = 0x14c
                0x000000000000014e                __ADC12MEM7 = 0x14e
                0x0000000000000150                __ADC12MEM8 = 0x150
                0x0000000000000152                __ADC12MEM9 = 0x152
                0x0000000000000154                __ADC12MEM10 = 0x154
                0x0000000000000156                __ADC12MEM11 = 0x156
                0x0000000000000158                __ADC12MEM12 = 0x158
                0x000000000000015a                __ADC12MEM13 = 0x15a
                0x000000000000015c                __ADC12MEM14 = 0x15c
                0x000000000000015e                __ADC12MEM15 = 0x15e
                0x0000000000000080                __ADC12MCTL0 = 0x80
                0x0000000000000081                __ADC12MCTL1 = 0x81
                0x0000000000000082                __ADC12MCTL2 = 0x82
                0x0000000000000083                __ADC12MCTL3 = 0x83
                0x0000000000000084                __ADC12MCTL4 = 0x84
                0x0000000000000085                __ADC12MCTL5 = 0x85
                0x0000000000000086                __ADC12MCTL6 = 0x86
                0x0000000000000087                __ADC12MCTL7 = 0x87
                0x0000000000000088                __ADC12MCTL8 = 0x88
                0x0000000000000089                __ADC12MCTL9 = 0x89
                0x000000000000008a                __ADC12MCTL10 = 0x8a
                0x000000000000008b                __ADC12MCTL11 = 0x8b
                0x000000000000008c                __ADC12MCTL12 = 0x8c
                0x000000000000008d                __ADC12MCTL13 = 0x8d
                0x000000000000008e                __ADC12MCTL14 = 0x8e
                0x000000000000008f                __ADC12MCTL15 = 0x8f
                0x00000000000001c0                __DAC12_0CTL = 0x1c0
                0x00000000000001c2                __DAC12_1CTL = 0x1c2
                0x00000000000001c8                __DAC12_0DAT = 0x1c8
                0x00000000000001ca                __DAC12_1DAT = 0x1ca
                0x0000000000000122                __DMACTL0 = 0x122
                0x0000000000000124                __DMACTL1 = 0x124
                0x00000000000001e0                __DMA0CTL = 0x1e0
                0x00000000000001e8                __DMA1CTL = 0x1e8
                0x00000000000001f0                __DMA2CTL = 0x1f0
                0x00000000000001e2                __DMA0SA = 0x1e2
                0x00000000000001e4                __DMA0DA = 0x1e4
                0x00000000000001e6                __DMA0SZ = 0x1e6
                0x00000000000001ea                __DMA1SA = 0x1ea
                0x00000000000001ec                __DMA1DA = 0x1ec
                0x00000000000001ee                __DMA1SZ = 0x1ee
                0x00000000000001f2                __DMA2SA = 0x1f2
                0x00000000000001f4                __DMA2DA = 0x1f4
                0x00000000000001f6                __DMA2SZ = 0x1f6

.hash
 *(.hash)

.dynsym
 *(.dynsym)

.dynstr
 *(.dynstr)

.gnu.version
 *(.gnu.version)

.gnu.version_d
 *(.gnu.version_d)

.gnu.version_r
 *(.gnu.version_r)

.rel.init
 *(.rel.init)

.rela.init
 *(.rela.init)

.rel.fini
 *(.rel.fini)

.rela.fini
 *(.rela.fini)

.rel.text
 *(.rel.text .rel.text.* .rel.gnu.linkonce.t.*)

.rela.text
 *(.rela.text .rela.text.* .rela.gnu.linkonce.t.*)

.rel.rodata
 *(.rel.rodata .rel.rodata.* .rel.gnu.linkonce.r.*)

.rela.rodata
 *(.rela.rodata .rela.rodata.* .rela.gnu.linkonce.r.*)

.rel.data
 *(.rel.data .rel.data.* .rel.gnu.linkonce.d.*)

.rela.data
 *(.rela.data .rela.data.* .rela.gnu.linkonce.d.*)

.rel.bss
 *(.rel.bss .rel.bss.* .rel.gnu.linkonce.b.*)

.rela.bss
 *(.rela.bss .rela.bss.* .rela.gnu.linkonce.b.*)

.rel.ctors
 *(.rel.ctors)

.rela.ctors
 *(.rela.ctors)

.rel.dtors
 *(.rel.dtors)

.rela.dtors
 *(.rela.dtors)

.rel.got
 *(.rel.got)

.rela.got
 *(.rela.got)

.rel.plt
 *(.rel.plt)

.rela.plt
 *(.rela.plt)

.text           0x0000000000004000     0x5316
                0x0000000000004000                . = ALIGN (0x2)
 *(.init .init.*)
 *(.init0)
 .init0         0x0000000000004000        0x0 /usr/local/lib/gcc/msp430/4.6.3/mmpy-16/libcrt0.a(_reset_vector__.o)
                0x0000000000004000                _reset_vector__
 *(.init1)
 .init1         0x0000000000004000        0xc /usr/local/lib/gcc/msp430/4.6.3/mmpy-16/libcrt0.a(__watchdog_support.o)
                0x0000000000004000                __watchdog_support
 *(.init2)
 .init2         0x000000000000400c        0x4 /usr/local/lib/gcc/msp430/4.6.3/mmpy-16/libcrt0.a(__init_stack.o)
                0x000000000000400c                __init_stack
 *(.init3)
 .init3         0x0000000000004010        0x0 /usr/local/lib/gcc/msp430/4.6.3/mmpy-16/libcrt0.a(__low_level_init.o)
                0x0000000000004010                __low_level_init
 *(.init4)
 .init4         0x0000000000004010       0x18 /usr/local/lib/gcc/msp430/4.6.3/mmpy-16/libcrt0.a(_copy_data.o)
                0x0000000000004010                __do_copy_data
 .init4         0x0000000000004028       0x16 /usr/local/lib/gcc/msp430/4.6.3/mmpy-16/libcrt0.a(_clear_bss.o)
                0x0000000000004028                __do_clear_bss
 *(.init5)
 *(.init6)
 *(.init7)
 *(.init8)
 *(.init9)
 .init9         0x000000000000403e      0x302 obj_sky/contiki-sky-main.o
                0x000000000000403e                main
 *(.fini9)
 .fini9         0x0000000000004340        0x0 /usr/local/lib/gcc/msp430/4.6.3/mmpy-16/libcrt0.a(__stop_progExec__.o)
                0x0000000000004340                __stop_progExec__
 *(.fini8)
 *(.fini7)
 *(.fini6)
 *(.fini5)
 *(.fini4)
 *(.fini3)
 *(.fini2)
 *(.fini1)
 *(.fini0)
 .fini0         0x0000000000004340        0x6 /usr/local/lib/gcc/msp430/4.6.3/mmpy-16/libcrt0.a(_endless_loop__.o)
                0x0000000000004340                _endless_loop__
 *(.fini .fini.*)
                0x0000000000004346                . = ALIGN (0x2)
                0x0000000000004346                __ctors_start = .
 *(.ctors)
                0x0000000000004346                __ctors_end = .
                0x0000000000004346                __dtors_start = .
 *(.dtors)
                0x0000000000004346                __dtors_end = .
                0x0000000000004346                . = ALIGN (0x2)
 *(.text .text.* .gnu.linkonce.t.*)
 .text          0x0000000000004346        0x4 /usr/local/lib/gcc/msp430/4.6.3/mmpy-16/crt0ivtbl16.o
                0x0000000000004346                __isr_14
                0x0000000000004346                __isr_11
                0x0000000000004346                __isr_2
                0x0000000000004346                __isr_0
                0x0000000000004346                __isr_8
                0x0000000000004346                __isr_3
                0x0000000000004346                __isr_12
                0x0000000000004346                __isr_13
                0x0000000000004346                __isr_9
 .text.broadcast_recv
                0x000000000000434a        0xa adc.co
 .text.calibrate_accel
                0x0000000000004354       0xa4 adc.co
                0x0000000000004354                calibrate_accel
 .text.process_thread_main_process
                0x00000000000043f8      0x13a adc.co
 .text.ADC12_ISR
                0x0000000000004532       0x9c adc.co
                0x0000000000004532                __isr_7
                0x0000000000004532                ADC12_ISR
 .text.rimeaddr_copy
                0x00000000000045ce        0xc contiki-sky.a(rimeaddr.o)
                0x00000000000045ce                rimeaddr_copy
 .text.rimeaddr_cmp
                0x00000000000045da       0x1a contiki-sky.a(rimeaddr.o)
                0x00000000000045da                rimeaddr_cmp
 .text.rimeaddr_set_node_addr
                0x00000000000045f4        0xc contiki-sky.a(rimeaddr.o)
                0x00000000000045f4                rimeaddr_set_node_addr
 .text.input    0x0000000000004600       0x42 contiki-sky.a(rime.o)
 .text.init     0x0000000000004642       0x2e contiki-sky.a(rime.o)
 .text.packet_sent
                0x0000000000004670       0x44 contiki-sky.a(rime.o)
 .text.rime_output
                0x00000000000046b4       0x2c contiki-sky.a(rime.o)
                0x00000000000046b4                rime_output
 .text.announcement_init
                0x00000000000046e0        0xa contiki-sky.a(announcement.o)
                0x00000000000046e0                announcement_init
 .text.announcement_register_observer_callback
                0x00000000000046ea        0x6 contiki-sky.a(announcement.o)
                0x00000000000046ea                announcement_register_observer_callback
 .text.announcement_list
                0x00000000000046f0        0xa contiki-sky.a(announcement.o)
                0x00000000000046f0                announcement_list
 .text.announcement_heard
                0x00000000000046fa       0x42 contiki-sky.a(announcement.o)
                0x00000000000046fa                announcement_heard
 .text.adv_packet_sent
                0x000000000000473c        0x2 contiki-sky.a(broadcast-annou)
 .text.adv_packet_received
                0x000000000000473e       0x66 contiki-sky.a(broadcast-annou)
 .text.set_timers
                0x00000000000047a4       0x4a contiki-sky.a(broadcast-annou)
 .text.send_timer
                0x00000000000047ee       0x36 contiki-sky.a(broadcast-annou)
 .text.new_announcement
                0x0000000000004824       0x18 contiki-sky.a(broadcast-annou)
 .text.send_adv
                0x000000000000483c       0x66 contiki-sky.a(broadcast-annou)
 .text.broadcast_announcement_init
                0x00000000000048a2       0x48 contiki-sky.a(broadcast-annou)
                0x00000000000048a2                broadcast_announcement_init
 .text.sent_by_abc
                0x00000000000048ea       0x10 contiki-sky.a(broadcast.o)
 .text.recv_from_abc
                0x00000000000048fa       0x20 contiki-sky.a(broadcast.o)
 .text.broadcast_open
                0x000000000000491a       0x2a contiki-sky.a(broadcast.o)
                0x000000000000491a                broadcast_open
 .text.broadcast_close
                0x0000000000004944        0x6 contiki-sky.a(broadcast.o)
                0x0000000000004944                broadcast_close
 .text.broadcast_send
                0x000000000000494a       0x1a contiki-sky.a(broadcast.o)
                0x000000000000494a                broadcast_send
 .text.abc_open
                0x0000000000004964       0x26 contiki-sky.a(abc.o)
                0x0000000000004964                abc_open
 .text.abc_close
                0x000000000000498a        0x6 contiki-sky.a(abc.o)
                0x000000000000498a                abc_close
 .text.abc_send
                0x0000000000004990        0x6 contiki-sky.a(abc.o)
                0x0000000000004990                abc_send
 .text.abc_input
                0x0000000000004996        0x8 contiki-sky.a(abc.o)
                0x0000000000004996                abc_input
 .text.abc_sent
                0x000000000000499e       0x10 contiki-sky.a(abc.o)
                0x000000000000499e                abc_sent
 .text.chameleon_init
                0x00000000000049ae        0x6 contiki-sky.a(chameleon.o)
                0x00000000000049ae                chameleon_init
 .text.chameleon_parse
                0x00000000000049b4       0x10 contiki-sky.a(chameleon.o)
                0x00000000000049b4                chameleon_parse
 .text.chameleon_create
                0x00000000000049c4       0x1c contiki-sky.a(chameleon.o)
                0x00000000000049c4                chameleon_create
 .text.chameleon_hdrsize
                0x00000000000049e0        0x6 contiki-sky.a(chameleon.o)
                0x00000000000049e0                chameleon_hdrsize
 .text.channel_init
                0x00000000000049e6        0xa contiki-sky.a(channel.o)
                0x00000000000049e6                channel_init
 .text.channel_open
                0x00000000000049f0       0x10 contiki-sky.a(channel.o)
                0x00000000000049f0                channel_open
 .text.channel_close
                0x0000000000004a00        0xc contiki-sky.a(channel.o)
                0x0000000000004a00                channel_close
 .text.channel_lookup
                0x0000000000004a0c       0x20 contiki-sky.a(channel.o)
                0x0000000000004a0c                channel_lookup
 .text.channel_set_attributes
                0x0000000000004a2c       0x24 contiki-sky.a(channel.o)
                0x0000000000004a2c                channel_set_attributes
 .text.header_size
                0x0000000000004a50       0x16 contiki-sky.a(chameleon-bitop)
 .text.get_bits_in_byte
                0x0000000000004a66       0x3a contiki-sky.a(chameleon-bitop)
                0x0000000000004a66                get_bits_in_byte
 .text.get_bits
                0x0000000000004aa0       0xa4 contiki-sky.a(chameleon-bitop)
                0x0000000000004aa0                get_bits
 .text.unpack_header
                0x0000000000004b44       0xd6 contiki-sky.a(chameleon-bitop)
 .text.set_bits_in_byte
                0x0000000000004c1a       0x2c contiki-sky.a(chameleon-bitop)
                0x0000000000004c1a                set_bits_in_byte
 .text.set_bits
                0x0000000000004c46       0xd2 contiki-sky.a(chameleon-bitop)
                0x0000000000004c46                set_bits
 .text.pack_header
                0x0000000000004d18       0xbc contiki-sky.a(chameleon-bitop)
 .text.input_packet
                0x0000000000004dd4        0x6 contiki-sky.a(csma.o)
 .text.on       0x0000000000004dda        0x6 contiki-sky.a(csma.o)
 .text.off      0x0000000000004de0        0x6 contiki-sky.a(csma.o)
 .text.channel_check_interval
                0x0000000000004de6       0x10 contiki-sky.a(csma.o)
 .text.transmit_packet_list
                0x0000000000004df6       0x24 contiki-sky.a(csma.o)
 .text.free_first_packet
                0x0000000000004e1a       0xa0 contiki-sky.a(csma.o)
 .text.packet_sent
                0x0000000000004eba      0x104 contiki-sky.a(csma.o)
 .text.init     0x0000000000004fbe       0x1a contiki-sky.a(csma.o)
 .text.send_packet
                0x0000000000004fd8      0x170 contiki-sky.a(csma.o)
 .text.duty_cycle
                0x0000000000005148        0x6 contiki-sky.a(contikimac.o)
 .text.init     0x000000000000514e       0x32 contiki-sky.a(contikimac.o)
 .text.on       0x0000000000005180       0x1a contiki-sky.a(contikimac.o)
 .text.off      0x000000000000519a       0x22 contiki-sky.a(contikimac.o)
 .text.recv_burst_off
                0x00000000000051bc        0xa contiki-sky.a(contikimac.o)
 .text.turn_off
                0x00000000000051c6       0x20 contiki-sky.a(contikimac.o)
 .text.turn_on  0x00000000000051e6       0x30 contiki-sky.a(contikimac.o)
 .text.schedule_powercycle_fixed
                0x0000000000005216       0x4c contiki-sky.a(contikimac.o)
 .text.powercycle_turn_radio_off
                0x0000000000005262       0x30 contiki-sky.a(contikimac.o)
 .text.powercycle
                0x0000000000005292      0x1d6 contiki-sky.a(contikimac.o)
 .text.input_packet
                0x0000000000005468      0x128 contiki-sky.a(contikimac.o)
 .text.send_packet
                0x0000000000005590      0x2c8 contiki-sky.a(contikimac.o)
 .text.qsend_list
                0x0000000000005858       0x86 contiki-sky.a(contikimac.o)
 .text.qsend_packet
                0x00000000000058de       0x26 contiki-sky.a(contikimac.o)
 .text.send_packet
                0x0000000000005904       0x44 contiki-sky.a(phase.o)
 .text.find_neighbor
                0x0000000000005948       0x32 contiki-sky.a(phase.o)
                0x0000000000005948                find_neighbor
 .text.phase_update
                0x000000000000597a       0xb8 contiki-sky.a(phase.o)
                0x000000000000597a                phase_update
 .text.phase_wait
                0x0000000000005a32       0xf8 contiki-sky.a(phase.o)
                0x0000000000005a32                phase_wait
 .text.phase_init
                0x0000000000005b2a       0x20 contiki-sky.a(phase.o)
                0x0000000000005b2a                phase_init
 .text.call_process
                0x0000000000005b4a       0x4a contiki-sky.a(process.o)
 .text.exit_process
                0x0000000000005b94       0x96 contiki-sky.a(process.o)
 .text.do_poll  0x0000000000005c2a       0x30 contiki-sky.a(process.o)
 .text.process_alloc_event
                0x0000000000005c5a        0xe contiki-sky.a(process.o)
                0x0000000000005c5a                process_alloc_event
 .text.process_init
                0x0000000000005c68       0x1c contiki-sky.a(process.o)
                0x0000000000005c68                process_init
 .text.process_run
                0x0000000000005c84       0xa2 contiki-sky.a(process.o)
                0x0000000000005c84                process_run
 .text.process_nevents
                0x0000000000005d26        0xe contiki-sky.a(process.o)
                0x0000000000005d26                process_nevents
 .text.process_post
                0x0000000000005d34       0x54 contiki-sky.a(process.o)
                0x0000000000005d34                process_post
 .text.process_post_synch
                0x0000000000005d88       0x12 contiki-sky.a(process.o)
                0x0000000000005d88                process_post_synch
 .text.process_start
                0x0000000000005d9a       0x32 contiki-sky.a(process.o)
                0x0000000000005d9a                process_start
 .text.process_poll
                0x0000000000005dcc       0x18 contiki-sky.a(process.o)
                0x0000000000005dcc                process_poll
 .text.autostart_start
                0x0000000000005de4       0x16 contiki-sky.a(autostart.o)
                0x0000000000005de4                autostart_start
 .text.compower_accumulate
                0x0000000000005dfa       0x72 contiki-sky.a(compower.o)
                0x0000000000005dfa                compower_accumulate
 .text.compower_clear
                0x0000000000005e6c       0x12 contiki-sky.a(compower.o)
                0x0000000000005e6c                compower_clear
 .text.compower_attrconv
                0x0000000000005e7e       0x10 contiki-sky.a(compower.o)
                0x0000000000005e7e                compower_attrconv
 .text.process_thread_serial_line_process
                0x0000000000005e8e       0x9c contiki-sky.a(serial-line.o)
 .text.serial_line_input_byte
                0x0000000000005f2a       0x4a contiki-sky.a(serial-line.o)
                0x0000000000005f2a                serial_line_input_byte
 .text.serial_line_init
                0x0000000000005f74       0x1c contiki-sky.a(serial-line.o)
                0x0000000000005f74                serial_line_init
 .text.memb_init
                0x0000000000005f90       0x36 contiki-sky.a(memb.o)
                0x0000000000005f90                memb_init
 .text.memb_alloc
                0x0000000000005fc6       0x3e contiki-sky.a(memb.o)
                0x0000000000005fc6                memb_alloc
 .text.memb_free
                0x0000000000006004       0x3a contiki-sky.a(memb.o)
                0x0000000000006004                memb_free
 .text.memb_inmemb
                0x000000000000603e       0x2e contiki-sky.a(memb.o)
                0x000000000000603e                memb_inmemb
 .text.timer_set
                0x000000000000606c       0x1c contiki-sky.a(timer.o)
                0x000000000000606c                timer_set
 .text.timer_reset
                0x0000000000006088        0xe contiki-sky.a(timer.o)
                0x0000000000006088                timer_reset
 .text.timer_expired
                0x0000000000006096       0x2a contiki-sky.a(timer.o)
                0x0000000000006096                timer_expired
 .text.list_init
                0x00000000000060c0        0x6 contiki-sky.a(list.o)
                0x00000000000060c0                list_init
 .text.list_head
                0x00000000000060c6        0x4 contiki-sky.a(list.o)
                0x00000000000060c6                list_head
 .text.list_tail
                0x00000000000060ca       0x12 contiki-sky.a(list.o)
                0x00000000000060ca                list_tail
 .text.list_chop
                0x00000000000060dc       0x24 contiki-sky.a(list.o)
                0x00000000000060dc                list_chop
 .text.list_pop
                0x0000000000006100        0xe contiki-sky.a(list.o)
                0x0000000000006100                list_pop
 .text.list_remove
                0x000000000000610e       0x34 contiki-sky.a(list.o)
                0x000000000000610e                list_remove
 .text.list_push
                0x0000000000006142       0x1a contiki-sky.a(list.o)
                0x0000000000006142                list_push
 .text.list_add
                0x000000000000615c       0x2a contiki-sky.a(list.o)
                0x000000000000615c                list_add
 .text.list_length
                0x0000000000006186       0x10 contiki-sky.a(list.o)
                0x0000000000006186                list_length
 .text.list_item_next
                0x0000000000006196        0xc contiki-sky.a(list.o)
                0x0000000000006196                list_item_next
 .text.update_time
                0x00000000000061a2       0x78 contiki-sky.a(etimer.o)
 .text.etimer_request_poll
                0x000000000000621a        0xa contiki-sky.a(etimer.o)
                0x000000000000621a                etimer_request_poll
 .text.process_thread_etimer_process
                0x0000000000006224       0xc8 contiki-sky.a(etimer.o)
 .text.add_timer
                0x00000000000062ec       0x38 contiki-sky.a(etimer.o)
 .text.etimer_set
                0x0000000000006324       0x12 contiki-sky.a(etimer.o)
                0x0000000000006324                etimer_set
 .text.etimer_reset
                0x0000000000006336       0x12 contiki-sky.a(etimer.o)
                0x0000000000006336                etimer_reset
 .text.etimer_expired
                0x0000000000006348        0xe contiki-sky.a(etimer.o)
                0x0000000000006348                etimer_expired
 .text.etimer_pending
                0x0000000000006356        0xc contiki-sky.a(etimer.o)
                0x0000000000006356                etimer_pending
 .text.etimer_next_expiration_time
                0x0000000000006362       0x16 contiki-sky.a(etimer.o)
                0x0000000000006362                etimer_next_expiration_time
 .text.etimer_stop
                0x0000000000006378       0x3c contiki-sky.a(etimer.o)
                0x0000000000006378                etimer_stop
 .text.process_thread_ctimer_process
                0x00000000000063b4       0xa4 contiki-sky.a(ctimer.o)
 .text.ctimer_init
                0x0000000000006458       0x18 contiki-sky.a(ctimer.o)
                0x0000000000006458                ctimer_init
 .text.ctimer_set
                0x0000000000006470       0x5a contiki-sky.a(ctimer.o)
                0x0000000000006470                ctimer_set
 .text.ctimer_reset
                0x00000000000064ca       0x3a contiki-sky.a(ctimer.o)
                0x00000000000064ca                ctimer_reset
 .text.ctimer_stop
                0x0000000000006504       0x28 contiki-sky.a(ctimer.o)
                0x0000000000006504                ctimer_stop
 .text.energest_init
                0x000000000000652c       0x28 contiki-sky.a(energest.o)
                0x000000000000652c                energest_init
 .text.energest_type_time
                0x0000000000006554       0x46 contiki-sky.a(energest.o)
                0x0000000000006554                energest_type_time
 .text.energest_type_set
                0x000000000000659a        0xe contiki-sky.a(energest.o)
                0x000000000000659a                energest_type_set
 .text.energest_flush
                0x00000000000065a8       0x48 contiki-sky.a(energest.o)
                0x00000000000065a8                energest_flush
 .text.rtimer_init
                0x00000000000065f0        0x6 contiki-sky.a(rtimer.o)
                0x00000000000065f0                rtimer_init
 .text.rtimer_set
                0x00000000000065f6       0x24 contiki-sky.a(rtimer.o)
                0x00000000000065f6                rtimer_set
 .text.rtimer_run_next
                0x000000000000661a       0x26 contiki-sky.a(rtimer.o)
                0x000000000000661a                rtimer_run_next
 .text.random_init
                0x0000000000006640        0x6 contiki-sky.a(random.o)
                0x0000000000006640                random_init
 .text.random_rand
                0x0000000000006646        0x6 contiki-sky.a(random.o)
                0x0000000000006646                random_rand
 .text.ringbuf_init
                0x000000000000664c       0x14 contiki-sky.a(ringbuf.o)
                0x000000000000664c                ringbuf_init
 .text.ringbuf_put
                0x0000000000006660       0x38 contiki-sky.a(ringbuf.o)
                0x0000000000006660                ringbuf_put
 .text.ringbuf_get
                0x0000000000006698       0x32 contiki-sky.a(ringbuf.o)
                0x0000000000006698                ringbuf_get
 .text.packetbuf_copyto_hdr
                0x00000000000066ca       0x1c contiki-sky.a(packetbuf.o)
                0x00000000000066ca                packetbuf_copyto_hdr
 .text.packetbuf_copyto
                0x00000000000066e6       0x52 contiki-sky.a(packetbuf.o)
                0x00000000000066e6                packetbuf_copyto
 .text.packetbuf_hdr_remove
                0x0000000000006738        0x6 contiki-sky.a(packetbuf.o)
                0x0000000000006738                packetbuf_hdr_remove
 .text.packetbuf_hdrreduce
                0x000000000000673e       0x1a contiki-sky.a(packetbuf.o)
                0x000000000000673e                packetbuf_hdrreduce
 .text.packetbuf_set_datalen
                0x0000000000006758        0x6 contiki-sky.a(packetbuf.o)
                0x0000000000006758                packetbuf_set_datalen
 .text.packetbuf_dataptr
                0x000000000000675e        0xe contiki-sky.a(packetbuf.o)
                0x000000000000675e                packetbuf_dataptr
 .text.packetbuf_hdrptr
                0x000000000000676c        0xa contiki-sky.a(packetbuf.o)
                0x000000000000676c                packetbuf_hdrptr
 .text.packetbuf_is_reference
                0x0000000000006776        0xe contiki-sky.a(packetbuf.o)
                0x0000000000006776                packetbuf_is_reference
 .text.packetbuf_compact
                0x0000000000006784       0x48 contiki-sky.a(packetbuf.o)
                0x0000000000006784                packetbuf_compact
 .text.packetbuf_reference_ptr
                0x00000000000067cc        0x6 contiki-sky.a(packetbuf.o)
                0x00000000000067cc                packetbuf_reference_ptr
 .text.packetbuf_datalen
                0x00000000000067d2        0x6 contiki-sky.a(packetbuf.o)
                0x00000000000067d2                packetbuf_datalen
 .text.packetbuf_totlen
                0x00000000000067d8       0x10 contiki-sky.a(packetbuf.o)
                0x00000000000067d8                packetbuf_totlen
 .text.packetbuf_hdralloc
                0x00000000000067e8       0x2e contiki-sky.a(packetbuf.o)
                0x00000000000067e8                packetbuf_hdralloc
 .text.packetbuf_attr_clear
                0x0000000000006816       0x2c contiki-sky.a(packetbuf.o)
                0x0000000000006816                packetbuf_attr_clear
 .text.packetbuf_clear
                0x0000000000006842       0x1a contiki-sky.a(packetbuf.o)
                0x0000000000006842                packetbuf_clear
 .text.packetbuf_copyfrom
                0x000000000000685c       0x2e contiki-sky.a(packetbuf.o)
                0x000000000000685c                packetbuf_copyfrom
 .text.packetbuf_attr_copyto
                0x000000000000688a       0x20 contiki-sky.a(packetbuf.o)
                0x000000000000688a                packetbuf_attr_copyto
 .text.packetbuf_attr_copyfrom
                0x00000000000068aa       0x22 contiki-sky.a(packetbuf.o)
                0x00000000000068aa                packetbuf_attr_copyfrom
 .text.queuebuf_init
                0x00000000000068cc       0x1a contiki-sky.a(queuebuf.o)
                0x00000000000068cc                queuebuf_init
 .text.queuebuf_new_from_packetbuf
                0x00000000000068e6       0x7e contiki-sky.a(queuebuf.o)
                0x00000000000068e6                queuebuf_new_from_packetbuf
 .text.queuebuf_update_attr_from_packetbuf
                0x0000000000006964       0x12 contiki-sky.a(queuebuf.o)
                0x0000000000006964                queuebuf_update_attr_from_packetbuf
 .text.queuebuf_free
                0x0000000000006976       0x40 contiki-sky.a(queuebuf.o)
                0x0000000000006976                queuebuf_free
 .text.queuebuf_to_packetbuf
                0x00000000000069b6       0x6e contiki-sky.a(queuebuf.o)
                0x00000000000069b6                queuebuf_to_packetbuf
 .text.init_platform
                0x0000000000006a24        0xc contiki-sky.a(contiki-sky-pla)
                0x0000000000006a24                init_platform
 .text.status   0x0000000000006a30       0x16 contiki-sky.a(button-sensor.o)
 .text.configure
                0x0000000000006a46       0x52 contiki-sky.a(button-sensor.o)
 .text.value    0x0000000000006a98       0x22 contiki-sky.a(button-sensor.o)
 .text.irq_p2   0x0000000000006aba       0x8a contiki-sky.a(button-sensor.o)
                0x0000000000006aba                irq_p2
                0x0000000000006aba                __isr_1
 .text.owreadb  0x0000000000006b44       0x52 contiki-sky.a(ds2411.o)
 .text.ds2411_init
                0x0000000000006b96      0x122 contiki-sky.a(ds2411.o)
                0x0000000000006b96                ds2411_init
 .text.wait_ready
                0x0000000000006cb8       0x50 contiki-sky.a(xmem.o)
 .text.xmem_init
                0x0000000000006d08       0x3e contiki-sky.a(xmem.o)
                0x0000000000006d08                xmem_init
 .text.xmem_pread
                0x0000000000006d46       0xea contiki-sky.a(xmem.o)
                0x0000000000006d46                xmem_pread
 .text.node_id_restore
                0x0000000000006e30       0x38 contiki-sky.a(node-id.o)
                0x0000000000006e30                node_id_restore
 .text.process_thread_sensors_process
                0x0000000000006e68       0xbe contiki-sky.a(sensors.o)
 .text.sensors_changed
                0x0000000000006f26       0x2a contiki-sky.a(sensors.o)
                0x0000000000006f26                sensors_changed
 .text.strobe   0x0000000000006f50       0x20 contiki-sky.a(cc2420.o)
 .text.status   0x0000000000006f70       0x26 contiki-sky.a(cc2420.o)
 .text.getreg   0x0000000000006f96       0x54 contiki-sky.a(cc2420.o)
 .text.setreg   0x0000000000006fea       0x52 contiki-sky.a(cc2420.o)
 .text.set_txpower
                0x000000000000703c       0x26 contiki-sky.a(cc2420.o)
 .text.cc2420_receiving_packet
                0x0000000000007062        0xe contiki-sky.a(cc2420.o)
 .text.pending_packet
                0x0000000000007070        0x8 contiki-sky.a(cc2420.o)
 .text.on       0x0000000000007078       0x40 contiki-sky.a(cc2420.o)
 .text.flushrx  0x00000000000070b8       0x7a contiki-sky.a(cc2420.o)
 .text.off      0x0000000000007132       0x72 contiki-sky.a(cc2420.o)
 .text.RELEASE_LOCK
                0x00000000000071a4       0x28 contiki-sky.a(cc2420.o)
 .text.cc2420_prepare
                0x00000000000071cc       0x92 contiki-sky.a(cc2420.o)
 .text.getrxdata
                0x000000000000725e       0x56 contiki-sky.a(cc2420.o)
 .text.cc2420_on
                0x00000000000072b4       0x22 contiki-sky.a(cc2420.o)
                0x00000000000072b4                cc2420_on
 .text.cc2420_off
                0x00000000000072d6       0x30 contiki-sky.a(cc2420.o)
                0x00000000000072d6                cc2420_off
 .text.cc2420_cca
                0x0000000000007306       0x74 contiki-sky.a(cc2420.o)
 .text.cc2420_read
                0x000000000000737a      0x11a contiki-sky.a(cc2420.o)
 .text.process_thread_cc2420_process
                0x0000000000007494       0x50 contiki-sky.a(cc2420.o)
 .text.cc2420_set_channel
                0x00000000000074e4       0x78 contiki-sky.a(cc2420.o)
                0x00000000000074e4                cc2420_set_channel
 .text.cc2420_set_pan_addr
                0x000000000000755c      0x14a contiki-sky.a(cc2420.o)
                0x000000000000755c                cc2420_set_pan_addr
 .text.cc2420_init
                0x00000000000076a6       0xd0 contiki-sky.a(cc2420.o)
                0x00000000000076a6                cc2420_init
 .text.cc2420_interrupt
                0x0000000000007776       0x20 contiki-sky.a(cc2420.o)
                0x0000000000007776                cc2420_interrupt
 .text.cc2420_get_txpower
                0x0000000000007796       0x1e contiki-sky.a(cc2420.o)
                0x0000000000007796                cc2420_get_txpower
 .text.cc2420_transmit
                0x00000000000077b4      0x1a8 contiki-sky.a(cc2420.o)
 .text.cc2420_send
                0x000000000000795c       0x12 contiki-sky.a(cc2420.o)
 .text.cc2420_port1_interrupt
                0x000000000000796e       0x62 contiki-sky.a(cc2420-arch.o)
                0x000000000000796e                __isr_4
                0x000000000000796e                cc2420_port1_interrupt
 .text.cc2420_arch_init
                0x00000000000079d0       0x1a contiki-sky.a(cc2420-arch.o)
                0x00000000000079d0                cc2420_arch_init
 .text.handle_rxdma_timer
                0x00000000000079ea       0x3a contiki-sky.a(uart1.o)
 .text.uart1_active
                0x0000000000007a24       0x1a contiki-sky.a(uart1.o)
                0x0000000000007a24                uart1_active
 .text.uart1_set_input
                0x0000000000007a3e       0x20 contiki-sky.a(uart1.o)
                0x0000000000007a3e                uart1_set_input
 .text.uart1_writeb
                0x0000000000007a5e       0x1a contiki-sky.a(uart1.o)
                0x0000000000007a5e                uart1_writeb
 .text.uart1_init
                0x0000000000007a78       0xf6 contiki-sky.a(uart1.o)
                0x0000000000007a78                uart1_init
 .text.putchar  0x0000000000007b6e       0x10 contiki-sky.a(uart1-putchar.o)
                0x0000000000007b6e                putchar
 .text.msp430_init_dco
                0x0000000000007b7e       0x84 contiki-sky.a(msp430.o)
                0x0000000000007b7e                msp430_init_dco
 .text.msp430_add_lpm_req
                0x0000000000007c02        0xc contiki-sky.a(msp430.o)
                0x0000000000007c02                msp430_add_lpm_req
 .text.msp430_cpu_init
                0x0000000000007c0e       0x2a contiki-sky.a(msp430.o)
                0x0000000000007c0e                msp430_cpu_init
 .text.splhigh_
                0x0000000000007c38        0x8 contiki-sky.a(msp430.o)
                0x0000000000007c38                splhigh_
 .text.msp430_sync_dco
                0x0000000000007c40       0x68 contiki-sky.a(msp430.o)
                0x0000000000007c40                msp430_sync_dco
 .text.timera1  0x0000000000007ca8       0xfe contiki-sky.a(clock.o)
                0x0000000000007ca8                __isr_5
                0x0000000000007ca8                timera1
 .text.clock_time
                0x0000000000007da6       0x1a contiki-sky.a(clock.o)
                0x0000000000007da6                clock_time
 .text.clock_init
                0x0000000000007dc0       0x28 contiki-sky.a(clock.o)
                0x0000000000007dc0                clock_init
 .text.clock_delay
                0x0000000000007de8        0xc contiki-sky.a(clock.o)
                0x0000000000007de8                clock_delay
 .text.show_leds
                0x0000000000007df4      0x100 contiki-sky.a(leds.o)
 .text.leds_init
                0x0000000000007ef4        0xe contiki-sky.a(leds.o)
                0x0000000000007ef4                leds_init
 .text.leds_on  0x0000000000007f02       0x14 contiki-sky.a(leds.o)
                0x0000000000007f02                leds_on
 .text.leds_off
                0x0000000000007f16       0x14 contiki-sky.a(leds.o)
                0x0000000000007f16                leds_off
 .text.leds_arch_init
                0x0000000000007f2a        0xe contiki-sky.a(leds-arch.o)
                0x0000000000007f2a                leds_arch_init
 .text.leds_arch_set
                0x0000000000007f38       0x3a contiki-sky.a(leds-arch.o)
                0x0000000000007f38                leds_arch_set
 .text.watchdog_interrupt
                0x0000000000007f72        0x6 contiki-sky.a(watchdog.o)
                0x0000000000007f72                __isr_10
                0x0000000000007f72                watchdog_interrupt
 .text.watchdog_start
                0x0000000000007f78       0x14 contiki-sky.a(watchdog.o)
                0x0000000000007f78                watchdog_start
 .text.watchdog_periodic
                0x0000000000007f8c       0x12 contiki-sky.a(watchdog.o)
                0x0000000000007f8c                watchdog_periodic
 .text.watchdog_stop
                0x0000000000007f9e       0x16 contiki-sky.a(watchdog.o)
                0x0000000000007f9e                watchdog_stop
 .text.watchdog_init
                0x0000000000007fb4       0x14 contiki-sky.a(watchdog.o)
                0x0000000000007fb4                watchdog_init
 .text.rtimer_arch_init
                0x0000000000007fc8        0xe contiki-sky.a(rtimer-arch.o)
                0x0000000000007fc8                rtimer_arch_init
 .text.rtimer_arch_now
                0x0000000000007fd6        0xe contiki-sky.a(rtimer-arch.o)
                0x0000000000007fd6                rtimer_arch_now
 .text.timera0  0x0000000000007fe4       0x70 contiki-sky.a(rtimer-arch.o)
                0x0000000000007fe4                __isr_6
                0x0000000000007fe4                timera0
 .text.rtimer_arch_schedule
                0x0000000000008054        0x6 contiki-sky.a(rtimer-arch.o)
                0x0000000000008054                rtimer_arch_schedule
 .text.mac_call_sent_callback
                0x000000000000805a       0x14 contiki-sky.a(mac.o)
                0x000000000000805a                mac_call_sent_callback
 .text.parse    0x000000000000806e       0xaa contiki-sky.a(framer-802154.o)
 .text.create   0x0000000000008118      0x112 contiki-sky.a(framer-802154.o)
 .text.spi_init
                0x000000000000822a       0x32 contiki-sky.a(spi.o)
                0x000000000000822a                spi_init
 .text.field_len
                0x000000000000825c       0x98 contiki-sky.a(frame802154.o)
 .text.frame802154_hdrlen
                0x00000000000082f4       0x26 contiki-sky.a(frame802154.o)
                0x00000000000082f4                frame802154_hdrlen
 .text.frame802154_create
                0x000000000000831a      0x172 contiki-sky.a(frame802154.o)
                0x000000000000831a                frame802154_create
 .text.frame802154_parse
                0x000000000000848c      0x1ec contiki-sky.a(frame802154.o)
                0x000000000000848c                frame802154_parse
 .text.libgcc   0x0000000000008678       0x2c /usr/local/lib/gcc/msp430/4.6.3/mmpy-16/libgcc.a(_mulsi3.o)
                0x0000000000008678                __mulsi3
 .text.libgcc   0x00000000000086a4       0x22 /usr/local/lib/gcc/msp430/4.6.3/mmpy-16/libgcc.a(_udivmod16.o)
                0x00000000000086a4                __udivhi3
                0x00000000000086a4                __ext_udivmod16
                0x00000000000086be                __umodhi3
 .text.libgcc   0x00000000000086c6       0x40 /usr/local/lib/gcc/msp430/4.6.3/mmpy-16/libgcc.a(_udivmod32.o)
                0x00000000000086c6                __udivsi3
                0x00000000000086c6                __ext_udivmod32
                0x00000000000086fc                __umodsi3
 .text          0x0000000000008706       0x2a /usr/local/lib/gcc/msp430/4.6.3/../../../../msp430/lib/mmpy-16/libc.a(strncat.o)
                0x0000000000008706                strncat
 .text          0x0000000000008730       0xfa /usr/local/lib/gcc/msp430/4.6.3/../../../../msp430/lib/mmpy-16/libc.a(memcpy.o)
                0x0000000000008730                memcpy
 .text          0x000000000000882a       0x6a /usr/local/lib/gcc/msp430/4.6.3/../../../../msp430/lib/mmpy-16/libc.a(memset.o)
                0x000000000000882a                memset
 .text          0x0000000000008894       0x1e /usr/local/lib/gcc/msp430/4.6.3/../../../../msp430/lib/mmpy-16/libc.a(printf.o)
                0x0000000000008894                printf
                0x00000000000088a4                vprintf
 .text          0x00000000000088b2       0xbc /usr/local/lib/gcc/msp430/4.6.3/../../../../msp430/lib/mmpy-16/libc.a(sprintf.o)
                0x0000000000008910                sprintf
                0x000000000000892c                snprintf
                0x0000000000008946                vsprintf
                0x000000000000895c                vsnprintf
 .text          0x000000000000896e      0x836 /usr/local/lib/gcc/msp430/4.6.3/../../../../msp430/lib/mmpy-16/libc.a(vuprintf.o)
                0x0000000000008b06                vuprintf
 .text          0x00000000000091a4       0x2c /usr/local/lib/gcc/msp430/4.6.3/../../../../msp430/lib/mmpy-16/libc.a(puts.o)
                0x00000000000091a4                puts
 .text          0x00000000000091d0       0x54 /usr/local/lib/gcc/msp430/4.6.3/../../../../msp430/lib/mmpy-16/libc.a(rand.o)
                0x00000000000091d0                rand_r
                0x00000000000091f4                rand
                0x000000000000921a                srand
 .text.libgcc   0x0000000000009224       0xf0 /usr/local/lib/gcc/msp430/4.6.3/mmpy-16/libgcc.a(_udivmod64.o)
                0x0000000000009224                __xabi_udivmod64
                0x0000000000009282                __udivdi3
                0x00000000000092a8                __umoddi3
                0x00000000000092d6                __udivmoddi4
 .text.crt0     0x0000000000009314        0x2 /usr/local/lib/gcc/msp430/4.6.3/mmpy-16/libcrt0.a(_unexpected_.o)
                0x0000000000009314                _unexpected_
                0x0000000000009316                . = ALIGN (0x2)

.rodata         0x0000000000009316      0x1f6
                0x0000000000009316                . = ALIGN (0x2)
 *(.rodata .rodata.* .gnu.linkonce.r.*)
 .rodata        0x0000000000009316       0x2a adc.co
                0x0000000000009332                autostart_processes
 .rodata        0x0000000000009340       0xd4 obj_sky/contiki-sky-main.o
 .rodata        0x0000000000009414        0x2 contiki-sky.a(rimeaddr.o)
                0x0000000000009414                rimeaddr_null
 .rodata        0x0000000000009416        0xc contiki-sky.a(rime.o)
                0x000000000000941c                rime_driver
 .rodata        0x0000000000009422        0x4 contiki-sky.a(broadcast-annou)
 .rodata        0x0000000000009426        0x8 contiki-sky.a(broadcast.o)
 .rodata        0x000000000000942e        0x2 contiki-sky.a(abc.o)
 .rodata        0x0000000000009430       0x10 contiki-sky.a(chameleon-bitop)
                0x0000000000009430                chameleon_bitopt
 .rodata        0x0000000000009440       0x14 contiki-sky.a(csma.o)
                0x0000000000009446                csma_driver
 .rodata        0x0000000000009454       0x46 contiki-sky.a(contikimac.o)
                0x000000000000948a                contikimac_driver
 .rodata        0x000000000000949a        0xe contiki-sky.a(serial-line.o)
 .rodata        0x00000000000094a8        0xc contiki-sky.a(etimer.o)
 .rodata        0x00000000000094b4        0xf contiki-sky.a(ctimer.o)
 *fill*         0x00000000000094c3        0x1 00
 .rodata        0x00000000000094c4       0x10 contiki-sky.a(button-sensor.o)
                0x00000000000094cc                button_sensor
 .rodata        0x00000000000094d4        0x8 contiki-sky.a(sensors.o)
 .rodata        0x00000000000094dc       0x22 contiki-sky.a(cc2420.o)
                0x00000000000094dc                cc2420_driver
 .rodata        0x00000000000094fe        0x4 contiki-sky.a(framer-802154.o)
                0x00000000000094fe                framer_802154
 .rodata        0x0000000000009502        0x2 contiki-sky.a(frame802154.o)
 .rodata        0x0000000000009504        0x7 /usr/local/lib/gcc/msp430/4.6.3/../../../../msp430/lib/mmpy-16/libc.a(vuprintf.o)
                0x000000000000950c                . = ALIGN (0x2)
 *fill*         0x000000000000950b        0x1 00
                0x000000000000950c                _etext = .

.data           0x0000000000001100       0x8e load address 0x000000000000950c
                0x0000000000001100                . = ALIGN (0x2)
                0x0000000000001100                PROVIDE (__data_start, .)
 *(.data .data.* .gnu.linkonce.d.*)
 .data          0x0000000000001100        0xc adc.co
                0x0000000000001100                main_process
 .data          0x000000000000110c       0x18 contiki-sky.a(csma.o)
 .data          0x0000000000001124        0xe contiki-sky.a(contikimac.o)
                0x0000000000001124                phase_list
 .data          0x0000000000001132        0x8 contiki-sky.a(phase.o)
 .data          0x000000000000113a        0xa contiki-sky.a(serial-line.o)
                0x000000000000113a                serial_line_process
 .data          0x0000000000001144        0xa contiki-sky.a(etimer.o)
                0x0000000000001144                etimer_process
 .data          0x000000000000114e        0xa contiki-sky.a(ctimer.o)
                0x000000000000114e                ctimer_process
 .data          0x0000000000001158       0x18 contiki-sky.a(queuebuf.o)
 .data          0x0000000000001170        0x4 contiki-sky.a(contiki-sky-pla)
                0x0000000000001170                sensors
 .data          0x0000000000001174        0xa contiki-sky.a(sensors.o)
                0x0000000000001174                sensors_process
 .data          0x000000000000117e        0xa contiki-sky.a(cc2420.o)
                0x000000000000117e                cc2420_process
 .data          0x0000000000001188        0x2 contiki-sky.a(msp430.o)
 .data          0x000000000000118a        0x4 /usr/local/lib/gcc/msp430/4.6.3/../../../../msp430/lib/mmpy-16/libc.a(rand.o)
                0x000000000000118e                . = ALIGN (0x2)
                0x000000000000118e                _edata = .
                0x000000000000950c                PROVIDE (__data_load_start, LOADADDR (.data))
                0x000000000000008e                PROVIDE (__data_size, SIZEOF (.data))

.bss            0x000000000000118e     0x15c6 load address 0x000000000000959a
                0x000000000000118e                PROVIDE (__bss_start, .)
 *(.bss .bss.*)
 .bss           0x000000000000118e       0xb0 adc.co
 .bss           0x000000000000123e        0xc obj_sky/contiki-sky-main.o
 .bss           0x000000000000124a        0x2 contiki-sky.a(rime.o)
 .bss           0x000000000000124c        0x6 contiki-sky.a(announcement.o)
 .bss           0x0000000000001252       0x46 contiki-sky.a(broadcast-annou)
 .bss           0x0000000000001298        0x2 contiki-sky.a(channel.o)
 .bss           0x000000000000129a      0x126 contiki-sky.a(csma.o)
 .bss           0x00000000000013c0      0x276 contiki-sky.a(contikimac.o)
 .bss           0x0000000000001636       0xe8 contiki-sky.a(phase.o)
 .bss           0x000000000000171e       0x42 contiki-sky.a(process.o)
                0x000000000000171e                process_current
                0x0000000000001720                process_list
 .bss           0x0000000000001760        0x8 contiki-sky.a(compower.o)
 .bss           0x0000000000001768      0x10a contiki-sky.a(serial-line.o)
 .bss           0x0000000000001872        0x6 contiki-sky.a(etimer.o)
 .bss           0x0000000000001878        0x4 contiki-sky.a(ctimer.o)
 .bss           0x000000000000187c        0x2 contiki-sky.a(rtimer.o)
 .bss           0x000000000000187e       0xba contiki-sky.a(packetbuf.o)
 .bss           0x0000000000001938      0xc4e contiki-sky.a(queuebuf.o)
 .bss           0x0000000000002586        0x8 contiki-sky.a(button-sensor.o)
 .bss           0x000000000000258e        0x2 contiki-sky.a(node-id.o)
                0x000000000000258e                node_id
 .bss           0x0000000000002590        0x6 contiki-sky.a(sensors.o)
 .bss           0x0000000000002596        0xa contiki-sky.a(cc2420.o)
 .bss           0x00000000000025a0       0x9a contiki-sky.a(uart1.o)
 .bss           0x000000000000263a        0xa contiki-sky.a(clock.o)
 .bss           0x0000000000002644        0x2 contiki-sky.a(leds.o)
 .bss           0x0000000000002646        0x2 contiki-sky.a(watchdog.o)
 .bss           0x0000000000002648        0x2 contiki-sky.a(framer-802154.o)
 .bss           0x000000000000264a        0x4 /usr/local/lib/gcc/msp430/4.6.3/../../../../msp430/lib/mmpy-16/libc.a(sprintf.o)
 *(COMMON)
 COMMON         0x000000000000264e        0x2 contiki-sky.a(rimeaddr.o)
                0x000000000000264e                rimeaddr_node_addr
 COMMON         0x0000000000002650       0x48 contiki-sky.a(rimestats.o)
                0x0000000000002650                rimestats
 COMMON         0x0000000000002698        0x1 contiki-sky.a(process.o)
                0x0000000000002698                process_maxevents
 *fill*         0x0000000000002699        0x1 00
 COMMON         0x000000000000269a        0x8 contiki-sky.a(compower.o)
                0x000000000000269a                compower_idle_activity
 COMMON         0x00000000000026a2        0x1 contiki-sky.a(serial-line.o)
                0x00000000000026a2                serial_line_event_message
 *fill*         0x00000000000026a3        0x1 00
 COMMON         0x00000000000026a4       0x56 contiki-sky.a(energest.o)
                0x00000000000026a4                energest_total_time
                0x00000000000026d4                energest_total_count
                0x00000000000026d6                energest_current_mode
                0x00000000000026e2                energest_current_time
 COMMON         0x00000000000026fa       0x38 contiki-sky.a(packetbuf.o)
                0x00000000000026fa                packetbuf_addrs
                0x0000000000002702                packetbuf_attrs
 COMMON         0x0000000000002732        0x2 contiki-sky.a(contiki-sky-pla)
                0x0000000000002732                sensors_flags
 COMMON         0x0000000000002734        0x8 contiki-sky.a(ds2411.o)
                0x0000000000002734                ds2411_id
 COMMON         0x000000000000273c        0x1 contiki-sky.a(sensors.o)
                0x000000000000273c                sensors_event
 *fill*         0x000000000000273d        0x1 00
 COMMON         0x000000000000273e       0x14 contiki-sky.a(cc2420.o)
                0x000000000000273e                cc2420_last_rssi
                0x0000000000002740                cc2420_packets_read
                0x0000000000002742                cc2420_packets_seen
                0x0000000000002744                cc2420_sfd_start_time
                0x0000000000002746                cc2420_time_of_departure
                0x0000000000002748                cc2420_time_of_arrival
                0x000000000000274a                cc2420_last_correlation
                0x000000000000274c                cc2420_authority_level_of_sender
                0x000000000000274e                cc2420_sfd_counter
                0x0000000000002750                cc2420_sfd_end_time
 COMMON         0x0000000000002752        0x2 contiki-sky.a(msp430.o)
                0x0000000000002752                msp430_dco_required
                0x0000000000002754                . = ALIGN (0x2)
                0x0000000000002754                PROVIDE (__bss_end, .)
                0x00000000000015c6                PROVIDE (__bss_size, SIZEOF (.bss))

.noinit         0x0000000000002754        0x2 load address 0x000000000000959a
                0x0000000000002754                PROVIDE (__noinit_start, .)
 *(.noinit .noinit.*)
 .noinit.crt0   0x0000000000002754        0x2 /usr/local/lib/gcc/msp430/4.6.3/mmpy-16/libcrt0.a(__watchdog_support.o)
                0x0000000000002754                __wdt_clear_value
                0x0000000000002756                . = ALIGN (0x2)
                0x0000000000002756                PROVIDE (__noinit_end, .)
                0x0000000000002756                . = ALIGN (0x2)
                0x0000000000002756                _end = .

.infomem        0x0000000000001000        0x0
 *(.infomem)
                0x0000000000001000                . = ALIGN (0x2)
 *(.infomem.*)

.infomemnobits  0x0000000000001000        0x0
 *(.infomemnobits)
                0x0000000000001000                . = ALIGN (0x2)
 *(.infomemnobits.*)

.infoa
 *(.infoa .infoa.*)

.infob
 *(.infob .infob.*)

.infoc
 *(.infoc .infoc.*)

.infod
 *(.infod .infod.*)

.vectors        0x000000000000ffe0       0x20
                0x000000000000ffe0                PROVIDE (__vectors_start, .)
 *(.vectors*)
 .vectors       0x000000000000ffe0       0x20 /usr/local/lib/gcc/msp430/4.6.3/mmpy-16/crt0ivtbl16.o
                0x000000000000ffe0                __ivtbl_16
                0x0000000000010000                _vectors_end = .

.fartext        0x0000000000000000        0x0
                0x0000000000000000                . = ALIGN (0x2)
 *(.fartext)
                0x0000000000000000                . = ALIGN (0x2)
 *(.fartext.*)
                0x0000000000000000                _efartext = .

.profiler
 *(.profiler)

.stab
 *(.stab)

.stabstr
 *(.stabstr)

.stab.excl
 *(.stab.excl)

.stab.exclstr
 *(.stab.exclstr)

.stab.index
 *(.stab.index)

.stab.indexstr
 *(.stab.indexstr)

.comment
 *(.comment)

.debug
 *(.debug)

.line
 *(.line)

.debug_srcinfo
 *(.debug_srcinfo)

.debug_sfnames
 *(.debug_sfnames)

.debug_aranges  0x0000000000000000      0x958
 *(.debug_aranges)
 .debug_aranges
                0x0000000000000000       0x20 adc.co
 .debug_aranges
                0x0000000000000020       0x18 obj_sky/contiki-sky-main.o
 .debug_aranges
                0x0000000000000038       0x1c contiki-sky.a(rimeaddr.o)
 .debug_aranges
                0x0000000000000054       0x28 contiki-sky.a(rime.o)
 .debug_aranges
                0x000000000000007c       0x3c contiki-sky.a(announcement.o)
 .debug_aranges
                0x00000000000000b8       0x34 contiki-sky.a(broadcast-annou)
 .debug_aranges
                0x00000000000000ec       0x24 contiki-sky.a(broadcast.o)
 .debug_aranges
                0x0000000000000110       0x24 contiki-sky.a(abc.o)
 .debug_aranges
                0x0000000000000134       0x20 contiki-sky.a(chameleon.o)
 .debug_aranges
                0x0000000000000154       0x24 contiki-sky.a(channel.o)
 .debug_aranges
                0x0000000000000178       0x2c contiki-sky.a(chameleon-bitop)
 .debug_aranges
                0x00000000000001a4       0x34 contiki-sky.a(csma.o)
 .debug_aranges
                0x00000000000001d8       0x4c contiki-sky.a(contikimac.o)
 .debug_aranges
                0x0000000000000224       0x28 contiki-sky.a(phase.o)
 .debug_aranges
                0x000000000000024c       0x44 contiki-sky.a(process.o)
 .debug_aranges
                0x0000000000000290       0x18 contiki-sky.a(autostart.o)
 .debug_aranges
                0x00000000000002a8       0x24 contiki-sky.a(compower.o)
 .debug_aranges
                0x00000000000002cc       0x1c contiki-sky.a(serial-line.o)
 .debug_aranges
                0x00000000000002e8       0x20 contiki-sky.a(memb.o)
 .debug_aranges
                0x0000000000000308       0x24 contiki-sky.a(timer.o)
 .debug_aranges
                0x000000000000032c       0x40 contiki-sky.a(list.o)
 .debug_aranges
                0x000000000000036c       0x48 contiki-sky.a(etimer.o)
 .debug_aranges
                0x00000000000003b4       0x2c contiki-sky.a(ctimer.o)
 .debug_aranges
                0x00000000000003e0       0x24 contiki-sky.a(energest.o)
 .debug_aranges
                0x0000000000000404       0x1c contiki-sky.a(rtimer.o)
 .debug_aranges
                0x0000000000000420       0x18 contiki-sky.a(random.o)
 .debug_aranges
                0x0000000000000438       0x24 contiki-sky.a(ringbuf.o)
 .debug_aranges
                0x000000000000045c       0x64 contiki-sky.a(packetbuf.o)
 .debug_aranges
                0x00000000000004c0       0x38 contiki-sky.a(queuebuf.o)
 .debug_aranges
                0x00000000000004f8       0x14 contiki-sky.a(contiki-sky-pla)
 .debug_aranges
                0x000000000000050c       0x20 contiki-sky.a(button-sensor.o)
 .debug_aranges
                0x000000000000052c       0x18 contiki-sky.a(ds2411.o)
 .debug_aranges
                0x0000000000000544       0x28 contiki-sky.a(xmem.o)
 .debug_aranges
                0x000000000000056c       0x18 contiki-sky.a(node-id.o)
 .debug_aranges
                0x0000000000000584       0x24 contiki-sky.a(sensors.o)
 .debug_aranges
                0x00000000000005a8       0x88 contiki-sky.a(cc2420.o)
 .debug_aranges
                0x0000000000000630       0x18 contiki-sky.a(cc2420-arch.o)
 .debug_aranges
                0x0000000000000648       0x24 contiki-sky.a(uart1.o)
 .debug_aranges
                0x000000000000066c       0x14 contiki-sky.a(uart1-putchar.o)
 .debug_aranges
                0x0000000000000680       0x2c contiki-sky.a(msp430.o)
 .debug_aranges
                0x00000000000006ac       0x3c contiki-sky.a(clock.o)
 .debug_aranges
                0x00000000000006e8       0x30 contiki-sky.a(leds.o)
 .debug_aranges
                0x0000000000000718       0x1c contiki-sky.a(leds-arch.o)
 .debug_aranges
                0x0000000000000734       0x28 contiki-sky.a(watchdog.o)
 .debug_aranges
                0x000000000000075c       0x20 contiki-sky.a(rtimer-arch.o)
 .debug_aranges
                0x000000000000077c       0x14 contiki-sky.a(mac.o)
 .debug_aranges
                0x0000000000000790       0x18 contiki-sky.a(framer-802154.o)
 .debug_aranges
                0x00000000000007a8       0x14 contiki-sky.a(spi.o)
 .debug_aranges
                0x00000000000007bc       0x20 contiki-sky.a(frame802154.o)
 .debug_aranges
                0x00000000000007dc       0x14 /usr/local/lib/gcc/msp430/4.6.3/mmpy-16/libgcc.a(_mulsi3.o)
 .debug_aranges
                0x00000000000007f0       0x14 /usr/local/lib/gcc/msp430/4.6.3/mmpy-16/libgcc.a(_udivmod16.o)
 .debug_aranges
                0x0000000000000804       0x14 /usr/local/lib/gcc/msp430/4.6.3/mmpy-16/libgcc.a(_udivmod32.o)
 .debug_aranges
                0x0000000000000818       0x14 /usr/local/lib/gcc/msp430/4.6.3/../../../../msp430/lib/mmpy-16/libc.a(strncat.o)
 .debug_aranges
                0x000000000000082c       0x14 /usr/local/lib/gcc/msp430/4.6.3/../../../../msp430/lib/mmpy-16/libc.a(strncmp.o)
 .debug_aranges
                0x0000000000000840       0x14 /usr/local/lib/gcc/msp430/4.6.3/../../../../msp430/lib/mmpy-16/libc.a(memcpy.o)
 .debug_aranges
                0x0000000000000854       0x14 /usr/local/lib/gcc/msp430/4.6.3/../../../../msp430/lib/mmpy-16/libc.a(memset.o)
 .debug_aranges
                0x0000000000000868       0x14 /usr/local/lib/gcc/msp430/4.6.3/../../../../msp430/lib/mmpy-16/libc.a(printf.o)
 .debug_aranges
                0x000000000000087c       0x14 /usr/local/lib/gcc/msp430/4.6.3/../../../../msp430/lib/mmpy-16/libc.a(sprintf.o)
 .debug_aranges
                0x0000000000000890       0x14 /usr/local/lib/gcc/msp430/4.6.3/../../../../msp430/lib/mmpy-16/libc.a(vuprintf.o)
 .debug_aranges
                0x00000000000008a4       0x14 /usr/local/lib/gcc/msp430/4.6.3/../../../../msp430/lib/mmpy-16/libc.a(puts.o)
 .debug_aranges
                0x00000000000008b8       0x14 /usr/local/lib/gcc/msp430/4.6.3/../../../../msp430/lib/mmpy-16/libc.a(rand.o)
 .debug_aranges
                0x00000000000008cc       0x14 /usr/local/lib/gcc/msp430/4.6.3/mmpy-16/libgcc.a(_udivmod64.o)
 .debug_aranges
                0x00000000000008e0       0x14 /usr/local/lib/gcc/msp430/4.6.3/mmpy-16/libcrt0.a(__watchdog_support.o)
 .debug_aranges
                0x00000000000008f4       0x14 /usr/local/lib/gcc/msp430/4.6.3/mmpy-16/libcrt0.a(__init_stack.o)
 .debug_aranges
                0x0000000000000908       0x14 /usr/local/lib/gcc/msp430/4.6.3/mmpy-16/libcrt0.a(_copy_data.o)
 .debug_aranges
                0x000000000000091c       0x14 /usr/local/lib/gcc/msp430/4.6.3/mmpy-16/libcrt0.a(_clear_bss.o)
 .debug_aranges
                0x0000000000000930       0x14 /usr/local/lib/gcc/msp430/4.6.3/mmpy-16/libcrt0.a(_endless_loop__.o)
 .debug_aranges
                0x0000000000000944       0x14 /usr/local/lib/gcc/msp430/4.6.3/mmpy-16/libcrt0.a(_unexpected_.o)

.debug_pubnames
 *(.debug_pubnames)

.debug_info     0x0000000000000000     0xf086
 *(.debug_info)
 .debug_info    0x0000000000000000      0x737 adc.co
 .debug_info    0x0000000000000737      0x71f obj_sky/contiki-sky-main.o
 .debug_info    0x0000000000000e56      0x16b contiki-sky.a(rimeaddr.o)
 .debug_info    0x0000000000000fc1      0x5b9 contiki-sky.a(rime.o)
 .debug_info    0x000000000000157a      0x13c contiki-sky.a(rimestats.o)
 .debug_info    0x00000000000016b6      0x3a5 contiki-sky.a(announcement.o)
 .debug_info    0x0000000000001a5b      0x8f8 contiki-sky.a(broadcast-annou)
 .debug_info    0x0000000000002353      0x599 contiki-sky.a(broadcast.o)
 .debug_info    0x00000000000028ec      0x475 contiki-sky.a(abc.o)
 .debug_info    0x0000000000002d61      0x3dc contiki-sky.a(chameleon.o)
 .debug_info    0x000000000000313d      0x2b7 contiki-sky.a(channel.o)
 .debug_info    0x00000000000033f4      0x82c contiki-sky.a(chameleon-bitop)
 .debug_info    0x0000000000003c20      0xbed contiki-sky.a(csma.o)
 .debug_info    0x000000000000480d     0x12c5 contiki-sky.a(contikimac.o)
 .debug_info    0x0000000000005ad2      0x874 contiki-sky.a(phase.o)
 .debug_info    0x0000000000006346      0x53f contiki-sky.a(process.o)
 .debug_info    0x0000000000006885      0x1ad contiki-sky.a(autostart.o)
 .debug_info    0x0000000000006a32      0x3b9 contiki-sky.a(compower.o)
 .debug_info    0x0000000000006deb      0x32f contiki-sky.a(serial-line.o)
 .debug_info    0x000000000000711a      0x194 contiki-sky.a(memb.o)
 .debug_info    0x00000000000072ae      0x169 contiki-sky.a(timer.o)
 .debug_info    0x0000000000007417      0x2f0 contiki-sky.a(list.o)
 .debug_info    0x0000000000007707      0x4aa contiki-sky.a(etimer.o)
 .debug_info    0x0000000000007bb1      0x488 contiki-sky.a(ctimer.o)
 .debug_info    0x0000000000008039      0x247 contiki-sky.a(energest.o)
 .debug_info    0x0000000000008280      0x203 contiki-sky.a(rtimer.o)
 .debug_info    0x0000000000008483       0xa0 contiki-sky.a(random.o)
 .debug_info    0x0000000000008523      0x1a9 contiki-sky.a(ringbuf.o)
 .debug_info    0x00000000000086cc      0x5d2 contiki-sky.a(packetbuf.o)
 .debug_info    0x0000000000008c9e      0x6c3 contiki-sky.a(queuebuf.o)
 .debug_info    0x0000000000009361      0x28e contiki-sky.a(contiki-sky-pla)
 .debug_info    0x00000000000095ef      0x43b contiki-sky.a(button-sensor.o)
 .debug_info    0x0000000000009a2a      0x2d4 contiki-sky.a(ds2411.o)
 .debug_info    0x0000000000009cfe      0x499 contiki-sky.a(xmem.o)
 .debug_info    0x000000000000a197       0xd7 contiki-sky.a(node-id.o)
 .debug_info    0x000000000000a26e      0x407 contiki-sky.a(sensors.o)
 .debug_info    0x000000000000a675     0x13a1 contiki-sky.a(cc2420.o)
 .debug_info    0x000000000000ba16      0x242 contiki-sky.a(cc2420-arch.o)
 .debug_info    0x000000000000bc58      0x4ff contiki-sky.a(uart1.o)
 .debug_info    0x000000000000c157       0x8b contiki-sky.a(uart1-putchar.o)
 .debug_info    0x000000000000c1e2      0x32d contiki-sky.a(msp430.o)
 .debug_info    0x000000000000c50f      0x3b7 contiki-sky.a(clock.o)
 .debug_info    0x000000000000c8c6      0x279 contiki-sky.a(leds.o)
 .debug_info    0x000000000000cb3f       0xed contiki-sky.a(leds-arch.o)
 .debug_info    0x000000000000cc2c      0x185 contiki-sky.a(watchdog.o)
 .debug_info    0x000000000000cdb1      0x1f4 contiki-sky.a(rtimer-arch.o)
 .debug_info    0x000000000000cfa5      0x10c contiki-sky.a(mac.o)
 .debug_info    0x000000000000d0b1      0x628 contiki-sky.a(framer-802154.o)
 .debug_info    0x000000000000d6d9      0x115 contiki-sky.a(spi.o)
 .debug_info    0x000000000000d7ee      0x487 contiki-sky.a(frame802154.o)
 .debug_info    0x000000000000dc75       0xa7 /usr/local/lib/gcc/msp430/4.6.3/mmpy-16/libgcc.a(_mulsi3.o)
 .debug_info    0x000000000000dd1c       0xa7 /usr/local/lib/gcc/msp430/4.6.3/mmpy-16/libgcc.a(_udivmod16.o)
 .debug_info    0x000000000000ddc3       0xa7 /usr/local/lib/gcc/msp430/4.6.3/mmpy-16/libgcc.a(_udivmod32.o)
 .debug_info    0x000000000000de6a       0xe1 /usr/local/lib/gcc/msp430/4.6.3/../../../../msp430/lib/mmpy-16/libc.a(strncat.o)
 .debug_info    0x000000000000df4b       0xbb /usr/local/lib/gcc/msp430/4.6.3/../../../../msp430/lib/mmpy-16/libc.a(strncmp.o)
 .debug_info    0x000000000000e006      0x113 /usr/local/lib/gcc/msp430/4.6.3/../../../../msp430/lib/mmpy-16/libc.a(memcpy.o)
 .debug_info    0x000000000000e119       0xfe /usr/local/lib/gcc/msp430/4.6.3/../../../../msp430/lib/mmpy-16/libc.a(memset.o)
 .debug_info    0x000000000000e217      0x105 /usr/local/lib/gcc/msp430/4.6.3/../../../../msp430/lib/mmpy-16/libc.a(printf.o)
 .debug_info    0x000000000000e31c      0x277 /usr/local/lib/gcc/msp430/4.6.3/../../../../msp430/lib/mmpy-16/libc.a(sprintf.o)
 .debug_info    0x000000000000e593      0x565 /usr/local/lib/gcc/msp430/4.6.3/../../../../msp430/lib/mmpy-16/libc.a(vuprintf.o)
 .debug_info    0x000000000000eaf8       0x96 /usr/local/lib/gcc/msp430/4.6.3/../../../../msp430/lib/mmpy-16/libc.a(puts.o)
 .debug_info    0x000000000000eb8e      0x13f /usr/local/lib/gcc/msp430/4.6.3/../../../../msp430/lib/mmpy-16/libc.a(rand.o)
 .debug_info    0x000000000000eccd       0xa7 /usr/local/lib/gcc/msp430/4.6.3/mmpy-16/libgcc.a(_udivmod64.o)
 .debug_info    0x000000000000ed74       0x83 /usr/local/lib/gcc/msp430/4.6.3/mmpy-16/libcrt0.a(__watchdog_support.o)
 .debug_info    0x000000000000edf7       0x83 /usr/local/lib/gcc/msp430/4.6.3/mmpy-16/libcrt0.a(__init_stack.o)
 .debug_info    0x000000000000ee7a       0x83 /usr/local/lib/gcc/msp430/4.6.3/mmpy-16/libcrt0.a(_copy_data.o)
 .debug_info    0x000000000000eefd       0x83 /usr/local/lib/gcc/msp430/4.6.3/mmpy-16/libcrt0.a(_clear_bss.o)
 .debug_info    0x000000000000ef80       0x83 /usr/local/lib/gcc/msp430/4.6.3/mmpy-16/libcrt0.a(_endless_loop__.o)
 .debug_info    0x000000000000f003       0x83 /usr/local/lib/gcc/msp430/4.6.3/mmpy-16/libcrt0.a(_unexpected_.o)
 *(.gnu.linkonce.wi.*)

.debug_abbrev   0x0000000000000000     0x5ca1
 *(.debug_abbrev)
 .debug_abbrev  0x0000000000000000      0x222 adc.co
 .debug_abbrev  0x0000000000000222      0x272 obj_sky/contiki-sky-main.o
 .debug_abbrev  0x0000000000000494       0xff contiki-sky.a(rimeaddr.o)
 .debug_abbrev  0x0000000000000593      0x1ee contiki-sky.a(rime.o)
 .debug_abbrev  0x0000000000000781       0x5b contiki-sky.a(rimestats.o)
 .debug_abbrev  0x00000000000007dc      0x181 contiki-sky.a(announcement.o)
 .debug_abbrev  0x000000000000095d      0x2da contiki-sky.a(broadcast-annou)
 .debug_abbrev  0x0000000000000c37      0x222 contiki-sky.a(broadcast.o)
 .debug_abbrev  0x0000000000000e59      0x1a8 contiki-sky.a(abc.o)
 .debug_abbrev  0x0000000000001001      0x1e5 contiki-sky.a(chameleon.o)
 .debug_abbrev  0x00000000000011e6      0x180 contiki-sky.a(channel.o)
 .debug_abbrev  0x0000000000001366      0x2f4 contiki-sky.a(chameleon-bitop)
 .debug_abbrev  0x000000000000165a      0x361 contiki-sky.a(csma.o)
 .debug_abbrev  0x00000000000019bb      0x3d9 contiki-sky.a(contikimac.o)
 .debug_abbrev  0x0000000000001d94      0x236 contiki-sky.a(phase.o)
 .debug_abbrev  0x0000000000001fca      0x323 contiki-sky.a(process.o)
 .debug_abbrev  0x00000000000022ed       0xf5 contiki-sky.a(autostart.o)
 .debug_abbrev  0x00000000000023e2      0x1e4 contiki-sky.a(compower.o)
 .debug_abbrev  0x00000000000025c6      0x1c4 contiki-sky.a(serial-line.o)
 .debug_abbrev  0x000000000000278a       0xea contiki-sky.a(memb.o)
 .debug_abbrev  0x0000000000002874       0xf8 contiki-sky.a(timer.o)
 .debug_abbrev  0x000000000000296c      0x151 contiki-sky.a(list.o)
 .debug_abbrev  0x0000000000002abd      0x27a contiki-sky.a(etimer.o)
 .debug_abbrev  0x0000000000002d37      0x1cb contiki-sky.a(ctimer.o)
 .debug_abbrev  0x0000000000002f02      0x133 contiki-sky.a(energest.o)
 .debug_abbrev  0x0000000000003035      0x139 contiki-sky.a(rtimer.o)
 .debug_abbrev  0x000000000000316e       0x67 contiki-sky.a(random.o)
 .debug_abbrev  0x00000000000031d5      0x109 contiki-sky.a(ringbuf.o)
 .debug_abbrev  0x00000000000032de      0x24a contiki-sky.a(packetbuf.o)
 .debug_abbrev  0x0000000000003528      0x232 contiki-sky.a(queuebuf.o)
 .debug_abbrev  0x000000000000375a      0x12a contiki-sky.a(contiki-sky-pla)
 .debug_abbrev  0x0000000000003884      0x1d7 contiki-sky.a(button-sensor.o)
 .debug_abbrev  0x0000000000003a5b      0x181 contiki-sky.a(ds2411.o)
 .debug_abbrev  0x0000000000003bdc      0x204 contiki-sky.a(xmem.o)
 .debug_abbrev  0x0000000000003de0       0x82 contiki-sky.a(node-id.o)
 .debug_abbrev  0x0000000000003e62      0x220 contiki-sky.a(sensors.o)
 .debug_abbrev  0x0000000000004082      0x4b8 contiki-sky.a(cc2420.o)
 .debug_abbrev  0x000000000000453a      0x13d contiki-sky.a(cc2420-arch.o)
 .debug_abbrev  0x0000000000004677      0x1d5 contiki-sky.a(uart1.o)
 .debug_abbrev  0x000000000000484c       0x50 contiki-sky.a(uart1-putchar.o)
 .debug_abbrev  0x000000000000489c      0x192 contiki-sky.a(msp430.o)
 .debug_abbrev  0x0000000000004a2e      0x1a6 contiki-sky.a(clock.o)
 .debug_abbrev  0x0000000000004bd4      0x139 contiki-sky.a(leds.o)
 .debug_abbrev  0x0000000000004d0d       0xa8 contiki-sky.a(leds-arch.o)
 .debug_abbrev  0x0000000000004db5       0xd9 contiki-sky.a(watchdog.o)
 .debug_abbrev  0x0000000000004e8e      0x135 contiki-sky.a(rtimer-arch.o)
 .debug_abbrev  0x0000000000004fc3       0xa0 contiki-sky.a(mac.o)
 .debug_abbrev  0x0000000000005063      0x220 contiki-sky.a(framer-802154.o)
 .debug_abbrev  0x0000000000005283       0x7f contiki-sky.a(spi.o)
 .debug_abbrev  0x0000000000005302      0x180 contiki-sky.a(frame802154.o)
 .debug_abbrev  0x0000000000005482       0x14 /usr/local/lib/gcc/msp430/4.6.3/mmpy-16/libgcc.a(_mulsi3.o)
 .debug_abbrev  0x0000000000005496       0x14 /usr/local/lib/gcc/msp430/4.6.3/mmpy-16/libgcc.a(_udivmod16.o)
 .debug_abbrev  0x00000000000054aa       0x14 /usr/local/lib/gcc/msp430/4.6.3/mmpy-16/libgcc.a(_udivmod32.o)
 .debug_abbrev  0x00000000000054be       0x94 /usr/local/lib/gcc/msp430/4.6.3/../../../../msp430/lib/mmpy-16/libc.a(strncat.o)
 .debug_abbrev  0x0000000000005552       0x7c /usr/local/lib/gcc/msp430/4.6.3/../../../../msp430/lib/mmpy-16/libc.a(strncmp.o)
 .debug_abbrev  0x00000000000055ce       0x97 /usr/local/lib/gcc/msp430/4.6.3/../../../../msp430/lib/mmpy-16/libc.a(memcpy.o)
 .debug_abbrev  0x0000000000005665       0x9c /usr/local/lib/gcc/msp430/4.6.3/../../../../msp430/lib/mmpy-16/libc.a(memset.o)
 .debug_abbrev  0x0000000000005701       0xd0 /usr/local/lib/gcc/msp430/4.6.3/../../../../msp430/lib/mmpy-16/libc.a(printf.o)
 .debug_abbrev  0x00000000000057d1      0x105 /usr/local/lib/gcc/msp430/4.6.3/../../../../msp430/lib/mmpy-16/libc.a(sprintf.o)
 .debug_abbrev  0x00000000000058d6      0x1ef /usr/local/lib/gcc/msp430/4.6.3/../../../../msp430/lib/mmpy-16/libc.a(vuprintf.o)
 .debug_abbrev  0x0000000000005ac5       0x60 /usr/local/lib/gcc/msp430/4.6.3/../../../../msp430/lib/mmpy-16/libc.a(puts.o)
 .debug_abbrev  0x0000000000005b25       0xf0 /usr/local/lib/gcc/msp430/4.6.3/../../../../msp430/lib/mmpy-16/libc.a(rand.o)
 .debug_abbrev  0x0000000000005c15       0x14 /usr/local/lib/gcc/msp430/4.6.3/mmpy-16/libgcc.a(_udivmod64.o)
 .debug_abbrev  0x0000000000005c29       0x14 /usr/local/lib/gcc/msp430/4.6.3/mmpy-16/libcrt0.a(__watchdog_support.o)
 .debug_abbrev  0x0000000000005c3d       0x14 /usr/local/lib/gcc/msp430/4.6.3/mmpy-16/libcrt0.a(__init_stack.o)
 .debug_abbrev  0x0000000000005c51       0x14 /usr/local/lib/gcc/msp430/4.6.3/mmpy-16/libcrt0.a(_copy_data.o)
 .debug_abbrev  0x0000000000005c65       0x14 /usr/local/lib/gcc/msp430/4.6.3/mmpy-16/libcrt0.a(_clear_bss.o)
 .debug_abbrev  0x0000000000005c79       0x14 /usr/local/lib/gcc/msp430/4.6.3/mmpy-16/libcrt0.a(_endless_loop__.o)
 .debug_abbrev  0x0000000000005c8d       0x14 /usr/local/lib/gcc/msp430/4.6.3/mmpy-16/libcrt0.a(_unexpected_.o)

.debug_line     0x0000000000000000     0x68cc
 *(.debug_line)
 .debug_line    0x0000000000000000      0x292 adc.co
 .debug_line    0x0000000000000292      0x321 obj_sky/contiki-sky-main.o
 .debug_line    0x00000000000005b3      0x108 contiki-sky.a(rimeaddr.o)
 .debug_line    0x00000000000006bb      0x21f contiki-sky.a(rime.o)
 .debug_line    0x00000000000008da       0x93 contiki-sky.a(rimestats.o)
 .debug_line    0x000000000000096d      0x1e8 contiki-sky.a(announcement.o)
 .debug_line    0x0000000000000b55      0x2ef contiki-sky.a(broadcast-annou)
 .debug_line    0x0000000000000e44      0x1c9 contiki-sky.a(broadcast.o)
 .debug_line    0x000000000000100d      0x1a8 contiki-sky.a(abc.o)
 .debug_line    0x00000000000011b5      0x184 contiki-sky.a(chameleon.o)
 .debug_line    0x0000000000001339      0x1a8 contiki-sky.a(channel.o)
 .debug_line    0x00000000000014e1      0x293 contiki-sky.a(chameleon-bitop)
 .debug_line    0x0000000000001774      0x35f contiki-sky.a(csma.o)
 .debug_line    0x0000000000001ad3      0x56b contiki-sky.a(contikimac.o)
 .debug_line    0x000000000000203e      0x309 contiki-sky.a(phase.o)
 .debug_line    0x0000000000002347      0x201 contiki-sky.a(process.o)
 .debug_line    0x0000000000002548       0xd1 contiki-sky.a(autostart.o)
 .debug_line    0x0000000000002619      0x1b1 contiki-sky.a(compower.o)
 .debug_line    0x00000000000027ca      0x186 contiki-sky.a(serial-line.o)
 .debug_line    0x0000000000002950       0xf7 contiki-sky.a(memb.o)
 .debug_line    0x0000000000002a47      0x114 contiki-sky.a(timer.o)
 .debug_line    0x0000000000002b5b      0x17d contiki-sky.a(list.o)
 .debug_line    0x0000000000002cd8      0x256 contiki-sky.a(etimer.o)
 .debug_line    0x0000000000002f2e      0x208 contiki-sky.a(ctimer.o)
 .debug_line    0x0000000000003136       0xfd contiki-sky.a(energest.o)
 .debug_line    0x0000000000003233       0xc9 contiki-sky.a(rtimer.o)
 .debug_line    0x00000000000032fc       0x6d contiki-sky.a(random.o)
 .debug_line    0x0000000000003369      0x12b contiki-sky.a(ringbuf.o)
 .debug_line    0x0000000000003494      0x2ee contiki-sky.a(packetbuf.o)
 .debug_line    0x0000000000003782      0x247 contiki-sky.a(queuebuf.o)
 .debug_line    0x00000000000039c9      0x13c contiki-sky.a(contiki-sky-pla)
 .debug_line    0x0000000000003b05      0x1da contiki-sky.a(button-sensor.o)
 .debug_line    0x0000000000003cdf      0x156 contiki-sky.a(ds2411.o)
 .debug_line    0x0000000000003e35      0x247 contiki-sky.a(xmem.o)
 .debug_line    0x000000000000407c       0x84 contiki-sky.a(node-id.o)
 .debug_line    0x0000000000004100      0x186 contiki-sky.a(sensors.o)
 .debug_line    0x0000000000004286      0x7ff contiki-sky.a(cc2420.o)
 .debug_line    0x0000000000004a85      0x193 contiki-sky.a(cc2420-arch.o)
 .debug_line    0x0000000000004c18      0x1fa contiki-sky.a(uart1.o)
 .debug_line    0x0000000000004e12       0xaf contiki-sky.a(uart1-putchar.o)
 .debug_line    0x0000000000004ec1      0x1ad contiki-sky.a(msp430.o)
 .debug_line    0x000000000000506e      0x255 contiki-sky.a(clock.o)
 .debug_line    0x00000000000052c3      0x13e contiki-sky.a(leds.o)
 .debug_line    0x0000000000005401      0x111 contiki-sky.a(leds-arch.o)
 .debug_line    0x0000000000005512      0x141 contiki-sky.a(watchdog.o)
 .debug_line    0x0000000000005653      0x148 contiki-sky.a(rtimer-arch.o)
 .debug_line    0x000000000000579b       0x97 contiki-sky.a(mac.o)
 .debug_line    0x0000000000005832      0x1e3 contiki-sky.a(framer-802154.o)
 .debug_line    0x0000000000005a15       0xb9 contiki-sky.a(spi.o)
 .debug_line    0x0000000000005ace      0x251 contiki-sky.a(frame802154.o)
 .debug_line    0x0000000000005d1f       0x7e /usr/local/lib/gcc/msp430/4.6.3/mmpy-16/libgcc.a(_mulsi3.o)
 .debug_line    0x0000000000005d9d       0x77 /usr/local/lib/gcc/msp430/4.6.3/mmpy-16/libgcc.a(_udivmod16.o)
 .debug_line    0x0000000000005e14       0x86 /usr/local/lib/gcc/msp430/4.6.3/mmpy-16/libgcc.a(_udivmod32.o)
 .debug_line    0x0000000000005e9a       0x87 /usr/local/lib/gcc/msp430/4.6.3/../../../../msp430/lib/mmpy-16/libc.a(strncat.o)
 .debug_line    0x0000000000005f21       0x7b /usr/local/lib/gcc/msp430/4.6.3/../../../../msp430/lib/mmpy-16/libc.a(strncmp.o)
 .debug_line    0x0000000000005f9c       0xef /usr/local/lib/gcc/msp430/4.6.3/../../../../msp430/lib/mmpy-16/libc.a(memcpy.o)
 .debug_line    0x000000000000608b       0xce /usr/local/lib/gcc/msp430/4.6.3/../../../../msp430/lib/mmpy-16/libc.a(memset.o)
 .debug_line    0x0000000000006159       0x78 /usr/local/lib/gcc/msp430/4.6.3/../../../../msp430/lib/mmpy-16/libc.a(printf.o)
 .debug_line    0x00000000000061d1       0xa2 /usr/local/lib/gcc/msp430/4.6.3/../../../../msp430/lib/mmpy-16/libc.a(sprintf.o)
 .debug_line    0x0000000000006273      0x2d8 /usr/local/lib/gcc/msp430/4.6.3/../../../../msp430/lib/mmpy-16/libc.a(vuprintf.o)
 .debug_line    0x000000000000654b       0x4d /usr/local/lib/gcc/msp430/4.6.3/../../../../msp430/lib/mmpy-16/libc.a(puts.o)
 .debug_line    0x0000000000006598       0x4f /usr/local/lib/gcc/msp430/4.6.3/../../../../msp430/lib/mmpy-16/libc.a(rand.o)
 .debug_line    0x00000000000065e7       0xcc /usr/local/lib/gcc/msp430/4.6.3/mmpy-16/libgcc.a(_udivmod64.o)
 .debug_line    0x00000000000066b3       0x59 /usr/local/lib/gcc/msp430/4.6.3/mmpy-16/libcrt0.a(__watchdog_support.o)
 .debug_line    0x000000000000670c       0x57 /usr/local/lib/gcc/msp430/4.6.3/mmpy-16/libcrt0.a(__init_stack.o)
 .debug_line    0x0000000000006763       0x5d /usr/local/lib/gcc/msp430/4.6.3/mmpy-16/libcrt0.a(_copy_data.o)
 .debug_line    0x00000000000067c0       0x5d /usr/local/lib/gcc/msp430/4.6.3/mmpy-16/libcrt0.a(_clear_bss.o)
 .debug_line    0x000000000000681d       0x58 /usr/local/lib/gcc/msp430/4.6.3/mmpy-16/libcrt0.a(_endless_loop__.o)
 .debug_line    0x0000000000006875       0x57 /usr/local/lib/gcc/msp430/4.6.3/mmpy-16/libcrt0.a(_unexpected_.o)

.debug_frame    0x0000000000000000     0x1cae
 *(.debug_frame)
 .debug_frame   0x0000000000000000       0x9a adc.co
 .debug_frame   0x000000000000009a       0xb6 obj_sky/contiki-sky-main.o
 .debug_frame   0x0000000000000150       0x36 contiki-sky.a(rimeaddr.o)
 .debug_frame   0x0000000000000186       0x8a contiki-sky.a(rime.o)
 .debug_frame   0x0000000000000210       0xe8 contiki-sky.a(announcement.o)
 .debug_frame   0x00000000000002f8       0xc6 contiki-sky.a(broadcast-annou)
 .debug_frame   0x00000000000003be       0x6c contiki-sky.a(broadcast.o)
 .debug_frame   0x000000000000042a       0x5e contiki-sky.a(abc.o)
 .debug_frame   0x0000000000000488       0x48 contiki-sky.a(chameleon.o)
 .debug_frame   0x00000000000004d0       0x5e contiki-sky.a(channel.o)
 .debug_frame   0x000000000000052e       0xdc contiki-sky.a(chameleon-bitop)
 .debug_frame   0x000000000000060a       0xfa contiki-sky.a(csma.o)
 .debug_frame   0x0000000000000704      0x188 contiki-sky.a(contikimac.o)
 .debug_frame   0x000000000000088c       0xc4 contiki-sky.a(phase.o)
 .debug_frame   0x0000000000000950       0xe8 contiki-sky.a(process.o)
 .debug_frame   0x0000000000000a38       0x36 contiki-sky.a(autostart.o)
 .debug_frame   0x0000000000000a6e       0x5e contiki-sky.a(compower.o)
 .debug_frame   0x0000000000000acc       0x3c contiki-sky.a(serial-line.o)
 .debug_frame   0x0000000000000b08       0x60 contiki-sky.a(memb.o)
 .debug_frame   0x0000000000000b68       0x6a contiki-sky.a(timer.o)
 .debug_frame   0x0000000000000bd2       0xbc contiki-sky.a(list.o)
 .debug_frame   0x0000000000000c8e       0xf8 contiki-sky.a(etimer.o)
 .debug_frame   0x0000000000000d86       0xaa contiki-sky.a(ctimer.o)
 .debug_frame   0x0000000000000e30       0x72 contiki-sky.a(energest.o)
 .debug_frame   0x0000000000000ea2       0x36 contiki-sky.a(rtimer.o)
 .debug_frame   0x0000000000000ed8       0x2a contiki-sky.a(random.o)
 .debug_frame   0x0000000000000f02       0x5e contiki-sky.a(ringbuf.o)
 .debug_frame   0x0000000000000f60      0x158 contiki-sky.a(packetbuf.o)
 .debug_frame   0x00000000000010b8       0xaa contiki-sky.a(queuebuf.o)
 .debug_frame   0x0000000000001162       0x1e contiki-sky.a(contiki-sky-pla)
 .debug_frame   0x0000000000001180       0x60 contiki-sky.a(button-sensor.o)
 .debug_frame   0x00000000000011e0       0x44 contiki-sky.a(ds2411.o)
 .debug_frame   0x0000000000001224       0xca contiki-sky.a(xmem.o)
 .debug_frame   0x00000000000012ee       0x32 contiki-sky.a(node-id.o)
 .debug_frame   0x0000000000001320       0x74 contiki-sky.a(sensors.o)
 .debug_frame   0x0000000000001394      0x218 contiki-sky.a(cc2420.o)
 .debug_frame   0x00000000000015ac       0x48 contiki-sky.a(cc2420-arch.o)
 .debug_frame   0x00000000000015f4       0x68 contiki-sky.a(uart1.o)
 .debug_frame   0x000000000000165c       0x24 contiki-sky.a(uart1-putchar.o)
 .debug_frame   0x0000000000001680       0x7a contiki-sky.a(msp430.o)
 .debug_frame   0x00000000000016fa       0xd2 contiki-sky.a(clock.o)
 .debug_frame   0x00000000000017cc       0x88 contiki-sky.a(leds.o)
 .debug_frame   0x0000000000001854       0x36 contiki-sky.a(leds-arch.o)
 .debug_frame   0x000000000000188a       0x5a contiki-sky.a(watchdog.o)
 .debug_frame   0x00000000000018e4       0x60 contiki-sky.a(rtimer-arch.o)
 .debug_frame   0x0000000000001944       0x24 contiki-sky.a(mac.o)
 .debug_frame   0x0000000000001968       0x40 contiki-sky.a(framer-802154.o)
 .debug_frame   0x00000000000019a8       0x1e contiki-sky.a(spi.o)
 .debug_frame   0x00000000000019c6       0x94 contiki-sky.a(frame802154.o)
 .debug_frame   0x0000000000001a5a       0x24 /usr/local/lib/gcc/msp430/4.6.3/../../../../msp430/lib/mmpy-16/libc.a(strncat.o)
 .debug_frame   0x0000000000001a7e       0x24 /usr/local/lib/gcc/msp430/4.6.3/../../../../msp430/lib/mmpy-16/libc.a(strncmp.o)
 .debug_frame   0x0000000000001aa2       0x38 /usr/local/lib/gcc/msp430/4.6.3/../../../../msp430/lib/mmpy-16/libc.a(memcpy.o)
 .debug_frame   0x0000000000001ada       0x32 /usr/local/lib/gcc/msp430/4.6.3/../../../../msp430/lib/mmpy-16/libc.a(memset.o)
 .debug_frame   0x0000000000001b0c       0x2a /usr/local/lib/gcc/msp430/4.6.3/../../../../msp430/lib/mmpy-16/libc.a(printf.o)
 .debug_frame   0x0000000000001b36       0x68 /usr/local/lib/gcc/msp430/4.6.3/../../../../msp430/lib/mmpy-16/libc.a(sprintf.o)
 .debug_frame   0x0000000000001b9e       0xb0 /usr/local/lib/gcc/msp430/4.6.3/../../../../msp430/lib/mmpy-16/libc.a(vuprintf.o)
 .debug_frame   0x0000000000001c4e       0x24 /usr/local/lib/gcc/msp430/4.6.3/../../../../msp430/lib/mmpy-16/libc.a(puts.o)
 .debug_frame   0x0000000000001c72       0x3c /usr/local/lib/gcc/msp430/4.6.3/../../../../msp430/lib/mmpy-16/libc.a(rand.o)

.debug_str      0x0000000000000000     0x3d8b
 *(.debug_str)
 .debug_str     0x0000000000000000      0x3f9 adc.co
                                        0x523 (size before relaxing)
 .debug_str     0x00000000000003f9      0x1b1 obj_sky/contiki-sky-main.o
                                        0x4c5 (size before relaxing)
 .debug_str     0x00000000000005aa       0x87 contiki-sky.a(rimeaddr.o)
                                        0x15c (size before relaxing)
 .debug_str     0x0000000000000631      0x18f contiki-sky.a(rime.o)
                                        0x37f (size before relaxing)
 .debug_str     0x00000000000007c0       0x37 contiki-sky.a(rimestats.o)
                                        0x111 (size before relaxing)
 .debug_str     0x00000000000007f7      0x1b6 contiki-sky.a(announcement.o)
                                        0x2e7 (size before relaxing)
 .debug_str     0x00000000000009ad      0x19f contiki-sky.a(broadcast-annou)
                                        0x566 (size before relaxing)
 .debug_str     0x0000000000000b4c      0x35e contiki-sky.a(broadcast.o)
                                        0x66a (size before relaxing)
 .debug_str     0x0000000000000eaa       0x60 contiki-sky.a(abc.o)
                                        0x5fb (size before relaxing)
 .debug_str     0x0000000000000f0a       0xae contiki-sky.a(chameleon.o)