Archive member included because of file (symbol)

contiki-sky.a(rimeaddr.o)     obj_sky/contiki-sky-main.o (rimeaddr_copy)
contiki-sky.a(rime.o)         obj_sky/contiki-sky-main.o (rime_driver)
contiki-sky.a(rimestats.o)    contiki-sky.a(rime.o) (rimestats)
contiki-sky.a(announcement.o)
                              contiki-sky.a(rime.o) (announcement_init)
contiki-sky.a(broadcast-annou)
                              contiki-sky.a(rime.o) (broadcast_announcement_init)
contiki-sky.a(broadcast.o)    bcsd.co (broadcast_open)
contiki-sky.a(abc.o)          contiki-sky.a(broadcast.o) (abc_open)
contiki-sky.a(chameleon.o)    contiki-sky.a(rime.o) (chameleon_init)
contiki-sky.a(channel.o)      contiki-sky.a(chameleon.o) (channel_init)
contiki-sky.a(chameleon-bitop)
                              contiki-sky.a(chameleon.o) (chameleon_bitopt)
contiki-sky.a(csma.o)         obj_sky/contiki-sky-main.o (csma_driver)
contiki-sky.a(contikimac.o)   obj_sky/contiki-sky-main.o (contikimac_driver)
contiki-sky.a(phase.o)        contiki-sky.a(contikimac.o) (phase_update)
contiki-sky.a(process.o)      obj_sky/contiki-sky-main.o (process_init)
contiki-sky.a(autostart.o)    obj_sky/contiki-sky-main.o (autostart_start)
contiki-sky.a(compower.o)     contiki-sky.a(contikimac.o) (compower_accumulate)
contiki-sky.a(serial-line.o)  obj_sky/contiki-sky-main.o (serial_line_input_byte)
contiki-sky.a(memb.o)         contiki-sky.a(csma.o) (memb_init)
contiki-sky.a(timer.o)        obj_sky/contiki-sky-main.o (timer_set)
contiki-sky.a(list.o)         contiki-sky.a(announcement.o) (list_init)
contiki-sky.a(etimer.o)       obj_sky/contiki-sky-main.o (etimer_process)
contiki-sky.a(ctimer.o)       obj_sky/contiki-sky-main.o (ctimer_init)
contiki-sky.a(energest.o)     obj_sky/contiki-sky-main.o (energest_init)
contiki-sky.a(rtimer.o)       obj_sky/contiki-sky-main.o (rtimer_init)
contiki-sky.a(random.o)       obj_sky/contiki-sky-main.o (random_init)
contiki-sky.a(ringbuf.o)      contiki-sky.a(serial-line.o) (ringbuf_init)
contiki-sky.a(packetbuf.o)    contiki-sky.a(contikimac.o) (packetbuf_hdr_remove)
contiki-sky.a(queuebuf.o)     contiki-sky.a(rime.o) (queuebuf_init)
contiki-sky.a(serial-shell.o)
                              bcsd.co (serial_shell_init)
contiki-sky.a(global-sensor.o)
                              bcsd.co (shell_global_sensor_init)
contiki-sky.a(shell.o)        contiki-sky.a(serial-shell.o) (shell_input)
contiki-sky.a(shell-rime.o)   bcsd.co (shell_rime_init)
contiki-sky.a(shell-text.o)   bcsd.co (shell_text_init)
contiki-sky.a(shell-time.o)   bcsd.co (shell_time_init)
contiki-sky.a(shell-sky.o)    bcsd.co (shell_sky_init)
contiki-sky.a(contiki-sky-pla)
                              obj_sky/contiki-sky-main.o (init_platform)
contiki-sky.a(sht11-sensor.o)
                              contiki-sky.a(global-sensor.o) (sht11_sensor)
contiki-sky.a(light-sensor.o)
                              contiki-sky.a(global-sensor.o) (light_sensor)
contiki-sky.a(battery-sensor.)
                              contiki-sky.a(global-sensor.o) (battery_sensor)
contiki-sky.a(button-sensor.o)
                              contiki-sky.a(contiki-sky-pla) (button_sensor)
contiki-sky.a(ds2411.o)       obj_sky/contiki-sky-main.o (ds2411_init)
contiki-sky.a(xmem.o)         obj_sky/contiki-sky-main.o (xmem_init)
contiki-sky.a(node-id.o)      obj_sky/contiki-sky-main.o (node_id_restore)
contiki-sky.a(sensors.o)      contiki-sky.a(button-sensor.o) (sensors_changed)
contiki-sky.a(cc2420.o)       contiki-sky.a(shell-sky.o) (cc2420_on)
contiki-sky.a(cc2420-arch.o)  contiki-sky.a(cc2420.o) (cc2420_arch_init)
contiki-sky.a(sky-sensors.o)  contiki-sky.a(light-sensor.o) (sky_sensors_status)
contiki-sky.a(uart1.o)        obj_sky/contiki-sky-main.o (uart1_active)
contiki-sky.a(uart1-putchar.o)
                              obj_sky/contiki-sky-main.o (putchar)
contiki-sky.a(msp430.o)       contiki-sky.a(uart1.o) (msp430_add_lpm_req)
contiki-sky.a(clock.o)        contiki-sky.a(timer.o) (clock_time)
contiki-sky.a(leds.o)         obj_sky/contiki-sky-main.o (leds_init)
contiki-sky.a(leds-arch.o)    contiki-sky.a(leds.o) (leds_arch_init)
contiki-sky.a(watchdog.o)     obj_sky/contiki-sky-main.o (watchdog_start)
contiki-sky.a(rtimer-arch.o)  contiki-sky.a(rtimer.o) (rtimer_arch_init)
contiki-sky.a(route.o)        contiki-sky.a(shell-rime.o) (route_num)
contiki-sky.a(collect.o)      contiki-sky.a(shell-rime.o) (collect_open)
contiki-sky.a(collect-neighbo)
                              contiki-sky.a(collect.o) (collect_neighbor_init)
contiki-sky.a(collect-link-es)
                              contiki-sky.a(collect-neighbo) (collect_link_estimate_new)
contiki-sky.a(mac.o)          contiki-sky.a(csma.o) (mac_call_sent_callback)
contiki-sky.a(framer-802154.o)
                              contiki-sky.a(contikimac.o) (framer_802154)
contiki-sky.a(crc16.o)        contiki-sky.a(shell-rime.o) (crc16_data)
[...]
Memory Configuration

Name             Origin             Length             Attributes
sfr              0x0000000000000000 0x0000000000000010
peripheral_8bit  0x0000000000000010 0x00000000000000f0
peripheral_16bit 0x0000000000000100 0x0000000000000100
ram_mirror       0x0000000000000200 0x0000000000000800 xw
infomem          0x0000000000001000 0x0000000000000100
infob            0x0000000000001000 0x0000000000000080
infoa            0x0000000000001080 0x0000000000000080
ram              0x0000000000001100 0x0000000000002800 xw
rom              0x0000000000004000 0x000000000000bfe0 xr
vectors          0x000000000000ffe0 0x0000000000000020
bsl              0x0000000000000000 0x0000000000000000
infoc            0x0000000000000000 0x0000000000000000
infod            0x0000000000000000 0x0000000000000000
ram2             0x0000000000000000 0x0000000000000000 xw
usbram           0x0000000000000000 0x0000000000000000 xw
far_rom          0x0000000000000000 0x0000000000000000
*default*        0x0000000000000000 0xffffffffffffffff

Linker script and memory map

LOAD /usr/local/lib/gcc/msp430/4.6.3/mmpy-16/crt0ivtbl16.o
LOAD bcsd.co
LOAD obj_sky/contiki-sky-main.o
LOAD contiki-sky.a
LOAD /usr/local/lib/gcc/msp430/4.6.3/mmpy-16/libgcc.a
LOAD /usr/local/lib/gcc/msp430/4.6.3/../../../../msp430/lib/mmpy-16/libc.a
LOAD /usr/local/lib/gcc/msp430/4.6.3/mmpy-16/libgcc.a
LOAD /usr/local/lib/gcc/msp430/4.6.3/mmpy-16/libcrt0.a
                0x0000000000000080                PROVIDE (__info_segment_size, 0x80)
                0x0000000000001000                PROVIDE (__infob, 0x1000)
                0x0000000000001080                PROVIDE (__infoa, 0x1080)
                0x0000000000000000                __IE1 = 0x0
                0x0000000000000002                __IFG1 = 0x2
                0x0000000000000004                __ME1 = 0x4
                0x0000000000000001                __IE2 = 0x1
                0x0000000000000003                __IFG2 = 0x3
                0x0000000000000005                __ME2 = 0x5
                0x0000000000000120                __WDTCTL = 0x120
                0x0000000000000130                __MPY = 0x130
                0x0000000000000132                __MPYS = 0x132
                0x0000000000000134                __MAC = 0x134
                0x0000000000000136                __MACS = 0x136
                0x0000000000000138                __OP2 = 0x138
                0x000000000000013a                __RESLO = 0x13a
                0x000000000000013c                __RESHI = 0x13c
                0x000000000000013e                __SUMEXT = 0x13e
                0x0000000000000020                __P1IN = 0x20
                0x0000000000000021                __P1OUT = 0x21
                0x0000000000000022                __P1DIR = 0x22
                0x0000000000000023                __P1IFG = 0x23
                0x0000000000000024                __P1IES = 0x24
                0x0000000000000025                __P1IE = 0x25
                0x0000000000000026                __P1SEL = 0x26
                0x0000000000000028                __P2IN = 0x28
                0x0000000000000029                __P2OUT = 0x29
                0x000000000000002a                __P2DIR = 0x2a
                0x000000000000002b                __P2IFG = 0x2b
                0x000000000000002c                __P2IES = 0x2c
                0x000000000000002d                __P2IE = 0x2d
                0x000000000000002e                __P2SEL = 0x2e
                0x0000000000000018                __P3IN = 0x18
                0x0000000000000019                __P3OUT = 0x19
                0x000000000000001a                __P3DIR = 0x1a
                0x000000000000001b                __P3SEL = 0x1b
                0x000000000000001c                __P4IN = 0x1c
                0x000000000000001d                __P4OUT = 0x1d
                0x000000000000001e                __P4DIR = 0x1e
                0x000000000000001f                __P4SEL = 0x1f
                0x0000000000000030                __P5IN = 0x30
                0x0000000000000031                __P5OUT = 0x31
                0x0000000000000032                __P5DIR = 0x32
                0x0000000000000033                __P5SEL = 0x33
                0x0000000000000034                __P6IN = 0x34
                0x0000000000000035                __P6OUT = 0x35
                0x0000000000000036                __P6DIR = 0x36
                0x0000000000000037                __P6SEL = 0x37
                0x0000000000000070                __U0CTL = 0x70
                0x0000000000000071                __U0TCTL = 0x71
                0x0000000000000072                __U0RCTL = 0x72
                0x0000000000000073                __U0MCTL = 0x73
                0x0000000000000074                __U0BR0 = 0x74
                0x0000000000000075                __U0BR1 = 0x75
                0x0000000000000076                __U0RXBUF = 0x76
                0x0000000000000077                __U0TXBUF = 0x77
                0x0000000000000078                __U1CTL = 0x78
                0x0000000000000079                __U1TCTL = 0x79
                0x000000000000007a                __U1RCTL = 0x7a
                0x000000000000007b                __U1MCTL = 0x7b
                0x000000000000007c                __U1BR0 = 0x7c
                0x000000000000007d                __U1BR1 = 0x7d
                0x000000000000007e                __U1RXBUF = 0x7e
                0x000000000000007f                __U1TXBUF = 0x7f
                0x0000000000000050                __I2CIE = 0x50
                0x0000000000000051                __I2CIFG = 0x51
                0x0000000000000052                __I2CNDAT = 0x52
                0x0000000000000071                __I2CTCTL = 0x71
                0x0000000000000072                __I2CDCTL = 0x72
                0x0000000000000073                __I2CPSC = 0x73
                0x0000000000000074                __I2CSCLH = 0x74
                0x0000000000000075                __I2CSCLL = 0x75
                0x0000000000000076                __I2CDRB = 0x76
                0x0000000000000076                __I2CDRW = 0x76
                0x0000000000000118                __I2COA = 0x118
                0x000000000000011a                __I2CSA = 0x11a
                0x000000000000011c                __I2CIV = 0x11c
                0x000000000000012e                __TAIV = 0x12e
                0x0000000000000160                __TACTL = 0x160
                0x0000000000000162                __TACCTL0 = 0x162
                0x0000000000000164                __TACCTL1 = 0x164
                0x0000000000000166                __TACCTL2 = 0x166
                0x0000000000000170                __TAR = 0x170
                0x0000000000000172                __TACCR0 = 0x172
                0x0000000000000174                __TACCR1 = 0x174
                0x0000000000000176                __TACCR2 = 0x176
                0x000000000000011e                __TBIV = 0x11e
                0x0000000000000180                __TBCTL = 0x180
                0x0000000000000182                __TBCCTL0 = 0x182
                0x0000000000000184                __TBCCTL1 = 0x184
                0x0000000000000186                __TBCCTL2 = 0x186
                0x0000000000000188                __TBCCTL3 = 0x188
                0x000000000000018a                __TBCCTL4 = 0x18a
                0x000000000000018c                __TBCCTL5 = 0x18c
                0x000000000000018e                __TBCCTL6 = 0x18e
                0x0000000000000190                __TBR = 0x190
                0x0000000000000192                __TBCCR0 = 0x192
                0x0000000000000194                __TBCCR1 = 0x194
                0x0000000000000196                __TBCCR2 = 0x196
                0x0000000000000198                __TBCCR3 = 0x198
                0x000000000000019a                __TBCCR4 = 0x19a
                0x000000000000019c                __TBCCR5 = 0x19c
                0x000000000000019e                __TBCCR6 = 0x19e
                0x0000000000000056                __DCOCTL = 0x56
                0x0000000000000057                __BCSCTL1 = 0x57
                0x0000000000000058                __BCSCTL2 = 0x58
                0x0000000000000055                __SVSCTL = 0x55
                0x0000000000000128                __FCTL1 = 0x128
                0x000000000000012a                __FCTL2 = 0x12a
                0x000000000000012c                __FCTL3 = 0x12c
                0x0000000000000059                __CACTL1 = 0x59
                0x000000000000005a                __CACTL2 = 0x5a
                0x000000000000005b                __CAPD = 0x5b
                0x00000000000001a0                __ADC12CTL0 = 0x1a0
                0x00000000000001a2                __ADC12CTL1 = 0x1a2
                0x00000000000001a4                __ADC12IFG = 0x1a4
                0x00000000000001a6                __ADC12IE = 0x1a6
                0x00000000000001a8                __ADC12IV = 0x1a8
                0x0000000000000140                __ADC12MEM0 = 0x140
                0x0000000000000142                __ADC12MEM1 = 0x142
                0x0000000000000144                __ADC12MEM2 = 0x144
                0x0000000000000146                __ADC12MEM3 = 0x146
                0x0000000000000148                __ADC12MEM4 = 0x148
                0x000000000000014a                __ADC12MEM5 = 0x14a
                0x000000000000014c                __ADC12MEM6 = 0x14c
                0x000000000000014e                __ADC12MEM7 = 0x14e
                0x0000000000000150                __ADC12MEM8 = 0x150
                0x0000000000000152                __ADC12MEM9 = 0x152
                0x0000000000000154                __ADC12MEM10 = 0x154
                0x0000000000000156                __ADC12MEM11 = 0x156
                0x0000000000000158                __ADC12MEM12 = 0x158
                0x000000000000015a                __ADC12MEM13 = 0x15a
                0x000000000000015c                __ADC12MEM14 = 0x15c
                0x000000000000015e                __ADC12MEM15 = 0x15e
                0x0000000000000080                __ADC12MCTL0 = 0x80
                0x0000000000000081                __ADC12MCTL1 = 0x81
                0x0000000000000082                __ADC12MCTL2 = 0x82
                0x0000000000000083                __ADC12MCTL3 = 0x83
                0x0000000000000084                __ADC12MCTL4 = 0x84
                0x0000000000000085                __ADC12MCTL5 = 0x85
                0x0000000000000086                __ADC12MCTL6 = 0x86
                0x0000000000000087                __ADC12MCTL7 = 0x87
                0x0000000000000088                __ADC12MCTL8 = 0x88
                0x0000000000000089                __ADC12MCTL9 = 0x89
                0x000000000000008a                __ADC12MCTL10 = 0x8a
                0x000000000000008b                __ADC12MCTL11 = 0x8b
                0x000000000000008c                __ADC12MCTL12 = 0x8c
                0x000000000000008d                __ADC12MCTL13 = 0x8d
                0x000000000000008e                __ADC12MCTL14 = 0x8e
                0x000000000000008f                __ADC12MCTL15 = 0x8f
                0x00000000000001c0                __DAC12_0CTL = 0x1c0
                0x00000000000001c2                __DAC12_1CTL = 0x1c2
                0x00000000000001c8                __DAC12_0DAT = 0x1c8
                0x00000000000001ca                __DAC12_1DAT = 0x1ca
                0x0000000000000122                __DMACTL0 = 0x122
                0x0000000000000124                __DMACTL1 = 0x124
                0x00000000000001e0                __DMA0CTL = 0x1e0
                0x00000000000001e8                __DMA1CTL = 0x1e8
                0x00000000000001f0                __DMA2CTL = 0x1f0
                0x00000000000001e2                __DMA0SA = 0x1e2
                0x00000000000001e4                __DMA0DA = 0x1e4
                0x00000000000001e6                __DMA0SZ = 0x1e6
                0x00000000000001ea                __DMA1SA = 0x1ea
                0x00000000000001ec                __DMA1DA = 0x1ec
                0x00000000000001ee                __DMA1SZ = 0x1ee
                0x00000000000001f2                __DMA2SA = 0x1f2
                0x00000000000001f4                __DMA2DA = 0x1f4
                0x00000000000001f6                __DMA2SZ = 0x1f6

.hash
 *(.hash)

.dynsym
 *(.dynsym)

.dynstr
 *(.dynstr)

.gnu.version
 *(.gnu.version)

.gnu.version_d
 *(.gnu.version_d)

.gnu.version_r
 *(.gnu.version_r)

.rel.init
 *(.rel.init)

.rela.init
 *(.rela.init)

.rel.fini
 *(.rel.fini)

.rela.fini
 *(.rela.fini)

.rel.text
 *(.rel.text .rel.text.* .rel.gnu.linkonce.t.*)

.rela.text
 *(.rela.text .rela.text.* .rela.gnu.linkonce.t.*)

.rel.rodata
 *(.rel.rodata .rel.rodata.* .rel.gnu.linkonce.r.*)

.rela.rodata
 *(.rela.rodata .rela.rodata.* .rela.gnu.linkonce.r.*)

.rel.data
 *(.rel.data .rel.data.* .rel.gnu.linkonce.d.*)

.rela.data
 *(.rela.data .rela.data.* .rela.gnu.linkonce.d.*)

.rel.bss
 *(.rel.bss .rel.bss.* .rel.gnu.linkonce.b.*)

.rela.bss
 *(.rela.bss .rela.bss.* .rela.gnu.linkonce.b.*)

.rel.ctors
 *(.rel.ctors)

.rela.ctors
 *(.rela.ctors)

.rel.dtors
 *(.rel.dtors)

.rela.dtors
 *(.rela.dtors)

.rel.got
 *(.rel.got)

.rela.got
 *(.rela.got)

.rel.plt
 *(.rel.plt)

.rela.plt
 *(.rela.plt)

.text           0x0000000000004000     0x8dec
                0x0000000000004000                . = ALIGN (0x2)
 *(.init .init.*)
 *(.init0)
 .init0         0x0000000000004000        0x0 /usr/local/lib/gcc/msp430/4.6.3/mmpy-16/libcrt0.a(_reset_vector__.o)
                0x0000000000004000                _reset_vector__
 *(.init1)
 .init1         0x0000000000004000        0xc /usr/local/lib/gcc/msp430/4.6.3/mmpy-16/libcrt0.a(__watchdog_support.o)
                0x0000000000004000                __watchdog_support
 *(.init2)
 .init2         0x000000000000400c        0x4 /usr/local/lib/gcc/msp430/4.6.3/mmpy-16/libcrt0.a(__init_stack.o)
                0x000000000000400c                __init_stack
 *(.init3)
 .init3         0x0000000000004010        0x0 /usr/local/lib/gcc/msp430/4.6.3/mmpy-16/libcrt0.a(__low_level_init.o)
                0x0000000000004010                __low_level_init
 *(.init4)
 .init4         0x0000000000004010       0x18 /usr/local/lib/gcc/msp430/4.6.3/mmpy-16/libcrt0.a(_copy_data.o)
                0x0000000000004010                __do_copy_data
 .init4         0x0000000000004028       0x16 /usr/local/lib/gcc/msp430/4.6.3/mmpy-16/libcrt0.a(_clear_bss.o)
                0x0000000000004028                __do_clear_bss
 *(.init5)
 *(.init6)
 *(.init7)
 *(.init8)
 *(.init9)
 .init9         0x000000000000403e      0x302 obj_sky/contiki-sky-main.o
                0x000000000000403e                main
 *(.fini9)
 .fini9         0x0000000000004340        0x0 /usr/local/lib/gcc/msp430/4.6.3/mmpy-16/libcrt0.a(__stop_progExec__.o)
                0x0000000000004340                __stop_progExec__
 *(.fini8)
 *(.fini7)
 *(.fini6)
 *(.fini5)
 *(.fini4)
 *(.fini3)
 *(.fini2)
 *(.fini1)
 *(.fini0)
 .fini0         0x0000000000004340        0x6 /usr/local/lib/gcc/msp430/4.6.3/mmpy-16/libcrt0.a(_endless_loop__.o)
                0x0000000000004340                _endless_loop__
 *(.fini .fini.*)
                0x0000000000004346                . = ALIGN (0x2)
                0x0000000000004346                __ctors_start = .
 *(.ctors)
                0x0000000000004346                __ctors_end = .
                0x0000000000004346                __dtors_start = .
 *(.dtors)
                0x0000000000004346                __dtors_end = .
                0x0000000000004346                . = ALIGN (0x2)
 *(.text .text.* .gnu.linkonce.t.*)
 .text          0x0000000000004346        0x4 /usr/local/lib/gcc/msp430/4.6.3/mmpy-16/crt0ivtbl16.o
                0x0000000000004346                __isr_14
                0x0000000000004346                __isr_11
                0x0000000000004346                __isr_2
                0x0000000000004346                __isr_7
                0x0000000000004346                __isr_0
                0x0000000000004346                __isr_8
                0x0000000000004346                __isr_3
                0x0000000000004346                __isr_12
                0x0000000000004346                __isr_13
                0x0000000000004346                __isr_9
 .text.process_thread_example_broadcast_process
                0x000000000000434a       0x7c bcsd.co
 .text.broadcast_recv
                0x00000000000043c6       0x22 bcsd.co
 .text.rimeaddr_copy
                0x00000000000043e8        0xc contiki-sky.a(rimeaddr.o)
                0x00000000000043e8                rimeaddr_copy
 .text.rimeaddr_cmp
                0x00000000000043f4       0x1a contiki-sky.a(rimeaddr.o)
                0x00000000000043f4                rimeaddr_cmp
 .text.rimeaddr_set_node_addr
                0x000000000000440e        0xc contiki-sky.a(rimeaddr.o)
                0x000000000000440e                rimeaddr_set_node_addr
 .text.input    0x000000000000441a       0x42 contiki-sky.a(rime.o)
 .text.init     0x000000000000445c       0x2e contiki-sky.a(rime.o)
 .text.packet_sent
                0x000000000000448a       0x44 contiki-sky.a(rime.o)
 .text.rime_output
                0x00000000000044ce       0x2c contiki-sky.a(rime.o)
                0x00000000000044ce                rime_output
 .text.announcement_init
                0x00000000000044fa        0xa contiki-sky.a(announcement.o)
                0x00000000000044fa                announcement_init
 .text.announcement_register
                0x0000000000004504       0x3e contiki-sky.a(announcement.o)
                0x0000000000004504                announcement_register
 .text.announcement_set_value
                0x0000000000004542       0x28 contiki-sky.a(announcement.o)
                0x0000000000004542                announcement_set_value
 .text.announcement_bump
                0x000000000000456a       0x22 contiki-sky.a(announcement.o)
                0x000000000000456a                announcement_bump
 .text.announcement_register_observer_callback
                0x000000000000458c        0x6 contiki-sky.a(announcement.o)
                0x000000000000458c                announcement_register_observer_callback
 .text.announcement_list
                0x0000000000004592        0xa contiki-sky.a(announcement.o)
                0x0000000000004592                announcement_list
 .text.announcement_heard
                0x000000000000459c       0x42 contiki-sky.a(announcement.o)
                0x000000000000459c                announcement_heard
 .text.adv_packet_sent
                0x00000000000045de        0x2 contiki-sky.a(broadcast-annou)
 .text.adv_packet_received
                0x00000000000045e0       0x66 contiki-sky.a(broadcast-annou)
 .text.set_timers
                0x0000000000004646       0x4a contiki-sky.a(broadcast-annou)
 .text.send_timer
                0x0000000000004690       0x36 contiki-sky.a(broadcast-annou)
 .text.new_announcement
                0x00000000000046c6       0x18 contiki-sky.a(broadcast-annou)
 .text.send_adv
                0x00000000000046de       0x66 contiki-sky.a(broadcast-annou)
 .text.broadcast_announcement_init
                0x0000000000004744       0x48 contiki-sky.a(broadcast-annou)
                0x0000000000004744                broadcast_announcement_init
 .text.sent_by_abc
                0x000000000000478c       0x10 contiki-sky.a(broadcast.o)
 .text.recv_from_abc
                0x000000000000479c       0x20 contiki-sky.a(broadcast.o)
 .text.broadcast_open
                0x00000000000047bc       0x2a contiki-sky.a(broadcast.o)
                0x00000000000047bc                broadcast_open
 .text.broadcast_close
                0x00000000000047e6        0x6 contiki-sky.a(broadcast.o)
                0x00000000000047e6                broadcast_close
 .text.broadcast_send
                0x00000000000047ec       0x1a contiki-sky.a(broadcast.o)
                0x00000000000047ec                broadcast_send
 .text.abc_open
                0x0000000000004806       0x26 contiki-sky.a(abc.o)
                0x0000000000004806                abc_open
 .text.abc_close
                0x000000000000482c        0x6 contiki-sky.a(abc.o)
                0x000000000000482c                abc_close
 .text.abc_send
                0x0000000000004832        0x6 contiki-sky.a(abc.o)
                0x0000000000004832                abc_send
 .text.abc_input
                0x0000000000004838        0x8 contiki-sky.a(abc.o)
                0x0000000000004838                abc_input
 .text.abc_sent
                0x0000000000004840       0x10 contiki-sky.a(abc.o)
                0x0000000000004840                abc_sent
 .text.chameleon_init
                0x0000000000004850        0x6 contiki-sky.a(chameleon.o)
                0x0000000000004850                chameleon_init
 .text.chameleon_parse
                0x0000000000004856       0x10 contiki-sky.a(chameleon.o)
                0x0000000000004856                chameleon_parse
 .text.chameleon_create
                0x0000000000004866       0x1c contiki-sky.a(chameleon.o)
                0x0000000000004866                chameleon_create
 .text.chameleon_hdrsize
                0x0000000000004882        0x6 contiki-sky.a(chameleon.o)
                0x0000000000004882                chameleon_hdrsize
 .text.channel_init
                0x0000000000004888        0xa contiki-sky.a(channel.o)
                0x0000000000004888                channel_init
 .text.channel_open
                0x0000000000004892       0x10 contiki-sky.a(channel.o)
                0x0000000000004892                channel_open
 .text.channel_close
                0x00000000000048a2        0xc contiki-sky.a(channel.o)
                0x00000000000048a2                channel_close
 .text.channel_lookup
                0x00000000000048ae       0x20 contiki-sky.a(channel.o)
                0x00000000000048ae                channel_lookup
 .text.channel_set_attributes
                0x00000000000048ce       0x24 contiki-sky.a(channel.o)
                0x00000000000048ce                channel_set_attributes
 .text.header_size
                0x00000000000048f2       0x16 contiki-sky.a(chameleon-bitop)
 .text.get_bits_in_byte
                0x0000000000004908       0x3a contiki-sky.a(chameleon-bitop)
                0x0000000000004908                get_bits_in_byte
 .text.get_bits
                0x0000000000004942       0xa4 contiki-sky.a(chameleon-bitop)
                0x0000000000004942                get_bits
 .text.unpack_header
                0x00000000000049e6       0xd6 contiki-sky.a(chameleon-bitop)
 .text.set_bits_in_byte
                0x0000000000004abc       0x2c contiki-sky.a(chameleon-bitop)
                0x0000000000004abc                set_bits_in_byte
 .text.set_bits
                0x0000000000004ae8       0xd2 contiki-sky.a(chameleon-bitop)
                0x0000000000004ae8                set_bits
 .text.pack_header
                0x0000000000004bba       0xbc contiki-sky.a(chameleon-bitop)
 .text.input_packet
                0x0000000000004c76        0x6 contiki-sky.a(csma.o)
 .text.on       0x0000000000004c7c        0x6 contiki-sky.a(csma.o)
 .text.off      0x0000000000004c82        0x6 contiki-sky.a(csma.o)
 .text.channel_check_interval
                0x0000000000004c88       0x10 contiki-sky.a(csma.o)
 .text.transmit_packet_list
                0x0000000000004c98       0x24 contiki-sky.a(csma.o)
 .text.free_first_packet
                0x0000000000004cbc       0xa0 contiki-sky.a(csma.o)
 .text.packet_sent
                0x0000000000004d5c      0x104 contiki-sky.a(csma.o)
 .text.init     0x0000000000004e60       0x1a contiki-sky.a(csma.o)
 .text.send_packet
                0x0000000000004e7a      0x170 contiki-sky.a(csma.o)
 .text.duty_cycle
                0x0000000000004fea        0x6 contiki-sky.a(contikimac.o)
 .text.init     0x0000000000004ff0       0x32 contiki-sky.a(contikimac.o)
 .text.on       0x0000000000005022       0x1a contiki-sky.a(contikimac.o)
 .text.off      0x000000000000503c       0x22 contiki-sky.a(contikimac.o)
 .text.recv_burst_off
                0x000000000000505e        0xa contiki-sky.a(contikimac.o)
 .text.turn_off
                0x0000000000005068       0x20 contiki-sky.a(contikimac.o)
 .text.turn_on  0x0000000000005088       0x30 contiki-sky.a(contikimac.o)
 .text.schedule_powercycle_fixed
                0x00000000000050b8       0x4c contiki-sky.a(contikimac.o)
 .text.powercycle_turn_radio_off
                0x0000000000005104       0x30 contiki-sky.a(contikimac.o)
 .text.powercycle
                0x0000000000005134      0x1d6 contiki-sky.a(contikimac.o)
 .text.input_packet
                0x000000000000530a      0x128 contiki-sky.a(contikimac.o)
 .text.send_packet
                0x0000000000005432      0x2c8 contiki-sky.a(contikimac.o)
 .text.qsend_list
                0x00000000000056fa       0x86 contiki-sky.a(contikimac.o)
 .text.qsend_packet
                0x0000000000005780       0x26 contiki-sky.a(contikimac.o)
 .text.send_packet
                0x00000000000057a6       0x44 contiki-sky.a(phase.o)
 .text.find_neighbor
                0x00000000000057ea       0x32 contiki-sky.a(phase.o)
                0x00000000000057ea                find_neighbor
 .text.phase_update
                0x000000000000581c       0xb8 contiki-sky.a(phase.o)
                0x000000000000581c                phase_update
 .text.phase_wait
                0x00000000000058d4       0xf8 contiki-sky.a(phase.o)
                0x00000000000058d4                phase_wait
 .text.phase_init
                0x00000000000059cc       0x20 contiki-sky.a(phase.o)
                0x00000000000059cc                phase_init
 .text.call_process
                0x00000000000059ec       0x4a contiki-sky.a(process.o)
 .text.exit_process
                0x0000000000005a36       0x96 contiki-sky.a(process.o)
 .text.do_poll  0x0000000000005acc       0x30 contiki-sky.a(process.o)
 .text.process_alloc_event
                0x0000000000005afc        0xe contiki-sky.a(process.o)
                0x0000000000005afc                process_alloc_event
 .text.process_exit
                0x0000000000005b0a        0xa contiki-sky.a(process.o)
                0x0000000000005b0a                process_exit
 .text.process_init
                0x0000000000005b14       0x1c contiki-sky.a(process.o)
                0x0000000000005b14                process_init
 .text.process_run
                0x0000000000005b30       0xa2 contiki-sky.a(process.o)
                0x0000000000005b30                process_run
 .text.process_nevents
                0x0000000000005bd2        0xe contiki-sky.a(process.o)
                0x0000000000005bd2                process_nevents
 .text.process_post
                0x0000000000005be0       0x54 contiki-sky.a(process.o)
                0x0000000000005be0                process_post
 .text.process_post_synch
                0x0000000000005c34       0x12 contiki-sky.a(process.o)
                0x0000000000005c34                process_post_synch
 .text.process_start
                0x0000000000005c46       0x32 contiki-sky.a(process.o)
                0x0000000000005c46                process_start
 .text.process_poll
                0x0000000000005c78       0x18 contiki-sky.a(process.o)
                0x0000000000005c78                process_poll
 .text.process_is_running
                0x0000000000005c90        0xe contiki-sky.a(process.o)
                0x0000000000005c90                process_is_running
 .text.autostart_start
                0x0000000000005c9e       0x16 contiki-sky.a(autostart.o)
                0x0000000000005c9e                autostart_start
 .text.compower_accumulate
                0x0000000000005cb4       0x72 contiki-sky.a(compower.o)
                0x0000000000005cb4                compower_accumulate
 .text.compower_clear
                0x0000000000005d26       0x12 contiki-sky.a(compower.o)
                0x0000000000005d26                compower_clear
 .text.compower_attrconv
                0x0000000000005d38       0x10 contiki-sky.a(compower.o)
                0x0000000000005d38                compower_attrconv
 .text.process_thread_serial_line_process
                0x0000000000005d48       0x9c contiki-sky.a(serial-line.o)
 .text.serial_line_input_byte
                0x0000000000005de4       0x4a contiki-sky.a(serial-line.o)
                0x0000000000005de4                serial_line_input_byte
 .text.serial_line_init
                0x0000000000005e2e       0x1c contiki-sky.a(serial-line.o)
                0x0000000000005e2e                serial_line_init
 .text.memb_init
                0x0000000000005e4a       0x36 contiki-sky.a(memb.o)
                0x0000000000005e4a                memb_init
 .text.memb_alloc
                0x0000000000005e80       0x3e contiki-sky.a(memb.o)
                0x0000000000005e80                memb_alloc
 .text.memb_free
                0x0000000000005ebe       0x3a contiki-sky.a(memb.o)
                0x0000000000005ebe                memb_free
 .text.memb_inmemb
                0x0000000000005ef8       0x2e contiki-sky.a(memb.o)
                0x0000000000005ef8                memb_inmemb
 .text.timer_set
                0x0000000000005f26       0x1c contiki-sky.a(timer.o)
                0x0000000000005f26                timer_set
 .text.timer_reset
                0x0000000000005f42        0xe contiki-sky.a(timer.o)
                0x0000000000005f42                timer_reset
 .text.timer_expired
                0x0000000000005f50       0x2a contiki-sky.a(timer.o)
                0x0000000000005f50                timer_expired
 .text.list_init
                0x0000000000005f7a        0x6 contiki-sky.a(list.o)
                0x0000000000005f7a                list_init
 .text.list_head
                0x0000000000005f80        0x4 contiki-sky.a(list.o)
                0x0000000000005f80                list_head
 .text.list_tail
                0x0000000000005f84       0x12 contiki-sky.a(list.o)
                0x0000000000005f84                list_tail
 .text.list_chop
                0x0000000000005f96       0x24 contiki-sky.a(list.o)
                0x0000000000005f96                list_chop
 .text.list_pop
                0x0000000000005fba        0xe contiki-sky.a(list.o)
                0x0000000000005fba                list_pop
 .text.list_remove
                0x0000000000005fc8       0x34 contiki-sky.a(list.o)
                0x0000000000005fc8                list_remove
 .text.list_push
                0x0000000000005ffc       0x1a contiki-sky.a(list.o)
                0x0000000000005ffc                list_push
 .text.list_add
                0x0000000000006016       0x2a contiki-sky.a(list.o)
                0x0000000000006016                list_add
 .text.list_length
                0x0000000000006040       0x10 contiki-sky.a(list.o)
                0x0000000000006040                list_length
 .text.list_insert
                0x0000000000006050       0x16 contiki-sky.a(list.o)
                0x0000000000006050                list_insert
 .text.list_item_next
                0x0000000000006066        0xc contiki-sky.a(list.o)
                0x0000000000006066                list_item_next
 .text.update_time
                0x0000000000006072       0x78 contiki-sky.a(etimer.o)
 .text.etimer_request_poll
                0x00000000000060ea        0xa contiki-sky.a(etimer.o)
                0x00000000000060ea                etimer_request_poll
 .text.process_thread_etimer_process
                0x00000000000060f4       0xc8 contiki-sky.a(etimer.o)
 .text.add_timer
                0x00000000000061bc       0x38 contiki-sky.a(etimer.o)
 .text.etimer_set
                0x00000000000061f4       0x12 contiki-sky.a(etimer.o)
                0x00000000000061f4                etimer_set
 .text.etimer_reset
                0x0000000000006206       0x12 contiki-sky.a(etimer.o)
                0x0000000000006206                etimer_reset
 .text.etimer_expired
                0x0000000000006218        0xe contiki-sky.a(etimer.o)
                0x0000000000006218                etimer_expired
 .text.etimer_pending
                0x0000000000006226        0xc contiki-sky.a(etimer.o)
                0x0000000000006226                etimer_pending
 .text.etimer_next_expiration_time
                0x0000000000006232       0x16 contiki-sky.a(etimer.o)
                0x0000000000006232                etimer_next_expiration_time
 .text.etimer_stop
                0x0000000000006248       0x3c contiki-sky.a(etimer.o)
                0x0000000000006248                etimer_stop
 .text.process_thread_ctimer_process
                0x0000000000006284       0xa4 contiki-sky.a(ctimer.o)
 .text.ctimer_init
                0x0000000000006328       0x18 contiki-sky.a(ctimer.o)
                0x0000000000006328                ctimer_init
 .text.ctimer_set
                0x0000000000006340       0x5a contiki-sky.a(ctimer.o)
                0x0000000000006340                ctimer_set
 .text.ctimer_reset
                0x000000000000639a       0x3a contiki-sky.a(ctimer.o)
                0x000000000000639a                ctimer_reset
 .text.ctimer_stop
                0x00000000000063d4       0x28 contiki-sky.a(ctimer.o)
                0x00000000000063d4                ctimer_stop
 .text.energest_init
                0x00000000000063fc       0x28 contiki-sky.a(energest.o)
                0x00000000000063fc                energest_init
 .text.energest_type_time
                0x0000000000006424       0x46 contiki-sky.a(energest.o)
                0x0000000000006424                energest_type_time
 .text.energest_type_set
                0x000000000000646a        0xe contiki-sky.a(energest.o)
                0x000000000000646a                energest_type_set
 .text.energest_flush
                0x0000000000006478       0x48 contiki-sky.a(energest.o)
                0x0000000000006478                energest_flush
 .text.rtimer_init
                0x00000000000064c0        0x6 contiki-sky.a(rtimer.o)
                0x00000000000064c0                rtimer_init
 .text.rtimer_set
                0x00000000000064c6       0x24 contiki-sky.a(rtimer.o)
                0x00000000000064c6                rtimer_set
 .text.rtimer_run_next
                0x00000000000064ea       0x26 contiki-sky.a(rtimer.o)
                0x00000000000064ea                rtimer_run_next
 .text.random_init
                0x0000000000006510        0x6 contiki-sky.a(random.o)
                0x0000000000006510                random_init
 .text.random_rand
                0x0000000000006516        0x6 contiki-sky.a(random.o)
                0x0000000000006516                random_rand
 .text.ringbuf_init
                0x000000000000651c       0x14 contiki-sky.a(ringbuf.o)
                0x000000000000651c                ringbuf_init
 .text.ringbuf_put
                0x0000000000006530       0x38 contiki-sky.a(ringbuf.o)
                0x0000000000006530                ringbuf_put
 .text.ringbuf_get
                0x0000000000006568       0x32 contiki-sky.a(ringbuf.o)
                0x0000000000006568                ringbuf_get
 .text.packetbuf_copyto_hdr
                0x000000000000659a       0x1c contiki-sky.a(packetbuf.o)
                0x000000000000659a                packetbuf_copyto_hdr
 .text.packetbuf_copyto
                0x00000000000065b6       0x52 contiki-sky.a(packetbuf.o)
                0x00000000000065b6                packetbuf_copyto
 .text.packetbuf_hdr_remove
                0x0000000000006608        0x6 contiki-sky.a(packetbuf.o)
                0x0000000000006608                packetbuf_hdr_remove
 .text.packetbuf_hdrreduce
                0x000000000000660e       0x1a contiki-sky.a(packetbuf.o)
                0x000000000000660e                packetbuf_hdrreduce
 .text.packetbuf_set_datalen
                0x0000000000006628        0x6 contiki-sky.a(packetbuf.o)
                0x0000000000006628                packetbuf_set_datalen
 .text.packetbuf_dataptr
                0x000000000000662e        0xe contiki-sky.a(packetbuf.o)
                0x000000000000662e                packetbuf_dataptr
 .text.packetbuf_hdrptr
                0x000000000000663c        0xa contiki-sky.a(packetbuf.o)
                0x000000000000663c                packetbuf_hdrptr
 .text.packetbuf_is_reference
                0x0000000000006646        0xe contiki-sky.a(packetbuf.o)
                0x0000000000006646                packetbuf_is_reference
 .text.packetbuf_compact
                0x0000000000006654       0x48 contiki-sky.a(packetbuf.o)
                0x0000000000006654                packetbuf_compact
 .text.packetbuf_reference_ptr
                0x000000000000669c        0x6 contiki-sky.a(packetbuf.o)
                0x000000000000669c                packetbuf_reference_ptr
 .text.packetbuf_datalen
                0x00000000000066a2        0x6 contiki-sky.a(packetbuf.o)
                0x00000000000066a2                packetbuf_datalen
 .text.packetbuf_totlen
                0x00000000000066a8       0x10 contiki-sky.a(packetbuf.o)
                0x00000000000066a8                packetbuf_totlen
 .text.packetbuf_hdralloc
                0x00000000000066b8       0x2e contiki-sky.a(packetbuf.o)
                0x00000000000066b8                packetbuf_hdralloc
 .text.packetbuf_attr_clear
                0x00000000000066e6       0x2c contiki-sky.a(packetbuf.o)
                0x00000000000066e6                packetbuf_attr_clear
 .text.packetbuf_clear
                0x0000000000006712       0x1a contiki-sky.a(packetbuf.o)
                0x0000000000006712                packetbuf_clear
 .text.packetbuf_copyfrom
                0x000000000000672c       0x2e contiki-sky.a(packetbuf.o)
                0x000000000000672c                packetbuf_copyfrom
 .text.packetbuf_attr_copyto
                0x000000000000675a       0x20 contiki-sky.a(packetbuf.o)
                0x000000000000675a                packetbuf_attr_copyto
 .text.packetbuf_attr_copyfrom
                0x000000000000677a       0x22 contiki-sky.a(packetbuf.o)
                0x000000000000677a                packetbuf_attr_copyfrom
 .text.queuebuf_init
                0x000000000000679c       0x1a contiki-sky.a(queuebuf.o)
                0x000000000000679c                queuebuf_init
 .text.queuebuf_new_from_packetbuf
                0x00000000000067b6       0x7e contiki-sky.a(queuebuf.o)
                0x00000000000067b6                queuebuf_new_from_packetbuf
 .text.queuebuf_update_attr_from_packetbuf
                0x0000000000006834       0x12 contiki-sky.a(queuebuf.o)
                0x0000000000006834                queuebuf_update_attr_from_packetbuf
 .text.queuebuf_free
                0x0000000000006846       0x40 contiki-sky.a(queuebuf.o)
                0x0000000000006846                queuebuf_free
 .text.queuebuf_to_packetbuf
                0x0000000000006886       0x6e contiki-sky.a(queuebuf.o)
                0x0000000000006886                queuebuf_to_packetbuf
 .text.queuebuf_dataptr
                0x00000000000068f4       0x32 contiki-sky.a(queuebuf.o)
                0x00000000000068f4                queuebuf_dataptr
 .text.process_thread_serial_shell_process
                0x0000000000006926       0x4e contiki-sky.a(serial-shell.o)
 .text.shell_default_output
                0x0000000000006974       0x22 contiki-sky.a(serial-shell.o)
                0x0000000000006974                shell_default_output
 .text.shell_prompt
                0x0000000000006996       0x1a contiki-sky.a(serial-shell.o)
                0x0000000000006996                shell_prompt
 .text.shell_exit
                0x00000000000069b0        0x2 contiki-sky.a(serial-shell.o)
                0x00000000000069b0                shell_exit
 .text.serial_shell_init
                0x00000000000069b2        0xc contiki-sky.a(serial-shell.o)
                0x00000000000069b2                serial_shell_init
 .text.process_thread_sensor_print_data
                0x00000000000069be       0x52 contiki-sky.a(global-sensor.o)
 .text.process_thread_sensor_set_dispatcher
                0x0000000000006a10       0xc0 contiki-sky.a(global-sensor.o)
 .text.broadcast_recv
                0x0000000000006ad0       0x10 contiki-sky.a(global-sensor.o)
 .text.shell_global_sensor_init
                0x0000000000006ae0       0x32 contiki-sky.a(global-sensor.o)
                0x0000000000006ae0                shell_global_sensor_init
 .text.shell_datatochar
                0x0000000000006b12       0x22 contiki-sky.a(global-sensor.o)
                0x0000000000006b12                shell_datatochar
 .text.parse_shell_command
                0x0000000000006b34       0xc6 contiki-sky.a(global-sensor.o)
                0x0000000000006b34                parse_shell_command
 .text.process_thread_broadcast_sensor_read_proc
                0x0000000000006bfa       0x7c contiki-sky.a(global-sensor.o)
 .text.sensor_read
                0x0000000000006c76       0x3e contiki-sky.a(global-sensor.o)
                0x0000000000006c76                sensor_read
 .text.process_thread_sensor_read_proc
                0x0000000000006cb4       0xbe contiki-sky.a(global-sensor.o)
 .text.process_thread_shell_sensor_read_process
                0x0000000000006d72       0x32 contiki-sky.a(global-sensor.o)
 .text.valid_sensor
                0x0000000000006da4       0x36 contiki-sky.a(global-sensor.o)
                0x0000000000006da4                valid_sensor
 .text.process_thread_broadcast_sensor_set_process
                0x0000000000006dda       0x8a contiki-sky.a(global-sensor.o)
 .text.sensor_uinit
                0x0000000000006e64       0x48 contiki-sky.a(global-sensor.o)
                0x0000000000006e64                sensor_uinit
 .text.process_thread_sensor_unset
                0x0000000000006eac       0x3c contiki-sky.a(global-sensor.o)
 .text.sensor_init
                0x0000000000006ee8       0x72 contiki-sky.a(global-sensor.o)
                0x0000000000006ee8                sensor_init
 .text.process_thread_sensor_set
                0x0000000000006f5a       0x64 contiki-sky.a(global-sensor.o)
 .text.process_thread_shell_sensor_select_process
                0x0000000000006fbe       0x6e contiki-sky.a(global-sensor.o)
 .text.process_thread_shell_null_process
                0x000000000000702c       0x40 contiki-sky.a(shell.o)
 .text.process_thread_shell_exit_process
                0x000000000000706c       0x1a contiki-sky.a(shell.o)
 .text.shell_input
                0x0000000000007086       0x5a contiki-sky.a(shell.o)
                0x0000000000007086                shell_input
 .text.shell_output_str
                0x00000000000070e0       0x9a contiki-sky.a(shell.o)
                0x00000000000070e0                shell_output_str
 .text.command_kill
                0x000000000000717a       0x24 contiki-sky.a(shell.o)
 .text.killall  0x000000000000719e       0x30 contiki-sky.a(shell.o)
 .text.process_thread_shell_killall_process
                0x00000000000071ce       0x1a contiki-sky.a(shell.o)
 .text.process_thread_shell_kill_process
                0x00000000000071e8       0x88 contiki-sky.a(shell.o)
 .text.process_thread_help_command_process
                0x0000000000007270       0x4c contiki-sky.a(shell.o)
 .text.start_command
                0x00000000000072bc      0x190 contiki-sky.a(shell.o)
 .text.shell_start_command
                0x000000000000744c       0x4c contiki-sky.a(shell.o)
                0x000000000000744c                shell_start_command
 .text.process_thread_shell_process
                0x0000000000007498       0xb4 contiki-sky.a(shell.o)
 .text.shell_output
                0x000000000000754c       0x68 contiki-sky.a(shell.o)
                0x000000000000754c                shell_output
 .text.shell_register_command
                0x00000000000075b4       0x62 contiki-sky.a(shell.o)
                0x00000000000075b4                shell_register_command
 .text.shell_init
                0x0000000000007616       0x68 contiki-sky.a(shell.o)
                0x0000000000007616                shell_init
 .text.shell_strtolong
                0x000000000000767e       0x9c contiki-sky.a(shell.o)
                0x000000000000767e                shell_strtolong
 .text.shell_time
                0x000000000000771a        0xe contiki-sky.a(shell.o)
                0x000000000000771a                shell_time
 .text.shell_set_time
                0x0000000000007728       0x22 contiki-sky.a(shell.o)
                0x0000000000007728                shell_set_time
 .text.process_thread_shell_server_process
                0x000000000000774a       0xc0 contiki-sky.a(shell.o)
 .text.process_thread_shell_packetize_process
                0x000000000000780a       0xe4 contiki-sky.a(shell-rime.o)
 .text.process_thread_shell_routes_process
                0x00000000000078ee       0x90 contiki-sky.a(shell-rime.o)
 .text.process_thread_shell_collect_process
                0x000000000000797e       0x48 contiki-sky.a(shell-rime.o)
 .text.process_thread_shell_mac_process
                0x00000000000079c6       0x6e contiki-sky.a(shell-rime.o)
 .text.process_thread_shell_send_process
                0x0000000000007a34       0xcc contiki-sky.a(shell-rime.o)
 .text.recv_collect
                0x0000000000007b00       0xb4 contiki-sky.a(shell-rime.o)
 .text.shell_rime_init
                0x0000000000007bb4       0x4a contiki-sky.a(shell-rime.o)
                0x0000000000007bb4                shell_rime_init
 .text.process_thread_shell_hd_process
                0x0000000000007bfe      0x16e contiki-sky.a(shell-text.o)
 .text.process_thread_shell_binprint_process
                0x0000000000007d6c      0x194 contiki-sky.a(shell-text.o)
 .text.process_thread_shell_echo_process
                0x0000000000007f00       0x3c contiki-sky.a(shell-text.o)
 .text.process_thread_shell_size_process
                0x0000000000007f3c       0xaa contiki-sky.a(shell-text.o)
 .text.shell_text_init
                0x0000000000007fe6       0x22 contiki-sky.a(shell-text.o)
                0x0000000000007fe6                shell_text_init
 .text.repeat_print_usage
                0x0000000000008008       0x12 contiki-sky.a(shell-time.o)
 .text.process_thread_shell_randwait_process
                0x000000000000801a      0x122 contiki-sky.a(shell-time.o)
 .text.process_thread_shell_repeat_server_process
                0x000000000000813c       0x9c contiki-sky.a(shell-time.o)
 .text.process_thread_shell_repeat_process
                0x00000000000081d8      0x14a contiki-sky.a(shell-time.o)
 .text.process_thread_shell_timestamp_process
                0x0000000000008322       0xb4 contiki-sky.a(shell-time.o)
 .text.process_thread_shell_time_process
                0x00000000000083d6       0x7e contiki-sky.a(shell-time.o)
 .text.shell_time_init
                0x0000000000008454       0x22 contiki-sky.a(shell-time.o)
                0x0000000000008454                shell_time_init
 .text.process_thread_shell_rfchannel_process
                0x0000000000008476       0x5e contiki-sky.a(shell-sky.o)
 .text.process_thread_shell_txpower_process
                0x00000000000084d4       0x5e contiki-sky.a(shell-sky.o)
 .text.process_thread_shell_senseconv_process
                0x0000000000008532      0x21e contiki-sky.a(shell-sky.o)
 .text.do_rssi  0x0000000000008750       0xaa contiki-sky.a(shell-sky.o)
 .text.process_thread_shell_sense_process
                0x00000000000087fa       0xd6 contiki-sky.a(shell-sky.o)
 .text.process_thread_shell_nodeid_process
                0x00000000000088d0       0x8a contiki-sky.a(shell-sky.o)
 .text.shell_sky_init
                0x000000000000895a       0x2a contiki-sky.a(shell-sky.o)
                0x000000000000895a                shell_sky_init
 .text.init_platform
                0x0000000000008984        0xc contiki-sky.a(contiki-sky-pla)
                0x0000000000008984                init_platform
 .text.status   0x0000000000008990       0x18 contiki-sky.a(sht11-sensor.o)
 .text.configure
                0x00000000000089a8       0x40 contiki-sky.a(sht11-sensor.o)
 .text.value    0x00000000000089e8       0x2e contiki-sky.a(sht11-sensor.o)
 .text.value    0x0000000000008a16       0x1a contiki-sky.a(light-sensor.o)
 .text.status   0x0000000000008a30        0xc contiki-sky.a(light-sensor.o)
 .text.configure
                0x0000000000008a3c       0x10 contiki-sky.a(light-sensor.o)
 .text.value    0x0000000000008a4c        0x6 contiki-sky.a(battery-sensor.)
 .text.status   0x0000000000008a52        0xc contiki-sky.a(battery-sensor.)
 .text.configure
                0x0000000000008a5e       0x12 contiki-sky.a(battery-sensor.)
 .text.status   0x0000000000008a70       0x16 contiki-sky.a(button-sensor.o)
 .text.configure
                0x0000000000008a86       0x52 contiki-sky.a(button-sensor.o)
 .text.value    0x0000000000008ad8       0x22 contiki-sky.a(button-sensor.o)
 .text.irq_p2   0x0000000000008afa       0x8a contiki-sky.a(button-sensor.o)
                0x0000000000008afa                irq_p2
                0x0000000000008afa                __isr_1
 .text.owreadb  0x0000000000008b84       0x52 contiki-sky.a(ds2411.o)
 .text.ds2411_init
                0x0000000000008bd6      0x122 contiki-sky.a(ds2411.o)
                0x0000000000008bd6                ds2411_init
 .text.write_enable
                0x0000000000008cf8       0x2a contiki-sky.a(xmem.o)
 .text.wait_ready
                0x0000000000008d22       0x50 contiki-sky.a(xmem.o)
 .text.xmem_init
                0x0000000000008d72       0x3e contiki-sky.a(xmem.o)
                0x0000000000008d72                xmem_init
 .text.xmem_pread
                0x0000000000008db0       0xea contiki-sky.a(xmem.o)
                0x0000000000008db0                xmem_pread
 .text.xmem_pwrite
                0x0000000000008e9a      0x150 contiki-sky.a(xmem.o)
                0x0000000000008e9a                xmem_pwrite
 .text.xmem_erase
                0x0000000000008fea       0xae contiki-sky.a(xmem.o)
                0x0000000000008fea                xmem_erase
 .text.node_id_restore
                0x0000000000009098       0x38 contiki-sky.a(node-id.o)
                0x0000000000009098                node_id_restore
 .text.node_id_burn
                0x00000000000090d0       0x36 contiki-sky.a(node-id.o)
                0x00000000000090d0                node_id_burn
 .text.process_thread_sensors_process
                0x0000000000009106       0xbe contiki-sky.a(sensors.o)
 .text.sensors_changed
                0x00000000000091c4       0x2a contiki-sky.a(sensors.o)
                0x00000000000091c4                sensors_changed
 .text.strobe   0x00000000000091ee       0x20 contiki-sky.a(cc2420.o)
 .text.status   0x000000000000920e       0x26 contiki-sky.a(cc2420.o)
 .text.getreg   0x0000000000009234       0x54 contiki-sky.a(cc2420.o)
 .text.setreg   0x0000000000009288       0x52 contiki-sky.a(cc2420.o)
 .text.set_txpower
                0x00000000000092da       0x26 contiki-sky.a(cc2420.o)
 .text.cc2420_receiving_packet
                0x0000000000009300        0xe contiki-sky.a(cc2420.o)
 .text.pending_packet
                0x000000000000930e        0x8 contiki-sky.a(cc2420.o)
 .text.on       0x0000000000009316       0x40 contiki-sky.a(cc2420.o)
 .text.flushrx  0x0000000000009356       0x7a contiki-sky.a(cc2420.o)
 .text.off      0x00000000000093d0       0x72 contiki-sky.a(cc2420.o)
 .text.RELEASE_LOCK
                0x0000000000009442       0x28 contiki-sky.a(cc2420.o)
 .text.cc2420_prepare
                0x000000000000946a       0x92 contiki-sky.a(cc2420.o)
 .text.getrxdata
                0x00000000000094fc       0x56 contiki-sky.a(cc2420.o)
 .text.cc2420_on
                0x0000000000009552       0x22 contiki-sky.a(cc2420.o)
                0x0000000000009552                cc2420_on
 .text.cc2420_off
                0x0000000000009574       0x30 contiki-sky.a(cc2420.o)
                0x0000000000009574                cc2420_off
 .text.cc2420_cca
                0x00000000000095a4       0x74 contiki-sky.a(cc2420.o)
 .text.cc2420_read
                0x0000000000009618      0x11a contiki-sky.a(cc2420.o)
 .text.process_thread_cc2420_process
                0x0000000000009732       0x50 contiki-sky.a(cc2420.o)
 .text.cc2420_get_channel
                0x0000000000009782        0x6 contiki-sky.a(cc2420.o)
                0x0000000000009782                cc2420_get_channel
 .text.cc2420_set_channel
                0x0000000000009788       0x78 contiki-sky.a(cc2420.o)
                0x0000000000009788                cc2420_set_channel
 .text.cc2420_set_pan_addr
                0x0000000000009800      0x14a contiki-sky.a(cc2420.o)
                0x0000000000009800                cc2420_set_pan_addr
 .text.cc2420_init
                0x000000000000994a       0xd0 contiki-sky.a(cc2420.o)
                0x000000000000994a                cc2420_init
 .text.cc2420_interrupt
                0x0000000000009a1a       0x20 contiki-sky.a(cc2420.o)
                0x0000000000009a1a                cc2420_interrupt
 .text.cc2420_set_txpower
                0x0000000000009a3a        0xe contiki-sky.a(cc2420.o)
                0x0000000000009a3a                cc2420_set_txpower
 .text.cc2420_get_txpower
                0x0000000000009a48       0x1e contiki-sky.a(cc2420.o)
                0x0000000000009a48                cc2420_get_txpower
 .text.cc2420_transmit
                0x0000000000009a66      0x1a8 contiki-sky.a(cc2420.o)
 .text.cc2420_send
                0x0000000000009c0e       0x12 contiki-sky.a(cc2420.o)
 .text.cc2420_rssi
                0x0000000000009c20       0x5e contiki-sky.a(cc2420.o)
                0x0000000000009c20                cc2420_rssi
 .text.cc2420_port1_interrupt
                0x0000000000009c7e       0x62 contiki-sky.a(cc2420-arch.o)
                0x0000000000009c7e                __isr_4
                0x0000000000009c7e                cc2420_port1_interrupt
 .text.cc2420_arch_init
                0x0000000000009ce0       0x1a contiki-sky.a(cc2420-arch.o)
                0x0000000000009ce0                cc2420_arch_init
 .text.sky_sensors_status
                0x0000000000009cfa       0x42 contiki-sky.a(sky-sensors.o)
                0x0000000000009cfa                sky_sensors_status
 .text.sky_sensors_configure
                0x0000000000009d3c       0xfc contiki-sky.a(sky-sensors.o)
                0x0000000000009d3c                sky_sensors_configure
 .text.handle_rxdma_timer
                0x0000000000009e38       0x3a contiki-sky.a(uart1.o)
 .text.uart1_active
                0x0000000000009e72       0x1a contiki-sky.a(uart1.o)
                0x0000000000009e72                uart1_active
 .text.uart1_set_input
                0x0000000000009e8c       0x20 contiki-sky.a(uart1.o)
                0x0000000000009e8c                uart1_set_input
 .text.uart1_writeb
                0x0000000000009eac       0x1a contiki-sky.a(uart1.o)
                0x0000000000009eac                uart1_writeb
 .text.uart1_init
                0x0000000000009ec6       0xf6 contiki-sky.a(uart1.o)
                0x0000000000009ec6                uart1_init
 .text.putchar  0x0000000000009fbc       0x10 contiki-sky.a(uart1-putchar.o)
                0x0000000000009fbc                putchar
 .text.msp430_init_dco
                0x0000000000009fcc       0x84 contiki-sky.a(msp430.o)
                0x0000000000009fcc                msp430_init_dco
 .text.msp430_add_lpm_req
                0x000000000000a050        0xc contiki-sky.a(msp430.o)
                0x000000000000a050                msp430_add_lpm_req
 .text.msp430_cpu_init
                0x000000000000a05c       0x2a contiki-sky.a(msp430.o)
                0x000000000000a05c                msp430_cpu_init
 .text.splhigh_
                0x000000000000a086        0x8 contiki-sky.a(msp430.o)
                0x000000000000a086                splhigh_
 .text.msp430_sync_dco
                0x000000000000a08e       0x68 contiki-sky.a(msp430.o)
                0x000000000000a08e                msp430_sync_dco
 .text.timera1  0x000000000000a0f6       0xfe contiki-sky.a(clock.o)
                0x000000000000a0f6                __isr_5
                0x000000000000a0f6                timera1
 .text.clock_time
                0x000000000000a1f4       0x1a contiki-sky.a(clock.o)
                0x000000000000a1f4                clock_time
 .text.clock_init
                0x000000000000a20e       0x28 contiki-sky.a(clock.o)
                0x000000000000a20e                clock_init
 .text.clock_delay
                0x000000000000a236        0xc contiki-sky.a(clock.o)
                0x000000000000a236                clock_delay
 .text.clock_seconds
                0x000000000000a242       0x1a contiki-sky.a(clock.o)
                0x000000000000a242                clock_seconds
 .text.show_leds
                0x000000000000a25c      0x100 contiki-sky.a(leds.o)
 .text.leds_init
                0x000000000000a35c        0xe contiki-sky.a(leds.o)
                0x000000000000a35c                leds_init
 .text.leds_on  0x000000000000a36a       0x14 contiki-sky.a(leds.o)
                0x000000000000a36a                leds_on
 .text.leds_off
                0x000000000000a37e       0x14 contiki-sky.a(leds.o)
                0x000000000000a37e                leds_off
 .text.leds_arch_init
                0x000000000000a392        0xe contiki-sky.a(leds-arch.o)
                0x000000000000a392                leds_arch_init
 .text.leds_arch_set
                0x000000000000a3a0       0x3a contiki-sky.a(leds-arch.o)
                0x000000000000a3a0                leds_arch_set
 .text.watchdog_interrupt
                0x000000000000a3da        0x6 contiki-sky.a(watchdog.o)
                0x000000000000a3da                __isr_10
                0x000000000000a3da                watchdog_interrupt
 .text.watchdog_start
                0x000000000000a3e0       0x14 contiki-sky.a(watchdog.o)
                0x000000000000a3e0                watchdog_start
 .text.watchdog_periodic
                0x000000000000a3f4       0x12 contiki-sky.a(watchdog.o)
                0x000000000000a3f4                watchdog_periodic
 .text.watchdog_stop
                0x000000000000a406       0x16 contiki-sky.a(watchdog.o)
                0x000000000000a406                watchdog_stop
 .text.watchdog_init
                0x000000000000a41c       0x14 contiki-sky.a(watchdog.o)
                0x000000000000a41c                watchdog_init
 .text.rtimer_arch_init
                0x000000000000a430        0xe contiki-sky.a(rtimer-arch.o)
                0x000000000000a430                rtimer_arch_init
 .text.rtimer_arch_now
                0x000000000000a43e        0xe contiki-sky.a(rtimer-arch.o)
                0x000000000000a43e                rtimer_arch_now
 .text.timera0  0x000000000000a44c       0x70 contiki-sky.a(rtimer-arch.o)
                0x000000000000a44c                __isr_6
                0x000000000000a44c                timera0
 .text.rtimer_arch_schedule
                0x000000000000a4bc        0x6 contiki-sky.a(rtimer-arch.o)
                0x000000000000a4bc                rtimer_arch_schedule
 .text.route_num
                0x000000000000a4c2       0x1e contiki-sky.a(route.o)
                0x000000000000a4c2                route_num
 .text.route_get
                0x000000000000a4e0       0x26 contiki-sky.a(route.o)
                0x000000000000a4e0                route_get
 .text.send_packet
                0x000000000000a506       0x3a contiki-sky.a(collect.o)
 .text.enqueue_dummy_packet
                0x000000000000a540       0x88 contiki-sky.a(collect.o)
 .text.send_ack
                0x000000000000a5c8       0x86 contiki-sky.a(collect.o)
 .text.send_queued_packet
                0x000000000000a64e       0xc2 contiki-sky.a(collect.o)
 .text.send_next_packet
                0x000000000000a710       0x2c contiki-sky.a(collect.o)
 .text.update_rtmetric
                0x000000000000a73c       0xf8 contiki-sky.a(collect.o)
 .text.received_announcement
                0x000000000000a834       0x96 contiki-sky.a(collect.o)
 .text.set_keepalive_timer
                0x000000000000a8ca       0x5e contiki-sky.a(collect.o)
 .text.timedout
                0x000000000000a928       0x6a contiki-sky.a(collect.o)
 .text.retransmit_callback
                0x000000000000a992       0xcc contiki-sky.a(collect.o)
 .text.retransmit_not_sent_callback
                0x000000000000aa5e        0xc contiki-sky.a(collect.o)
 .text.node_packet_sent
                0x000000000000aa6a       0x58 contiki-sky.a(collect.o)
 .text.send_keepalive
                0x000000000000aac2       0x32 contiki-sky.a(collect.o)
 .text.add_packet_to_recent_packets.part.6
                0x000000000000aaf4       0x4c contiki-sky.a(collect.o)
 .text.node_packet_received
                0x000000000000ab40      0x2f4 contiki-sky.a(collect.o)
 .text.proactive_probing_callback
                0x000000000000ae34       0xe8 contiki-sky.a(collect.o)
 .text.collect_open
                0x000000000000af1c       0xe6 contiki-sky.a(collect.o)
                0x000000000000af1c                collect_open
 .text.collect_set_keepalive
                0x000000000000b002        0xe contiki-sky.a(collect.o)
                0x000000000000b002                collect_set_keepalive
 .text.collect_set_sink
                0x000000000000b010       0x68 contiki-sky.a(collect.o)
                0x000000000000b010                collect_set_sink
 .text.collect_send
                0x000000000000b078       0xfa contiki-sky.a(collect.o)
                0x000000000000b078                collect_send
 .text.periodic
                0x000000000000b172       0x8e contiki-sky.a(collect-neighbo)
 .text.collect_neighbor_init
                0x000000000000b200       0x14 contiki-sky.a(collect-neighbo)
                0x000000000000b200                collect_neighbor_init
 .text.collect_neighbor_list_new
                0x000000000000b214       0x32 contiki-sky.a(collect-neighbo)
                0x000000000000b214                collect_neighbor_list_new
 .text.collect_neighbor_list_find
                0x000000000000b246       0x32 contiki-sky.a(collect-neighbo)
                0x000000000000b246                collect_neighbor_list_find
 .text.collect_neighbor_list_add
                0x000000000000b278       0xa6 contiki-sky.a(collect-neighbo)
                0x000000000000b278                collect_neighbor_list_add
 .text.collect_neighbor_list
                0x000000000000b31e        0x6 contiki-sky.a(collect-neighbo)
                0x000000000000b31e                collect_neighbor_list
 .text.collect_neighbor_update_rtmetric
                0x000000000000b324        0xe contiki-sky.a(collect-neighbo)
                0x000000000000b324                collect_neighbor_update_rtmetric
 .text.collect_neighbor_tx_fail
                0x000000000000b332       0x18 contiki-sky.a(collect-neighbo)
                0x000000000000b332                collect_neighbor_tx_fail
 .text.collect_neighbor_tx
                0x000000000000b34a       0x18 contiki-sky.a(collect-neighbo)
                0x000000000000b34a                collect_neighbor_tx
 .text.collect_neighbor_rtmetric_link_estimate
                0x000000000000b362       0x14 contiki-sky.a(collect-neighbo)
                0x000000000000b362                collect_neighbor_rtmetric_link_estimate
 .text.collect_neighbor_list_best
                0x000000000000b376       0x42 contiki-sky.a(collect-neighbo)
                0x000000000000b376                collect_neighbor_list_best
 .text.collect_neighbor_rtmetric
                0x000000000000b3b8        0x6 contiki-sky.a(collect-neighbo)
                0x000000000000b3b8                collect_neighbor_rtmetric
 .text.collect_neighbor_set_congested
                0x000000000000b3be       0x10 contiki-sky.a(collect-neighbo)
                0x000000000000b3be                collect_neighbor_set_congested
 .text.collect_link_estimate_new
                0x000000000000b3ce        0xe contiki-sky.a(collect-link-es)
                0x000000000000b3ce                collect_link_estimate_new
 .text.collect_link_estimate_update_tx
                0x000000000000b3dc       0x9e contiki-sky.a(collect-link-es)
                0x000000000000b3dc                collect_link_estimate_update_tx
 .text.collect_link_estimate_update_tx_fail
                0x000000000000b47a        0x8 contiki-sky.a(collect-link-es)
                0x000000000000b47a                collect_link_estimate_update_tx_fail
 .text.collect_link_estimate
                0x000000000000b482       0x10 contiki-sky.a(collect-link-es)
                0x000000000000b482                collect_link_estimate
 .text.collect_link_estimate_num_estimates
                0x000000000000b492        0xe contiki-sky.a(collect-link-es)
                0x000000000000b492                collect_link_estimate_num_estimates
 .text.mac_call_sent_callback
                0x000000000000b4a0       0x14 contiki-sky.a(mac.o)
                0x000000000000b4a0                mac_call_sent_callback
 .text.parse    0x000000000000b4b4       0xaa contiki-sky.a(framer-802154.o)
 .text.create   0x000000000000b55e      0x112 contiki-sky.a(framer-802154.o)
 .text.crc16_add
                0x000000000000b670       0x56 contiki-sky.a(crc16.o)
                0x000000000000b670                crc16_add
 .text.crc16_data
                0x000000000000b6c6       0x2a contiki-sky.a(crc16.o)
                0x000000000000b6c6                crc16_data
 .text.remove_queued_packet
                0x000000000000b6f0       0x36 contiki-sky.a(packetqueue.o)
 .text.packetqueue_enqueue_packetbuf
                0x000000000000b726       0x7a contiki-sky.a(packetqueue.o)
                0x000000000000b726                packetqueue_enqueue_packetbuf
 .text.packetqueue_first
                0x000000000000b7a0        0xa contiki-sky.a(packetqueue.o)
                0x000000000000b7a0                packetqueue_first
 .text.packetqueue_dequeue
                0x000000000000b7aa       0x40 contiki-sky.a(packetqueue.o)
                0x000000000000b7aa                packetqueue_dequeue
 .text.packetqueue_len
                0x000000000000b7ea        0xa contiki-sky.a(packetqueue.o)
                0x000000000000b7ea                packetqueue_len
 .text.packetqueue_queuebuf
                0x000000000000b7f4        0xe contiki-sky.a(packetqueue.o)
                0x000000000000b7f4                packetqueue_queuebuf
 .text.crc8_add
                0x000000000000b802       0x1c contiki-sky.a(sht11.o)
 .text.sstart   0x000000000000b81e       0x3e contiki-sky.a(sht11.o)
 .text.swrite   0x000000000000b85c       0x52 contiki-sky.a(sht11.o)
 .text.sread    0x000000000000b8ae       0x4e contiki-sky.a(sht11.o)
 .text.sreset   0x000000000000b8fc       0x2a contiki-sky.a(sht11.o)
 .text.scmd.part.0
                0x000000000000b926       0xb4 contiki-sky.a(sht11.o)
 .text.sht11_init
                0x000000000000b9da       0x14 contiki-sky.a(sht11.o)
                0x000000000000b9da                sht11_init
 .text.sht11_off
                0x000000000000b9ee       0x14 contiki-sky.a(sht11.o)
                0x000000000000b9ee                sht11_off
 .text.sht11_temp
                0x000000000000ba02        0xa contiki-sky.a(sht11.o)
                0x000000000000ba02                sht11_temp
 .text.sht11_humidity
                0x000000000000ba0c        0xa contiki-sky.a(sht11.o)
                0x000000000000ba0c                sht11_humidity
 .text.sht11_sreg
                0x000000000000ba16       0x7a contiki-sky.a(sht11.o)
                0x000000000000ba16                sht11_sreg
 .text.spi_init
                0x000000000000ba90       0x32 contiki-sky.a(spi.o)
                0x000000000000ba90                spi_init
 .text.sent_by_broadcast
                0x000000000000bac2       0x10 contiki-sky.a(unicast.o)
 .text.recv_from_broadcast
                0x000000000000bad2       0x4c contiki-sky.a(unicast.o)
 .text.unicast_open
                0x000000000000bb1e       0x2a contiki-sky.a(unicast.o)
                0x000000000000bb1e                unicast_open
 .text.unicast_send
                0x000000000000bb48       0x16 contiki-sky.a(unicast.o)
                0x000000000000bb48                unicast_send
 .text.field_len
                0x000000000000bb5e       0x98 contiki-sky.a(frame802154.o)
 .text.frame802154_hdrlen
                0x000000000000bbf6       0x26 contiki-sky.a(frame802154.o)
                0x000000000000bbf6                frame802154_hdrlen
 .text.frame802154_create
                0x000000000000bc1c      0x172 contiki-sky.a(frame802154.o)
                0x000000000000bc1c                frame802154_create
 .text.frame802154_parse
                0x000000000000bd8e      0x1ec contiki-sky.a(frame802154.o)
                0x000000000000bd8e                frame802154_parse
 .text.libgcc   0x000000000000bf7a       0x2c /usr/local/lib/gcc/msp430/4.6.3/mmpy-16/libgcc.a(_mulsi3.o)
                0x000000000000bf7a                __mulsi3
 .text.libgcc   0x000000000000bfa6       0x22 /usr/local/lib/gcc/msp430/4.6.3/mmpy-16/libgcc.a(_udivmod16.o)
                0x000000000000bfa6                __udivhi3
                0x000000000000bfa6                __ext_udivmod16
                0x000000000000bfc0                __umodhi3
 .text.libgcc   0x000000000000bfc8       0x3a /usr/local/lib/gcc/msp430/4.6.3/mmpy-16/libgcc.a(_divmod16.o)
                0x000000000000bfc8                __ext_divmod16
                0x000000000000bfc8                __divhi3
                0x000000000000bffa                __modhi3
 .text.libgcc   0x000000000000c002       0x40 /usr/local/lib/gcc/msp430/4.6.3/mmpy-16/libgcc.a(_udivmod32.o)
                0x000000000000c002                __udivsi3
                0x000000000000c002                __ext_udivmod32
                0x000000000000c038                __umodsi3
 .text.libgcc   0x000000000000c042       0x4c /usr/local/lib/gcc/msp430/4.6.3/mmpy-16/libgcc.a(_divmod32.o)
                0x000000000000c042                __ext_divmod32
                0x000000000000c042                __divsi3
                0x000000000000c084                __modsi3
 .text          0x000000000000c08e       0x12 /usr/local/lib/gcc/msp430/4.6.3/../../../../msp430/lib/mmpy-16/libc.a(strchr.o)
                0x000000000000c08e                strchr
 .text          0x000000000000c0a0       0x1e /usr/local/lib/gcc/msp430/4.6.3/../../../../msp430/lib/mmpy-16/libc.a(strcmp.o)
                0x000000000000c0a0                strcmp
 .text          0x000000000000c0be       0x28 /usr/local/lib/gcc/msp430/4.6.3/../../../../msp430/lib/mmpy-16/libc.a(strncmp.o)
                0x000000000000c0be                strncmp
 .text          0x000000000000c0e6       0x2a /usr/local/lib/gcc/msp430/4.6.3/../../../../msp430/lib/mmpy-16/libc.a(strncpy.o)
                0x000000000000c0e6                strncpy
 .text          0x000000000000c110       0xfa /usr/local/lib/gcc/msp430/4.6.3/../../../../msp430/lib/mmpy-16/libc.a(memcpy.o)
                0x000000000000c110                memcpy
 .text          0x000000000000c20a       0x6a /usr/local/lib/gcc/msp430/4.6.3/../../../../msp430/lib/mmpy-16/libc.a(memset.o)
                0x000000000000c20a                memset
 .text          0x000000000000c274       0x6c /usr/local/lib/gcc/msp430/4.6.3/../../../../msp430/lib/mmpy-16/libc.a(strtok.o)
                0x000000000000c274                strtok_r
                0x000000000000c2d6                strtok
 .text          0x000000000000c2e0       0x8a /usr/local/lib/gcc/msp430/4.6.3/../../../../msp430/lib/mmpy-16/libc.a(atoi.o)
                0x000000000000c2e0                atoi
 .text          0x000000000000c36a       0x1e /usr/local/lib/gcc/msp430/4.6.3/../../../../msp430/lib/mmpy-16/libc.a(printf.o)
                0x000000000000c36a                printf
                0x000000000000c37a                vprintf
 .text          0x000000000000c388       0xbc /usr/local/lib/gcc/msp430/4.6.3/../../../../msp430/lib/mmpy-16/libc.a(sprintf.o)
                0x000000000000c3e6                sprintf
                0x000000000000c402                snprintf
                0x000000000000c41c                vsprintf
                0x000000000000c432                vsnprintf
 .text          0x000000000000c444      0x836 /usr/local/lib/gcc/msp430/4.6.3/../../../../msp430/lib/mmpy-16/libc.a(vuprintf.o)
                0x000000000000c5dc                vuprintf
 .text          0x000000000000cc7a       0x2c /usr/local/lib/gcc/msp430/4.6.3/../../../../msp430/lib/mmpy-16/libc.a(puts.o)
                0x000000000000cc7a                puts
 .text          0x000000000000cca6       0x54 /usr/local/lib/gcc/msp430/4.6.3/../../../../msp430/lib/mmpy-16/libc.a(rand.o)
                0x000000000000cca6                rand_r
                0x000000000000ccca                rand
                0x000000000000ccf0                srand
 .text.libgcc   0x000000000000ccfa       0xf0 /usr/local/lib/gcc/msp430/4.6.3/mmpy-16/libgcc.a(_udivmod64.o)
                0x000000000000ccfa                __xabi_udivmod64
                0x000000000000cd58                __udivdi3
                0x000000000000cd7e                __umoddi3
                0x000000000000cdac                __udivmoddi4
 .text.crt0     0x000000000000cdea        0x2 /usr/local/lib/gcc/msp430/4.6.3/mmpy-16/libcrt0.a(_unexpected_.o)
                0x000000000000cdea                _unexpected_
                0x000000000000cdec                . = ALIGN (0x2)

.rodata         0x000000000000cdec      0xcc8
                0x000000000000cdec                . = ALIGN (0x2)
 *(.rodata .rodata.* .gnu.linkonce.r.*)
 .rodata        0x000000000000cdec       0x48 bcsd.co
                0x000000000000ce1a                autostart_processes
 .rodata        0x000000000000ce34       0xd4 obj_sky/contiki-sky-main.o
 .rodata        0x000000000000cf08        0x2 contiki-sky.a(rimeaddr.o)
                0x000000000000cf08                rimeaddr_null
 .rodata        0x000000000000cf0a        0xc contiki-sky.a(rime.o)
                0x000000000000cf10                rime_driver
 .rodata        0x000000000000cf16        0x4 contiki-sky.a(broadcast-annou)
 .rodata        0x000000000000cf1a        0x8 contiki-sky.a(broadcast.o)
 .rodata        0x000000000000cf22        0x2 contiki-sky.a(abc.o)
 .rodata        0x000000000000cf24       0x10 contiki-sky.a(chameleon-bitop)
                0x000000000000cf24                chameleon_bitopt
 .rodata        0x000000000000cf34       0x14 contiki-sky.a(csma.o)
                0x000000000000cf3a                csma_driver
 .rodata        0x000000000000cf48       0x46 contiki-sky.a(contikimac.o)
                0x000000000000cf7e                contikimac_driver
 .rodata        0x000000000000cf8e        0xe contiki-sky.a(serial-line.o)
 .rodata        0x000000000000cf9c        0xc contiki-sky.a(etimer.o)
 .rodata        0x000000000000cfa8        0xf contiki-sky.a(ctimer.o)
 .rodata        0x000000000000cfb7       0x2a contiki-sky.a(serial-shell.o)
 *fill*         0x000000000000cfe1        0x1 00
 .rodata        0x000000000000cfe2      0x2c2 contiki-sky.a(global-sensor.o)
 .rodata        0x000000000000d2a4      0x19e contiki-sky.a(shell.o)
 .rodata        0x000000000000d442      0x1b4 contiki-sky.a(shell-rime.o)
 .rodata        0x000000000000d5f6       0xbd contiki-sky.a(shell-text.o)
 .rodata        0x000000000000d6b3      0x155 contiki-sky.a(shell-time.o)
 .rodata        0x000000000000d808      0x15e contiki-sky.a(shell-sky.o)
 .rodata        0x000000000000d966        0xe contiki-sky.a(sht11-sensor.o)
                0x000000000000d96c                sht11_sensor
 .rodata        0x000000000000d974        0xe contiki-sky.a(light-sensor.o)
                0x000000000000d97a                light_sensor
 .rodata        0x000000000000d982       0x10 contiki-sky.a(battery-sensor.)
                0x000000000000d98a                battery_sensor
 .rodata        0x000000000000d992       0x10 contiki-sky.a(button-sensor.o)
                0x000000000000d99a                button_sensor
 .rodata        0x000000000000d9a2        0x8 contiki-sky.a(sensors.o)
 .rodata        0x000000000000d9aa       0x22 contiki-sky.a(cc2420.o)
                0x000000000000d9aa                cc2420_driver
 .rodata        0x000000000000d9cc       0xa0 contiki-sky.a(collect.o)
 .rodata        0x000000000000da6c        0x4 contiki-sky.a(framer-802154.o)
                0x000000000000da6c                framer_802154
 .rodata        0x000000000000da70       0x3a contiki-sky.a(unicast.o)
 .rodata        0x000000000000daaa        0x2 contiki-sky.a(frame802154.o)
 .rodata        0x000000000000daac        0x7 /usr/local/lib/gcc/msp430/4.6.3/../../../../msp430/lib/mmpy-16/libc.a(vuprintf.o)
                0x000000000000dab4                . = ALIGN (0x2)
 *fill*         0x000000000000dab3        0x1 00
                0x000000000000dab4                _etext = .

.data           0x0000000000001100      0x34a load address 0x000000000000dab4
                0x0000000000001100                . = ALIGN (0x2)
                0x0000000000001100                PROVIDE (__data_start, .)
 *(.data .data.* .gnu.linkonce.d.*)
 .data          0x0000000000001100        0xa bcsd.co
                0x0000000000001100                example_broadcast_process
 .data          0x000000000000110a       0x18 contiki-sky.a(csma.o)
 .data          0x0000000000001122        0xe contiki-sky.a(contikimac.o)
                0x0000000000001122                phase_list
 .data          0x0000000000001130        0x8 contiki-sky.a(phase.o)
 .data          0x0000000000001138        0xa contiki-sky.a(serial-line.o)
                0x0000000000001138                serial_line_process
 .data          0x0000000000001142        0xa contiki-sky.a(etimer.o)
                0x0000000000001142                etimer_process
 .data          0x000000000000114c        0xa contiki-sky.a(ctimer.o)
                0x000000000000114c                ctimer_process
 .data          0x0000000000001156       0x18 contiki-sky.a(queuebuf.o)
 .data          0x000000000000116e        0xa contiki-sky.a(serial-shell.o)
                0x000000000000116e                serial_shell_process
 .data          0x0000000000001178       0x84 contiki-sky.a(global-sensor.o)
                0x0000000000001178                sensor_print_data
                0x0000000000001182                sensor_read_proc
                0x000000000000118c                sensor_unset
                0x0000000000001196                sensor_set
                0x00000000000011a0                sensor_set_dispatcher
                0x00000000000011aa                broadcast_sensor_read_proc
                0x00000000000011b4                broadcast_sensor_set_process
                0x00000000000011be                shell_sensor_read_process
                0x00000000000011c8                shell_sensor_select_process
                0x00000000000011d2                sensor_sel
 .data          0x00000000000011fc       0xac contiki-sky.a(shell.o)
                0x00000000000011fc                shell_exit_process
                0x0000000000001206                shell_null_process
                0x0000000000001210                shell_kill_process
                0x000000000000121a                shell_killall_process
                0x0000000000001224                help_command_process
                0x000000000000122e                shell_server_process
                0x0000000000001238                shell_process
 .data          0x00000000000012a8       0x64 contiki-sky.a(shell-rime.o)
                0x00000000000012a8                shell_packetize_process
                0x00000000000012b2                shell_routes_process
                0x00000000000012bc                shell_collect_process
                0x00000000000012c6                shell_send_process
                0x00000000000012d0                shell_mac_process
 .data          0x000000000000130c       0x50 contiki-sky.a(shell-text.o)
                0x000000000000130c                shell_size_process
                0x0000000000001316                shell_hd_process
                0x0000000000001320                shell_binprint_process
                0x000000000000132a                shell_echo_process
 .data          0x000000000000135c       0x5a contiki-sky.a(shell-time.o)
                0x000000000000135c                shell_randwait_process
                0x0000000000001366                shell_repeat_server_process
                0x0000000000001370                shell_repeat_process
                0x000000000000137a                shell_timestamp_process
                0x0000000000001384                shell_time_process
 .data          0x00000000000013b6       0x64 contiki-sky.a(shell-sky.o)
                0x00000000000013b6                shell_rfchannel_process
                0x00000000000013c0                shell_txpower_process
                0x00000000000013ca                shell_senseconv_process
                0x00000000000013d4                shell_sense_process
                0x00000000000013de                shell_nodeid_process
 .data          0x000000000000141a        0x4 contiki-sky.a(contiki-sky-pla)
                0x000000000000141a                sensors
 .data          0x000000000000141e        0x1 contiki-sky.a(sht11-sensor.o)
 *fill*         0x000000000000141f        0x1 00
 .data          0x0000000000001420        0xa contiki-sky.a(sensors.o)
                0x0000000000001420                sensors_process
 .data          0x000000000000142a        0xa contiki-sky.a(cc2420.o)
                0x000000000000142a                cc2420_process
 .data          0x0000000000001434        0x2 contiki-sky.a(msp430.o)
 .data          0x0000000000001436        0x8 contiki-sky.a(collect.o)
 .data          0x000000000000143e        0x8 contiki-sky.a(collect-neighbo)
 .data          0x0000000000001446        0x4 /usr/local/lib/gcc/msp430/4.6.3/../../../../msp430/lib/mmpy-16/libc.a(rand.o)
                0x000000000000144a                . = ALIGN (0x2)
                0x000000000000144a                _edata = .
                0x000000000000dab4                PROVIDE (__data_load_start, LOADADDR (.data))
                0x000000000000034a                PROVIDE (__data_size, SIZEOF (.data))

.bss            0x000000000000144a     0x1cd6 load address 0x000000000000ddfe
                0x000000000000144a                PROVIDE (__bss_start, .)
 *(.bss .bss.*)
 .bss           0x000000000000144a       0x18 bcsd.co
 .bss           0x0000000000001462        0xc obj_sky/contiki-sky-main.o
 .bss           0x000000000000146e        0x2 contiki-sky.a(rime.o)
 .bss           0x0000000000001470        0x6 contiki-sky.a(announcement.o)
 .bss           0x0000000000001476       0x46 contiki-sky.a(broadcast-annou)
 .bss           0x00000000000014bc        0x2 contiki-sky.a(channel.o)
 .bss           0x00000000000014be      0x126 contiki-sky.a(csma.o)
 .bss           0x00000000000015e4      0x276 contiki-sky.a(contikimac.o)
 .bss           0x000000000000185a       0xe8 contiki-sky.a(phase.o)
 .bss           0x0000000000001942       0x42 contiki-sky.a(process.o)
                0x0000000000001942                process_current
                0x0000000000001944                process_list
 .bss           0x0000000000001984        0x8 contiki-sky.a(compower.o)
 .bss           0x000000000000198c      0x10a contiki-sky.a(serial-line.o)
 .bss           0x0000000000001a96        0x6 contiki-sky.a(etimer.o)
 .bss           0x0000000000001a9c        0x4 contiki-sky.a(ctimer.o)
 .bss           0x0000000000001aa0        0x2 contiki-sky.a(rtimer.o)
 .bss           0x0000000000001aa2       0xba contiki-sky.a(packetbuf.o)
 .bss           0x0000000000001b5c      0xc4e contiki-sky.a(queuebuf.o)
 .bss           0x00000000000027aa       0x1a contiki-sky.a(global-sensor.o)
 .bss           0x00000000000027c4       0x16 contiki-sky.a(shell.o)
 .bss           0x00000000000027da        0xc contiki-sky.a(shell-rime.o)
 .bss           0x00000000000027e6        0x4 contiki-sky.a(shell-text.o)
 .bss           0x00000000000027ea       0xaa contiki-sky.a(shell-time.o)
 .bss           0x0000000000002894       0x82 contiki-sky.a(shell-sky.o)
 .bss           0x0000000000002916        0x8 contiki-sky.a(button-sensor.o)
 .bss           0x000000000000291e        0x2 contiki-sky.a(node-id.o)
                0x000000000000291e                node_id
 .bss           0x0000000000002920        0x6 contiki-sky.a(sensors.o)
 .bss           0x0000000000002926        0xa contiki-sky.a(cc2420.o)
 .bss           0x0000000000002930        0x4 contiki-sky.a(sky-sensors.o)
 .bss           0x0000000000002934       0x9a contiki-sky.a(uart1.o)
 .bss           0x00000000000029ce        0xa contiki-sky.a(clock.o)
 .bss           0x00000000000029d8        0x2 contiki-sky.a(leds.o)
 .bss           0x00000000000029da        0x2 contiki-sky.a(watchdog.o)
 .bss           0x00000000000029dc       0x7e contiki-sky.a(route.o)
 .bss           0x0000000000002a5a      0x1be contiki-sky.a(collect.o)
 .bss           0x0000000000002c18      0x322 contiki-sky.a(collect-neighbo)
 .bss           0x0000000000002f3a        0x2 contiki-sky.a(framer-802154.o)
 .bss           0x0000000000002f3c        0x2 /usr/local/lib/gcc/msp430/4.6.3/../../../../msp430/lib/mmpy-16/libc.a(strtok.o)
 .bss           0x0000000000002f3e        0x4 /usr/local/lib/gcc/msp430/4.6.3/../../../../msp430/lib/mmpy-16/libc.a(sprintf.o)
 *(COMMON)
 COMMON         0x0000000000002f42        0x2 contiki-sky.a(rimeaddr.o)
                0x0000000000002f42                rimeaddr_node_addr
 COMMON         0x0000000000002f44       0x48 contiki-sky.a(rimestats.o)
                0x0000000000002f44                rimestats
 COMMON         0x0000000000002f8c        0x1 contiki-sky.a(process.o)
                0x0000000000002f8c                process_maxevents
 *fill*         0x0000000000002f8d        0x1 00
 COMMON         0x0000000000002f8e        0x8 contiki-sky.a(compower.o)
                0x0000000000002f8e                compower_idle_activity
 COMMON         0x0000000000002f96        0x1 contiki-sky.a(serial-line.o)
                0x0000000000002f96                serial_line_event_message
 *fill*         0x0000000000002f97        0x1 00
 COMMON         0x0000000000002f98       0x56 contiki-sky.a(energest.o)
                0x0000000000002f98                energest_total_time
                0x0000000000002fc8                energest_total_count
                0x0000000000002fca                energest_current_mode
                0x0000000000002fd6                energest_current_time
 COMMON         0x0000000000002fee       0x38 contiki-sky.a(packetbuf.o)
                0x0000000000002fee                packetbuf_addrs
                0x0000000000002ff6                packetbuf_attrs
 COMMON         0x0000000000003026        0x2 contiki-sky.a(shell.o)
                0x0000000000003026                shell_event_input
 COMMON         0x0000000000003028       0x9e contiki-sky.a(shell-rime.o)
                0x0000000000003028                shell_collect_conn
 COMMON         0x00000000000030c6        0x2 contiki-sky.a(contiki-sky-pla)
                0x00000000000030c6                sensors_flags
 COMMON         0x00000000000030c8        0x8 contiki-sky.a(ds2411.o)
                0x00000000000030c8                ds2411_id
 COMMON         0x00000000000030d0        0x1 contiki-sky.a(sensors.o)
                0x00000000000030d0                sensors_event
 *fill*         0x00000000000030d1        0x1 00
 COMMON         0x00000000000030d2       0x14 contiki-sky.a(cc2420.o)
                0x00000000000030d2                cc2420_last_rssi
                0x00000000000030d4                cc2420_packets_read
                0x00000000000030d6                cc2420_packets_seen
                0x00000000000030d8                cc2420_sfd_start_time
                0x00000000000030da                cc2420_time_of_departure
                0x00000000000030dc                cc2420_time_of_arrival
                0x00000000000030de                cc2420_last_correlation
                0x00000000000030e0                cc2420_authority_level_of_sender
                0x00000000000030e2                cc2420_sfd_counter
                0x00000000000030e4                cc2420_sfd_end_time
 COMMON         0x00000000000030e6        0x2 contiki-sky.a(msp430.o)
                0x00000000000030e6                msp430_dco_required
 COMMON         0x00000000000030e8       0x38 contiki-sky.a(collect.o)
                0x00000000000030e8                stats
                0x0000000000003120                . = ALIGN (0x2)
                0x0000000000003120                PROVIDE (__bss_end, .)
                0x0000000000001cd6                PROVIDE (__bss_size, SIZEOF (.bss))

.noinit         0x0000000000003120        0x2 load address 0x000000000000ddfe
                0x0000000000003120                PROVIDE (__noinit_start, .)
 *(.noinit .noinit.*)
 .noinit.crt0   0x0000000000003120        0x2 /usr/local/lib/gcc/msp430/4.6.3/mmpy-16/libcrt0.a(__watchdog_support.o)
                0x0000000000003120                __wdt_clear_value
                0x0000000000003122                . = ALIGN (0x2)
                0x0000000000003122                PROVIDE (__noinit_end, .)
                0x0000000000003122                . = ALIGN (0x2)
                0x0000000000003122                _end = .

.infomem        0x0000000000001000        0x0
 *(.infomem)
                0x0000000000001000                . = ALIGN (0x2)
 *(.infomem.*)

.infomemnobits  0x0000000000001000        0x0
 *(.infomemnobits)
                0x0000000000001000                . = ALIGN (0x2)
 *(.infomemnobits.*)

.infoa
 *(.infoa .infoa.*)

.infob
 *(.infob .infob.*)

.infoc
 *(.infoc .infoc.*)

.infod
 *(.infod .infod.*)

.vectors        0x000000000000ffe0       0x20
                0x000000000000ffe0                PROVIDE (__vectors_start, .)
 *(.vectors*)
 .vectors       0x000000000000ffe0       0x20 /usr/local/lib/gcc/msp430/4.6.3/mmpy-16/crt0ivtbl16.o
                0x000000000000ffe0                __ivtbl_16
                0x0000000000010000                _vectors_end = .

.fartext        0x0000000000000000        0x0
                0x0000000000000000                . = ALIGN (0x2)
 *(.fartext)
                0x0000000000000000                . = ALIGN (0x2)
 *(.fartext.*)
                0x0000000000000000                _efartext = .

.profiler
 *(.profiler)

.stab
 *(.stab)

.stabstr
 *(.stabstr)

.stab.excl
 *(.stab.excl)

.stab.exclstr
 *(.stab.exclstr)

.stab.index
 *(.stab.index)

.stab.indexstr
 *(.stab.indexstr)

.comment
 *(.comment)

.debug
 *(.debug)

.line
 *(.line)

.debug_srcinfo
 *(.debug_srcinfo)

.debug_sfnames
 *(.debug_sfnames)

.debug_aranges  0x0000000000000000      0x1f4
 *(.debug_aranges)
 .debug_aranges
                0x0000000000000000       0x14 /usr/local/lib/gcc/msp430/4.6.3/mmpy-16/libgcc.a(_mulsi3.o)
 .debug_aranges
                0x0000000000000014       0x14 /usr/local/lib/gcc/msp430/4.6.3/mmpy-16/libgcc.a(_udivmod16.o)
 .debug_aranges
                0x0000000000000028       0x14 /usr/local/lib/gcc/msp430/4.6.3/mmpy-16/libgcc.a(_divmod16.o)
 .debug_aranges
                0x000000000000003c       0x14 /usr/local/lib/gcc/msp430/4.6.3/mmpy-16/libgcc.a(_udivmod32.o)
 .debug_aranges
                0x0000000000000050       0x14 /usr/local/lib/gcc/msp430/4.6.3/mmpy-16/libgcc.a(_divmod32.o)
 .debug_aranges
                0x0000000000000064       0x14 /usr/local/lib/gcc/msp430/4.6.3/../../../../msp430/lib/mmpy-16/libc.a(strchr.o)
 .debug_aranges
                0x0000000000000078       0x14 /usr/local/lib/gcc/msp430/4.6.3/../../../../msp430/lib/mmpy-16/libc.a(strcmp.o)
 .debug_aranges
                0x000000000000008c       0x14 /usr/local/lib/gcc/msp430/4.6.3/../../../../msp430/lib/mmpy-16/libc.a(strncmp.o)
 .debug_aranges
                0x00000000000000a0       0x14 /usr/local/lib/gcc/msp430/4.6.3/../../../../msp430/lib/mmpy-16/libc.a(strncpy.o)
 .debug_aranges
                0x00000000000000b4       0x14 /usr/local/lib/gcc/msp430/4.6.3/../../../../msp430/lib/mmpy-16/libc.a(memcpy.o)
 .debug_aranges
                0x00000000000000c8       0x14 /usr/local/lib/gcc/msp430/4.6.3/../../../../msp430/lib/mmpy-16/libc.a(memset.o)
 .debug_aranges
                0x00000000000000dc       0x14 /usr/local/lib/gcc/msp430/4.6.3/../../../../msp430/lib/mmpy-16/libc.a(strtok.o)
 .debug_aranges
                0x00000000000000f0       0x14 /usr/local/lib/gcc/msp430/4.6.3/../../../../msp430/lib/mmpy-16/libc.a(atoi.o)
 .debug_aranges
                0x0000000000000104       0x14 /usr/local/lib/gcc/msp430/4.6.3/../../../../msp430/lib/mmpy-16/libc.a(printf.o)
 .debug_aranges
                0x0000000000000118       0x14 /usr/local/lib/gcc/msp430/4.6.3/../../../../msp430/lib/mmpy-16/libc.a(sprintf.o)
 .debug_aranges
                0x000000000000012c       0x14 /usr/local/lib/gcc/msp430/4.6.3/../../../../msp430/lib/mmpy-16/libc.a(vuprintf.o)
 .debug_aranges
                0x0000000000000140       0x14 /usr/local/lib/gcc/msp430/4.6.3/../../../../msp430/lib/mmpy-16/libc.a(puts.o)
 .debug_aranges
                0x0000000000000154       0x14 /usr/local/lib/gcc/msp430/4.6.3/../../../../msp430/lib/mmpy-16/libc.a(rand.o)
 .debug_aranges
                0x0000000000000168       0x14 /usr/local/lib/gcc/msp430/4.6.3/mmpy-16/libgcc.a(_udivmod64.o)
 .debug_aranges