Archive member included because of file (symbol)

contiki-sky.a(rimeaddr.o)     obj_sky/contiki-sky-main.o (rimeaddr_copy)
contiki-sky.a(rime.o)         obj_sky/contiki-sky-main.o (rime_driver)
contiki-sky.a(rimestats.o)    contiki-sky.a(rime.o) (rimestats)
contiki-sky.a(announcement.o)
                              contiki-sky.a(rime.o) (announcement_init)
contiki-sky.a(broadcast-annou)
                              contiki-sky.a(rime.o) (broadcast_announcement_init)
contiki-sky.a(broadcast.o)    contiki-sky.a(broadcast-annou) (broadcast_open)
contiki-sky.a(abc.o)          contiki-sky.a(broadcast.o) (abc_open)
contiki-sky.a(chameleon.o)    contiki-sky.a(rime.o) (chameleon_init)
contiki-sky.a(channel.o)      contiki-sky.a(chameleon.o) (channel_init)
contiki-sky.a(chameleon-bitop)
                              contiki-sky.a(chameleon.o) (chameleon_bitopt)
contiki-sky.a(csma.o)         obj_sky/contiki-sky-main.o (csma_driver)
contiki-sky.a(contikimac.o)   obj_sky/contiki-sky-main.o (contikimac_driver)
contiki-sky.a(phase.o)        contiki-sky.a(contikimac.o) (phase_update)
contiki-sky.a(process.o)      obj_sky/contiki-sky-main.o (process_init)
contiki-sky.a(autostart.o)    obj_sky/contiki-sky-main.o (autostart_start)
contiki-sky.a(compower.o)     contiki-sky.a(contikimac.o) (compower_idle_activity)
contiki-sky.a(serial-line.o)  obj_sky/contiki-sky-main.o (serial_line_input_byte)
contiki-sky.a(memb.o)         contiki-sky.a(csma.o) (memb_init)
contiki-sky.a(timer.o)        obj_sky/contiki-sky-main.o (timer_set)
contiki-sky.a(list.o)         contiki-sky.a(announcement.o) (list_init)
contiki-sky.a(etimer.o)       obj_sky/contiki-sky-main.o (etimer_process)
contiki-sky.a(ctimer.o)       obj_sky/contiki-sky-main.o (ctimer_init)
contiki-sky.a(energest.o)     obj_sky/contiki-sky-main.o (energest_init)
contiki-sky.a(rtimer.o)       obj_sky/contiki-sky-main.o (rtimer_init)
contiki-sky.a(random.o)       obj_sky/contiki-sky-main.o (random_init)
contiki-sky.a(ringbuf.o)      contiki-sky.a(serial-line.o) (ringbuf_init)
contiki-sky.a(sky-math.o)     fusion-demo.co (mypow2)
contiki-sky.a(packetbuf.o)    contiki-sky.a(contikimac.o) (packetbuf_hdr_remove)
contiki-sky.a(queuebuf.o)     contiki-sky.a(rime.o) (queuebuf_init)
contiki-sky.a(contiki-sky-pla)
                              obj_sky/contiki-sky-main.o (init_platform)
contiki-sky.a(light-sensor.o)
                              fusion-demo.co (light_sensor)
contiki-sky.a(button-sensor.o)
                              fusion-demo.co (button_sensor)
contiki-sky.a(ds2411.o)       obj_sky/contiki-sky-main.o (ds2411_init)
contiki-sky.a(xmem.o)         obj_sky/contiki-sky-main.o (xmem_init)
contiki-sky.a(node-id.o)      obj_sky/contiki-sky-main.o (node_id_restore)
contiki-sky.a(sensors.o)      fusion-demo.co (sensors_event)
contiki-sky.a(cc2420.o)       obj_sky/contiki-sky-main.o (cc2420_set_channel)
contiki-sky.a(cc2420-arch.o)  contiki-sky.a(cc2420.o) (cc2420_arch_init)
contiki-sky.a(sky-sensors.o)  contiki-sky.a(light-sensor.o) (sky_sensors_status)
contiki-sky.a(uart1.o)        obj_sky/contiki-sky-main.o (uart1_active)
contiki-sky.a(uart1-putchar.o)
                              obj_sky/contiki-sky-main.o (putchar)
contiki-sky.a(msp430.o)       contiki-sky.a(uart1.o) (msp430_add_lpm_req)
contiki-sky.a(clock.o)        contiki-sky.a(timer.o) (clock_time)
contiki-sky.a(leds.o)         obj_sky/contiki-sky-main.o (leds_init)
contiki-sky.a(leds-arch.o)    contiki-sky.a(leds.o) (leds_arch_init)
contiki-sky.a(watchdog.o)     obj_sky/contiki-sky-main.o (watchdog_start)
contiki-sky.a(rtimer-arch.o)  contiki-sky.a(rtimer.o) (rtimer_arch_init)
contiki-sky.a(mac.o)          contiki-sky.a(csma.o) (mac_call_sent_callback)
contiki-sky.a(framer-802154.o)
                              contiki-sky.a(contikimac.o) (framer_802154)
contiki-sky.a(spi.o)          contiki-sky.a(xmem.o) (spi_init)
contiki-sky.a(frame802154.o)  contiki-sky.a(framer-802154.o) (frame802154_hdrlen)
/usr/lib/gcc/msp430/4.5.3/mmpy-16/libgcc.a(_mulsi3.o)
                              contiki-sky.a(csma.o) (__mulsi3)
/usr/lib/gcc/msp430/4.5.3/mmpy-16/libgcc.a(_udivmodhi4.o)
                              fusion-demo.co (__udivmodhi4)
/usr/lib/gcc/msp430/4.5.3/mmpy-16/libgcc.a(_divmodhi4.o)
                              fusion-demo.co (__divmodhi4)
/usr/lib/gcc/msp430/4.5.3/mmpy-16/libgcc.a(_udivmodsi4.o)
                              fusion-demo.co (__udivmodsi4)
/usr/lib/gcc/msp430/4.5.3/../../../../msp430/lib/mmpy-16/libc.a(strncmp.o)
                              contiki-sky.a(sensors.o) (strncmp)
/usr/lib/gcc/msp430/4.5.3/../../../../msp430/lib/mmpy-16/libc.a(memcpy.o)
                              contiki-sky.a(broadcast-annou) (memcpy)
/usr/lib/gcc/msp430/4.5.3/../../../../msp430/lib/mmpy-16/libc.a(memset.o)
                              obj_sky/contiki-sky-main.o (memset)
/usr/lib/gcc/msp430/4.5.3/../../../../msp430/lib/mmpy-16/libc.a(printf.o)
                              fusion-demo.co (printf)
[...]
Memory Configuration

Name             Origin             Length             Attributes
sfr              0x00000000         0x00000010
peripheral_8bit  0x00000010         0x000000f0
peripheral_16bit 0x00000100         0x00000100
infomem          0x00001000         0x00000100
infob            0x00001000         0x00000080
infoa            0x00001080         0x00000080
ram              0x00001100         0x00002800         xw
rom              0x00004000         0x0000bfe0         xr
vectors          0x0000ffe0         0x00000020
bsl              0x00000000         0x00000000
infoc            0x00000000         0x00000000
infod            0x00000000         0x00000000
far_rom          0x00000000         0x00000000
*default*        0x00000000         0xffffffff

Linker script and memory map

LOAD /usr/lib/gcc/msp430/4.5.3/mmpy-16/crt0ivtbl16.o
LOAD fusion-demo.co
LOAD obj_sky/contiki-sky-main.o
LOAD contiki-sky.a
LOAD /usr/lib/gcc/msp430/4.5.3/mmpy-16/libgcc.a
LOAD /usr/lib/gcc/msp430/4.5.3/../../../../msp430/lib/mmpy-16/libc.a
LOAD /usr/lib/gcc/msp430/4.5.3/mmpy-16/libgcc.a
LOAD /usr/lib/gcc/msp430/4.5.3/mmpy-16/libcrt0.a
                0x00000000                __IE1 = 0x0
                0x00000002                __IFG1 = 0x2
                0x00000004                __ME1 = 0x4
                0x00000001                __IE2 = 0x1
                0x00000003                __IFG2 = 0x3
                0x00000005                __ME2 = 0x5
                0x00000120                __WDTCTL = 0x120
                0x00000130                __MPY = 0x130
                0x00000132                __MPYS = 0x132
                0x00000134                __MAC = 0x134
                0x00000136                __MACS = 0x136
                0x00000138                __OP2 = 0x138
                0x0000013a                __RESLO = 0x13a
                0x0000013c                __RESHI = 0x13c
                0x0000013e                __SUMEXT = 0x13e
                0x00000020                __P1IN = 0x20
                0x00000021                __P1OUT = 0x21
                0x00000022                __P1DIR = 0x22
                0x00000023                __P1IFG = 0x23
                0x00000024                __P1IES = 0x24
                0x00000025                __P1IE = 0x25
                0x00000026                __P1SEL = 0x26
                0x00000028                __P2IN = 0x28
                0x00000029                __P2OUT = 0x29
                0x0000002a                __P2DIR = 0x2a
                0x0000002b                __P2IFG = 0x2b
                0x0000002c                __P2IES = 0x2c
                0x0000002d                __P2IE = 0x2d
                0x0000002e                __P2SEL = 0x2e
                0x00000018                __P3IN = 0x18
                0x00000019                __P3OUT = 0x19
                0x0000001a                __P3DIR = 0x1a
                0x0000001b                __P3SEL = 0x1b
                0x0000001c                __P4IN = 0x1c
                0x0000001d                __P4OUT = 0x1d
                0x0000001e                __P4DIR = 0x1e
                0x0000001f                __P4SEL = 0x1f
                0x00000030                __P5IN = 0x30
                0x00000031                __P5OUT = 0x31
                0x00000032                __P5DIR = 0x32
                0x00000033                __P5SEL = 0x33
                0x00000034                __P6IN = 0x34
                0x00000035                __P6OUT = 0x35
                0x00000036                __P6DIR = 0x36
                0x00000037                __P6SEL = 0x37
                0x00000070                __U0CTL = 0x70
                0x00000071                __U0TCTL = 0x71
                0x00000072                __U0RCTL = 0x72
                0x00000073                __U0MCTL = 0x73
                0x00000074                __U0BR0 = 0x74
                0x00000075                __U0BR1 = 0x75
                0x00000076                __U0RXBUF = 0x76
                0x00000077                __U0TXBUF = 0x77
                0x00000078                __U1CTL = 0x78
                0x00000079                __U1TCTL = 0x79
                0x0000007a                __U1RCTL = 0x7a
                0x0000007b                __U1MCTL = 0x7b
                0x0000007c                __U1BR0 = 0x7c
                0x0000007d                __U1BR1 = 0x7d
                0x0000007e                __U1RXBUF = 0x7e
                0x0000007f                __U1TXBUF = 0x7f
                0x00000050                __I2CIE = 0x50
                0x00000051                __I2CIFG = 0x51
                0x00000052                __I2CNDAT = 0x52
                0x00000071                __I2CTCTL = 0x71
                0x00000072                __I2CDCTL = 0x72
                0x00000073                __I2CPSC = 0x73
                0x00000074                __I2CSCLH = 0x74
                0x00000075                __I2CSCLL = 0x75
                0x00000076                __I2CDRB = 0x76
                0x00000076                __I2CDRW = 0x76
                0x00000118                __I2COA = 0x118
                0x0000011a                __I2CSA = 0x11a
                0x0000011c                __I2CIV = 0x11c
                0x0000012e                __TAIV = 0x12e
                0x00000160                __TACTL = 0x160
                0x00000162                __TACCTL0 = 0x162
                0x00000164                __TACCTL1 = 0x164
                0x00000166                __TACCTL2 = 0x166
                0x00000170                __TAR = 0x170
                0x00000172                __TACCR0 = 0x172
                0x00000174                __TACCR1 = 0x174
                0x00000176                __TACCR2 = 0x176
                0x0000011e                __TBIV = 0x11e
                0x00000180                __TBCTL = 0x180
                0x00000182                __TBCCTL0 = 0x182
                0x00000184                __TBCCTL1 = 0x184
                0x00000186                __TBCCTL2 = 0x186
                0x00000188                __TBCCTL3 = 0x188
                0x0000018a                __TBCCTL4 = 0x18a
                0x0000018c                __TBCCTL5 = 0x18c
                0x0000018e                __TBCCTL6 = 0x18e
                0x00000190                __TBR = 0x190
                0x00000192                __TBCCR0 = 0x192
                0x00000194                __TBCCR1 = 0x194
                0x00000196                __TBCCR2 = 0x196
                0x00000198                __TBCCR3 = 0x198
                0x0000019a                __TBCCR4 = 0x19a
                0x0000019c                __TBCCR5 = 0x19c
                0x0000019e                __TBCCR6 = 0x19e
                0x00000056                __DCOCTL = 0x56
                0x00000057                __BCSCTL1 = 0x57
                0x00000058                __BCSCTL2 = 0x58
                0x00000055                __SVSCTL = 0x55
                0x00000128                __FCTL1 = 0x128
                0x0000012a                __FCTL2 = 0x12a
                0x0000012c                __FCTL3 = 0x12c
                0x00000059                __CACTL1 = 0x59
                0x0000005a                __CACTL2 = 0x5a
                0x0000005b                __CAPD = 0x5b
                0x000001a0                __ADC12CTL0 = 0x1a0
                0x000001a2                __ADC12CTL1 = 0x1a2
                0x000001a4                __ADC12IFG = 0x1a4
                0x000001a6                __ADC12IE = 0x1a6
                0x000001a8                __ADC12IV = 0x1a8
                0x00000140                __ADC12MEM0 = 0x140
                0x00000142                __ADC12MEM1 = 0x142
                0x00000144                __ADC12MEM2 = 0x144
                0x00000146                __ADC12MEM3 = 0x146
                0x00000148                __ADC12MEM4 = 0x148
                0x0000014a                __ADC12MEM5 = 0x14a
                0x0000014c                __ADC12MEM6 = 0x14c
                0x0000014e                __ADC12MEM7 = 0x14e
                0x00000150                __ADC12MEM8 = 0x150
                0x00000152                __ADC12MEM9 = 0x152
                0x00000154                __ADC12MEM10 = 0x154
                0x00000156                __ADC12MEM11 = 0x156
                0x00000158                __ADC12MEM12 = 0x158
                0x0000015a                __ADC12MEM13 = 0x15a
                0x0000015c                __ADC12MEM14 = 0x15c
                0x0000015e                __ADC12MEM15 = 0x15e
                0x00000080                __ADC12MCTL0 = 0x80
                0x00000081                __ADC12MCTL1 = 0x81
                0x00000082                __ADC12MCTL2 = 0x82
                0x00000083                __ADC12MCTL3 = 0x83
                0x00000084                __ADC12MCTL4 = 0x84
                0x00000085                __ADC12MCTL5 = 0x85
                0x00000086                __ADC12MCTL6 = 0x86
                0x00000087                __ADC12MCTL7 = 0x87
                0x00000088                __ADC12MCTL8 = 0x88
                0x00000089                __ADC12MCTL9 = 0x89
                0x0000008a                __ADC12MCTL10 = 0x8a
                0x0000008b                __ADC12MCTL11 = 0x8b
                0x0000008c                __ADC12MCTL12 = 0x8c
                0x0000008d                __ADC12MCTL13 = 0x8d
                0x0000008e                __ADC12MCTL14 = 0x8e
                0x0000008f                __ADC12MCTL15 = 0x8f
                0x000001c0                __DAC12_0CTL = 0x1c0
                0x000001c2                __DAC12_1CTL = 0x1c2
                0x000001c8                __DAC12_0DAT = 0x1c8
                0x000001ca                __DAC12_1DAT = 0x1ca
                0x00000122                __DMACTL0 = 0x122
                0x00000124                __DMACTL1 = 0x124
                0x000001e0                __DMA0CTL = 0x1e0
                0x000001e8                __DMA1CTL = 0x1e8
                0x000001f0                __DMA2CTL = 0x1f0
                0x000001e2                __DMA0SA = 0x1e2
                0x000001e4                __DMA0DA = 0x1e4
                0x000001e6                __DMA0SZ = 0x1e6
                0x000001ea                __DMA1SA = 0x1ea
                0x000001ec                __DMA1DA = 0x1ec
                0x000001ee                __DMA1SZ = 0x1ee
                0x000001f2                __DMA2SA = 0x1f2
                0x000001f4                __DMA2DA = 0x1f4
                0x000001f6                __DMA2SZ = 0x1f6

.hash
 *(.hash)

.dynsym
 *(.dynsym)

.dynstr
 *(.dynstr)

.gnu.version
 *(.gnu.version)

.gnu.version_d
 *(.gnu.version_d)

.gnu.version_r
 *(.gnu.version_r)

.rel.init
 *(.rel.init)

.rela.init
 *(.rela.init)

.rel.text
 *(.rel.text)
 *(.rel.text.*)
 *(.rel.gnu.linkonce.t*)

.rela.text
 *(.rela.text)
 *(.rela.text.*)
 *(.rela.gnu.linkonce.t*)

.rel.fini
 *(.rel.fini)

.rela.fini
 *(.rela.fini)

.rel.rodata
 *(.rel.rodata)
 *(.rel.rodata.*)
 *(.rel.gnu.linkonce.r*)

.rela.rodata
 *(.rela.rodata)
 *(.rela.rodata.*)
 *(.rela.gnu.linkonce.r*)

.rel.data
 *(.rel.data)
 *(.rel.data.*)
 *(.rel.gnu.linkonce.d*)

.rela.data
 *(.rela.data)
 *(.rela.data.*)
 *(.rela.gnu.linkonce.d*)

.rel.ctors
 *(.rel.ctors)

.rela.ctors
 *(.rela.ctors)

.rel.dtors
 *(.rel.dtors)

.rela.dtors
 *(.rela.dtors)

.rel.got
 *(.rel.got)

.rela.got
 *(.rela.got)

.rel.bss
 *(.rel.bss)

.rela.bss
 *(.rela.bss)

.rel.plt
 *(.rel.plt)

.rela.plt
 *(.rela.plt)

.text           0x00004000     0x5564
                0x00004000                . = ALIGN (0x2)
 *(.init)
 *(.init0)
 .init0         0x00004000        0x0 /usr/lib/gcc/msp430/4.5.3/mmpy-16/libcrt0.a(_reset_vector__.o)
                0x00004000                _reset_vector__
 *(.init1)
 *(.init2)
 .init2         0x00004000        0x4 /usr/lib/gcc/msp430/4.5.3/mmpy-16/libcrt0.a(__init_stack.o)
                0x00004000                __init_stack
 *(.init3)
 .init3         0x00004004        0xa /usr/lib/gcc/msp430/4.5.3/mmpy-16/libcrt0.a(__low_level_init.o)
                0x00004004                __low_level_init
 *(.init4)
 .init4         0x0000400e       0x16 /usr/lib/gcc/msp430/4.5.3/mmpy-16/libcrt0.a(_copy_data.o)
                0x0000400e                __do_copy_data
 .init4         0x00004024       0x14 /usr/lib/gcc/msp430/4.5.3/mmpy-16/libcrt0.a(_clear_bss.o)
                0x00004024                __do_clear_bss
 *(.init5)
 *(.init6)
 *(.init7)
 *(.init8)
 *(.init9)
 .init9         0x00004038      0x302 obj_sky/contiki-sky-main.o
                0x00004038                main
 *(.fini9)
 .fini9         0x0000433a        0x0 /usr/lib/gcc/msp430/4.5.3/mmpy-16/libcrt0.a(__stop_progExec__.o)
                0x0000433a                __stop_progExec__
 *(.fini8)
 *(.fini7)
 *(.fini6)
 *(.fini5)
 *(.fini4)
 *(.fini3)
 *(.fini2)
 *(.fini1)
 *(.fini0)
 .fini0         0x0000433a        0x6 /usr/lib/gcc/msp430/4.5.3/mmpy-16/libcrt0.a(_endless_loop__.o)
                0x0000433a                _endless_loop__
 *(.fini)
                0x00004340                . = ALIGN (0x2)
                0x00004340                __ctors_start = .
 *(.ctors)
                0x00004340                __ctors_end = .
                0x00004340                __dtors_start = .
 *(.dtors)
                0x00004340                __dtors_end = .
                0x00004340                . = ALIGN (0x2)
 *(.text)
 .text          0x00004340        0x4 /usr/lib/gcc/msp430/4.5.3/mmpy-16/crt0ivtbl16.o
                0x00004340                __isr_14
                0x00004340                __isr_11
                0x00004340                __isr_2
                0x00004340                __isr_7
                0x00004340                __isr_0
                0x00004340                __isr_8
                0x00004340                __isr_3
                0x00004340                __isr_12
                0x00004340                __isr_13
                0x00004340                __isr_9
 .text          0x00004344       0x34 fusion-demo.co
                0x00004374                autostart_processes
 .text          0x00004378       0xe2 obj_sky/contiki-sky-main.o
 .text          0x0000445a        0x2 contiki-sky.a(rimeaddr.o)
                0x0000445a                rimeaddr_null
 .text          0x0000445c        0xc contiki-sky.a(rime.o)
                0x00004462                rime_driver
 .text          0x00004468        0x4 contiki-sky.a(broadcast-annou)
 .text          0x0000446c        0x8 contiki-sky.a(broadcast.o)
 .text          0x00004474        0x2 contiki-sky.a(abc.o)
 .text          0x00004476       0x10 contiki-sky.a(chameleon-bitop)
                0x00004476                chameleon_bitopt
 .text          0x00004486       0x14 contiki-sky.a(csma.o)
                0x0000448c                csma_driver
 .text          0x0000449a       0x46 contiki-sky.a(contikimac.o)
                0x000044d0                contikimac_driver
 .text          0x000044e0        0xe contiki-sky.a(serial-line.o)
 .text          0x000044ee        0xc contiki-sky.a(etimer.o)
 .text          0x000044fa        0xf contiki-sky.a(ctimer.o)
 *fill*         0x00004509        0x1 00
 .text          0x0000450a        0xe contiki-sky.a(light-sensor.o)
                0x00004510                light_sensor
 .text          0x00004518       0x10 contiki-sky.a(button-sensor.o)
                0x00004520                button_sensor
 .text          0x00004528        0x8 contiki-sky.a(sensors.o)
 .text          0x00004530       0x22 contiki-sky.a(cc2420.o)
                0x0000453e                cc2420_driver
 .text          0x00004552        0x4 contiki-sky.a(framer-802154.o)
                0x00004552                framer_802154
 .text          0x00004556        0x2 contiki-sky.a(frame802154.o)
 .text          0x00004558      0x104 /usr/lib/gcc/msp430/4.5.3/../../../../msp430/lib/mmpy-16/libc.a(memcpy.o)
                0x00004558                memcpy
 .text          0x0000465c       0x66 /usr/lib/gcc/msp430/4.5.3/../../../../msp430/lib/mmpy-16/libc.a(memset.o)
                0x0000465c                memset
 .text          0x000046c2       0x20 /usr/lib/gcc/msp430/4.5.3/../../../../msp430/lib/mmpy-16/libc.a(printf.o)
                0x000046c2                printf
                0x000046d4                vprintf
 .text          0x000046e2      0x476 /usr/lib/gcc/msp430/4.5.3/../../../../msp430/lib/mmpy-16/libc.a(vuprintf.o)
                0x000047ee                vuprintf
 .text          0x00004b58       0x2c /usr/lib/gcc/msp430/4.5.3/../../../../msp430/lib/mmpy-16/libc.a(puts.o)
                0x00004b58                puts
 .text          0x00004b84      0x134 /usr/lib/gcc/msp430/4.5.3/../../../../msp430/lib/mmpy-16/libc.a(rand.o)
                0x00004b84                rand_r
                0x00004c18                rand
                0x00004cae                srand
                0x00004cb8                . = ALIGN (0x2)
 *(.text.*)
 .text.process_thread_sleepy_cusum_process
                0x00004cb8      0x4f6 fusion-demo.co
 .text.rimeaddr_copy
                0x000051ae        0xc contiki-sky.a(rimeaddr.o)
                0x000051ae                rimeaddr_copy
 .text.rimeaddr_cmp
                0x000051ba       0x1a contiki-sky.a(rimeaddr.o)
                0x000051ba                rimeaddr_cmp
 .text.rimeaddr_set_node_addr
                0x000051d4       0x10 contiki-sky.a(rimeaddr.o)
                0x000051d4                rimeaddr_set_node_addr
 .text.input    0x000051e4       0x42 contiki-sky.a(rime.o)
 .text.init     0x00005226       0x2e contiki-sky.a(rime.o)
 .text.packet_sent
                0x00005254       0x44 contiki-sky.a(rime.o)
 .text.rime_output
                0x00005298       0x28 contiki-sky.a(rime.o)
                0x00005298                rime_output
 .text.announcement_init
                0x000052c0        0xa contiki-sky.a(announcement.o)
                0x000052c0                announcement_init
 .text.announcement_register_observer_callback
                0x000052ca        0x6 contiki-sky.a(announcement.o)
                0x000052ca                announcement_register_observer_callback
 .text.announcement_list
                0x000052d0        0xa contiki-sky.a(announcement.o)
                0x000052d0                announcement_list
 .text.announcement_heard
                0x000052da       0x42 contiki-sky.a(announcement.o)
                0x000052da                announcement_heard
 .text.adv_packet_sent
                0x0000531c        0x2 contiki-sky.a(broadcast-annou)
 .text.adv_packet_received
                0x0000531e       0x6c contiki-sky.a(broadcast-annou)
 .text.set_timers
                0x0000538a       0x60 contiki-sky.a(broadcast-annou)
 .text.new_announcement
                0x000053ea       0x18 contiki-sky.a(broadcast-annou)
 .text.send_timer
                0x00005402       0x38 contiki-sky.a(broadcast-annou)
 .text.send_adv
                0x0000543a       0x66 contiki-sky.a(broadcast-annou)
 .text.broadcast_announcement_init
                0x000054a0       0x48 contiki-sky.a(broadcast-annou)
                0x000054a0                broadcast_announcement_init
 .text.sent_by_abc
                0x000054e8       0x10 contiki-sky.a(broadcast.o)
 .text.recv_from_abc
                0x000054f8       0x20 contiki-sky.a(broadcast.o)
 .text.broadcast_open
                0x00005518       0x2a contiki-sky.a(broadcast.o)
                0x00005518                broadcast_open
 .text.broadcast_send
                0x00005542       0x1a contiki-sky.a(broadcast.o)
                0x00005542                broadcast_send
 .text.abc_open
                0x0000555c       0x26 contiki-sky.a(abc.o)
                0x0000555c                abc_open
 .text.abc_send
                0x00005582        0x6 contiki-sky.a(abc.o)
                0x00005582                abc_send
 .text.abc_input
                0x00005588        0x8 contiki-sky.a(abc.o)
                0x00005588                abc_input
 .text.abc_sent
                0x00005590       0x10 contiki-sky.a(abc.o)
                0x00005590                abc_sent
 .text.chameleon_init
                0x000055a0        0x6 contiki-sky.a(chameleon.o)
                0x000055a0                chameleon_init
 .text.chameleon_parse
                0x000055a6       0x10 contiki-sky.a(chameleon.o)
                0x000055a6                chameleon_parse
 .text.chameleon_create
                0x000055b6       0x1c contiki-sky.a(chameleon.o)
                0x000055b6                chameleon_create
 .text.chameleon_hdrsize
                0x000055d2        0x6 contiki-sky.a(chameleon.o)
                0x000055d2                chameleon_hdrsize
 .text.channel_init
                0x000055d8        0xa contiki-sky.a(channel.o)
                0x000055d8                channel_init
 .text.channel_open
                0x000055e2       0x10 contiki-sky.a(channel.o)
                0x000055e2                channel_open
 .text.channel_lookup
                0x000055f2       0x20 contiki-sky.a(channel.o)
                0x000055f2                channel_lookup
 .text.channel_set_attributes
                0x00005612       0x24 contiki-sky.a(channel.o)
                0x00005612                channel_set_attributes
 .text.header_size
                0x00005636       0x16 contiki-sky.a(chameleon-bitop)
 .text.get_bits_in_byte
                0x0000564c       0x30 contiki-sky.a(chameleon-bitop)
                0x0000564c                get_bits_in_byte
 .text.get_bits
                0x0000567c       0xaa contiki-sky.a(chameleon-bitop)
                0x0000567c                get_bits
 .text.unpack_header
                0x00005726       0xde contiki-sky.a(chameleon-bitop)
 .text.set_bits_in_byte
                0x00005804       0x26 contiki-sky.a(chameleon-bitop)
                0x00005804                set_bits_in_byte
 .text.set_bits
                0x0000582a       0xb0 contiki-sky.a(chameleon-bitop)
                0x0000582a                set_bits
 .text.pack_header
                0x000058da       0xb8 contiki-sky.a(chameleon-bitop)
 .text.input_packet
                0x00005992        0x6 contiki-sky.a(csma.o)
 .text.on       0x00005998        0x6 contiki-sky.a(csma.o)
 .text.off      0x0000599e        0x6 contiki-sky.a(csma.o)
 .text.channel_check_interval
                0x000059a4        0xc contiki-sky.a(csma.o)
 .text.transmit_packet_list
                0x000059b0       0x24 contiki-sky.a(csma.o)
 .text.send_packet
                0x000059d4      0x172 contiki-sky.a(csma.o)
 .text.free_first_packet
                0x00005b46       0x98 contiki-sky.a(csma.o)
 .text.packet_sent
                0x00005bde       0xfe contiki-sky.a(csma.o)
 .text.init     0x00005cdc       0x1a contiki-sky.a(csma.o)
 .text.on       0x00005cf6       0x16 contiki-sky.a(contikimac.o)
 .text.off      0x00005d0c       0x1e contiki-sky.a(contikimac.o)
 .text.recv_burst_off
                0x00005d2a        0xa contiki-sky.a(contikimac.o)
 .text.turn_off
                0x00005d34       0x20 contiki-sky.a(contikimac.o)
 .text.duty_cycle
                0x00005d54        0x6 contiki-sky.a(contikimac.o)
 .text.turn_on  0x00005d5a       0x30 contiki-sky.a(contikimac.o)
 .text.schedule_powercycle_fixed
                0x00005d8a       0x4c contiki-sky.a(contikimac.o)
 .text.powercycle_turn_radio_off
                0x00005dd6       0x2c contiki-sky.a(contikimac.o)
 .text.powercycle
                0x00005e02      0x1cc contiki-sky.a(contikimac.o)
 .text.input_packet
                0x00005fce      0x118 contiki-sky.a(contikimac.o)
 .text.send_packet
                0x000060e6      0x2e2 contiki-sky.a(contikimac.o)
 .text.qsend_list
                0x000063c8       0x88 contiki-sky.a(contikimac.o)
 .text.qsend_packet
                0x00006450       0x26 contiki-sky.a(contikimac.o)
 .text.init     0x00006476       0x32 contiki-sky.a(contikimac.o)
 .text.send_packet
                0x000064a8       0x44 contiki-sky.a(phase.o)
 .text.find_neighbor
                0x000064ec       0x32 contiki-sky.a(phase.o)
                0x000064ec                find_neighbor
 .text.phase_update
                0x0000651e       0xb8 contiki-sky.a(phase.o)
                0x0000651e                phase_update
 .text.phase_wait
                0x000065d6      0x114 contiki-sky.a(phase.o)
                0x000065d6                phase_wait
 .text.phase_init
                0x000066ea       0x20 contiki-sky.a(phase.o)
                0x000066ea                phase_init
 .text.call_process
                0x0000670a       0x4c contiki-sky.a(process.o)
 .text.exit_process
                0x00006756       0x94 contiki-sky.a(process.o)
 .text.do_poll  0x000067ea       0x30 contiki-sky.a(process.o)
 .text.process_alloc_event
                0x0000681a        0xe contiki-sky.a(process.o)
                0x0000681a                process_alloc_event
 .text.process_init
                0x00006828       0x1c contiki-sky.a(process.o)
                0x00006828                process_init
 .text.process_run
                0x00006844       0x9c contiki-sky.a(process.o)
                0x00006844                process_run
 .text.process_nevents
                0x000068e0        0xc contiki-sky.a(process.o)
                0x000068e0                process_nevents
 .text.process_post
                0x000068ec       0x54 contiki-sky.a(process.o)
                0x000068ec                process_post
 .text.process_post_synch
                0x00006940       0x12 contiki-sky.a(process.o)
                0x00006940                process_post_synch
 .text.process_start
                0x00006952       0x32 contiki-sky.a(process.o)
                0x00006952                process_start
 .text.process_poll
                0x00006984       0x1a contiki-sky.a(process.o)
                0x00006984                process_poll
 .text.autostart_start
                0x0000699e       0x18 contiki-sky.a(autostart.o)
                0x0000699e                autostart_start
 .text.compower_accumulate
                0x000069b6       0x72 contiki-sky.a(compower.o)
                0x000069b6                compower_accumulate
 .text.compower_clear
                0x00006a28       0x12 contiki-sky.a(compower.o)
                0x00006a28                compower_clear
 .text.compower_attrconv
                0x00006a3a       0x10 contiki-sky.a(compower.o)
                0x00006a3a                compower_attrconv
 .text.process_thread_serial_line_process
                0x00006a4a       0xa6 contiki-sky.a(serial-line.o)
 .text.serial_line_input_byte
                0x00006af0       0x46 contiki-sky.a(serial-line.o)
                0x00006af0                serial_line_input_byte
 .text.serial_line_init
                0x00006b36       0x1c contiki-sky.a(serial-line.o)
                0x00006b36                serial_line_init
 .text.memb_init
                0x00006b52       0x36 contiki-sky.a(memb.o)
                0x00006b52                memb_init
 .text.memb_alloc
                0x00006b88       0x3e contiki-sky.a(memb.o)
                0x00006b88                memb_alloc
 .text.memb_free
                0x00006bc6       0x3a contiki-sky.a(memb.o)
                0x00006bc6                memb_free
 .text.memb_inmemb
                0x00006c00       0x2e contiki-sky.a(memb.o)
                0x00006c00                memb_inmemb
 .text.timer_set
                0x00006c2e       0x1c contiki-sky.a(timer.o)
                0x00006c2e                timer_set
 .text.timer_reset
                0x00006c4a        0xe contiki-sky.a(timer.o)
                0x00006c4a                timer_reset
 .text.timer_expired
                0x00006c58       0x2e contiki-sky.a(timer.o)
                0x00006c58                timer_expired
 .text.list_init
                0x00006c86        0x6 contiki-sky.a(list.o)
                0x00006c86                list_init
 .text.list_head
                0x00006c8c        0x4 contiki-sky.a(list.o)
                0x00006c8c                list_head
 .text.list_tail
                0x00006c90       0x14 contiki-sky.a(list.o)
                0x00006c90                list_tail
 .text.list_chop
                0x00006ca4       0x2a contiki-sky.a(list.o)
                0x00006ca4                list_chop
 .text.list_pop
                0x00006cce        0xe contiki-sky.a(list.o)
                0x00006cce                list_pop
 .text.list_remove
                0x00006cdc       0x2e contiki-sky.a(list.o)
                0x00006cdc                list_remove
 .text.list_push
                0x00006d0a       0x1a contiki-sky.a(list.o)
                0x00006d0a                list_push
 .text.list_add
                0x00006d24       0x2a contiki-sky.a(list.o)
                0x00006d24                list_add
 .text.list_length
                0x00006d4e       0x10 contiki-sky.a(list.o)
                0x00006d4e                list_length
 .text.list_item_next
                0x00006d5e        0x8 contiki-sky.a(list.o)
                0x00006d5e                list_item_next
 .text.update_time
                0x00006d66       0x78 contiki-sky.a(etimer.o)
 .text.etimer_request_poll
                0x00006dde        0xa contiki-sky.a(etimer.o)
                0x00006dde                etimer_request_poll
 .text.process_thread_etimer_process
                0x00006de8       0xce contiki-sky.a(etimer.o)
 .text.add_timer
                0x00006eb6       0x38 contiki-sky.a(etimer.o)
 .text.etimer_set
                0x00006eee       0x12 contiki-sky.a(etimer.o)
                0x00006eee                etimer_set
 .text.etimer_reset
                0x00006f00       0x12 contiki-sky.a(etimer.o)
                0x00006f00                etimer_reset
 .text.etimer_expired
                0x00006f12        0xe contiki-sky.a(etimer.o)
                0x00006f12                etimer_expired
 .text.etimer_pending
                0x00006f20        0xe contiki-sky.a(etimer.o)
                0x00006f20                etimer_pending
 .text.etimer_next_expiration_time
                0x00006f2e       0x16 contiki-sky.a(etimer.o)
                0x00006f2e                etimer_next_expiration_time
 .text.etimer_stop
                0x00006f44       0x3c contiki-sky.a(etimer.o)
                0x00006f44                etimer_stop
 .text.process_thread_ctimer_process
                0x00006f80       0xa4 contiki-sky.a(ctimer.o)
 .text.ctimer_init
                0x00007024       0x18 contiki-sky.a(ctimer.o)
                0x00007024                ctimer_init
 .text.ctimer_set
                0x0000703c       0x5a contiki-sky.a(ctimer.o)
                0x0000703c                ctimer_set
 .text.ctimer_reset
                0x00007096       0x3a contiki-sky.a(ctimer.o)
                0x00007096                ctimer_reset
 .text.ctimer_stop
                0x000070d0       0x28 contiki-sky.a(ctimer.o)
                0x000070d0                ctimer_stop
 .text.energest_init
                0x000070f8       0x2a contiki-sky.a(energest.o)
                0x000070f8                energest_init
 .text.energest_type_time
                0x00007122       0x44 contiki-sky.a(energest.o)
                0x00007122                energest_type_time
 .text.energest_type_set
                0x00007166        0xe contiki-sky.a(energest.o)
                0x00007166                energest_type_set
 .text.energest_flush
                0x00007174       0x4a contiki-sky.a(energest.o)
                0x00007174                energest_flush
 .text.rtimer_init
                0x000071be        0x6 contiki-sky.a(rtimer.o)
                0x000071be                rtimer_init
 .text.rtimer_set
                0x000071c4       0x24 contiki-sky.a(rtimer.o)
                0x000071c4                rtimer_set
 .text.rtimer_run_next
                0x000071e8       0x26 contiki-sky.a(rtimer.o)
                0x000071e8                rtimer_run_next
 .text.random_init
                0x0000720e        0x6 contiki-sky.a(random.o)
                0x0000720e                random_init
 .text.random_rand
                0x00007214        0x6 contiki-sky.a(random.o)
                0x00007214                random_rand
 .text.ringbuf_init
                0x0000721a       0x14 contiki-sky.a(ringbuf.o)
                0x0000721a                ringbuf_init
 .text.ringbuf_put
                0x0000722e       0x3c contiki-sky.a(ringbuf.o)
                0x0000722e                ringbuf_put
 .text.ringbuf_get
                0x0000726a       0x32 contiki-sky.a(ringbuf.o)
                0x0000726a                ringbuf_get
 .text.mypow2   0x0000729c       0x26 contiki-sky.a(sky-math.o)
                0x0000729c                mypow2
 .text.qlog     0x000072c2      0x11c contiki-sky.a(sky-math.o)
                0x000072c2                qlog
 .text.mysqrt   0x000073de       0x34 contiki-sky.a(sky-math.o)
                0x000073de                mysqrt
 .text.packetbuf_copyto_hdr
                0x00007412       0x1c contiki-sky.a(packetbuf.o)
                0x00007412                packetbuf_copyto_hdr
 .text.packetbuf_copyto
                0x0000742e       0x52 contiki-sky.a(packetbuf.o)
                0x0000742e                packetbuf_copyto
 .text.packetbuf_hdr_remove
                0x00007480        0x6 contiki-sky.a(packetbuf.o)
                0x00007480                packetbuf_hdr_remove
 .text.packetbuf_hdrreduce
                0x00007486       0x1a contiki-sky.a(packetbuf.o)
                0x00007486                packetbuf_hdrreduce
 .text.packetbuf_set_datalen
                0x000074a0        0x6 contiki-sky.a(packetbuf.o)
                0x000074a0                packetbuf_set_datalen
 .text.packetbuf_dataptr
                0x000074a6        0xa contiki-sky.a(packetbuf.o)
                0x000074a6                packetbuf_dataptr
 .text.packetbuf_hdrptr
                0x000074b0        0xa contiki-sky.a(packetbuf.o)
                0x000074b0                packetbuf_hdrptr
 .text.packetbuf_is_reference
                0x000074ba        0xe contiki-sky.a(packetbuf.o)
                0x000074ba                packetbuf_is_reference
 .text.packetbuf_compact
                0x000074c8       0x48 contiki-sky.a(packetbuf.o)
                0x000074c8                packetbuf_compact
 .text.packetbuf_reference_ptr
                0x00007510        0x6 contiki-sky.a(packetbuf.o)
                0x00007510                packetbuf_reference_ptr
 .text.packetbuf_datalen
                0x00007516        0x6 contiki-sky.a(packetbuf.o)
                0x00007516                packetbuf_datalen
 .text.packetbuf_totlen
                0x0000751c       0x10 contiki-sky.a(packetbuf.o)
                0x0000751c                packetbuf_totlen
 .text.packetbuf_hdralloc
                0x0000752c       0x2e contiki-sky.a(packetbuf.o)
                0x0000752c                packetbuf_hdralloc
 .text.packetbuf_attr_clear
                0x0000755a       0x2e contiki-sky.a(packetbuf.o)
                0x0000755a                packetbuf_attr_clear
 .text.packetbuf_clear
                0x00007588       0x20 contiki-sky.a(packetbuf.o)
                0x00007588                packetbuf_clear
 .text.packetbuf_copyfrom
                0x000075a8       0x2e contiki-sky.a(packetbuf.o)
                0x000075a8                packetbuf_copyfrom
 .text.packetbuf_attr_copyto
                0x000075d6       0x20 contiki-sky.a(packetbuf.o)
                0x000075d6                packetbuf_attr_copyto
 .text.packetbuf_attr_copyfrom
                0x000075f6       0x2c contiki-sky.a(packetbuf.o)
                0x000075f6                packetbuf_attr_copyfrom
 .text.queuebuf_init
                0x00007622       0x1a contiki-sky.a(queuebuf.o)
                0x00007622                queuebuf_init
 .text.queuebuf_new_from_packetbuf
                0x0000763c       0x80 contiki-sky.a(queuebuf.o)
                0x0000763c                queuebuf_new_from_packetbuf
 .text.queuebuf_update_attr_from_packetbuf
                0x000076bc       0x12 contiki-sky.a(queuebuf.o)
                0x000076bc                queuebuf_update_attr_from_packetbuf
 .text.queuebuf_free
                0x000076ce       0x46 contiki-sky.a(queuebuf.o)
                0x000076ce                queuebuf_free
 .text.queuebuf_to_packetbuf
                0x00007714       0x70 contiki-sky.a(queuebuf.o)
                0x00007714                queuebuf_to_packetbuf
 .text.init_platform
                0x00007784        0xc contiki-sky.a(contiki-sky-pla)
                0x00007784                init_platform
 .text.value    0x00007790       0x1a contiki-sky.a(light-sensor.o)
 .text.status   0x000077aa        0xc contiki-sky.a(light-sensor.o)
 .text.configure
                0x000077b6       0x10 contiki-sky.a(light-sensor.o)
 .text.status   0x000077c6       0x16 contiki-sky.a(button-sensor.o)
 .text.configure
                0x000077dc       0x4a contiki-sky.a(button-sensor.o)
 .text.value    0x00007826       0x26 contiki-sky.a(button-sensor.o)
 .text.irq_p2   0x0000784c       0x92 contiki-sky.a(button-sensor.o)
                0x0000784c                irq_p2
                0x0000784c                __isr_1
 .text.crc8_add
                0x000078de       0x1a contiki-sky.a(ds2411.o)
 .text.owreadb  0x000078f8       0x56 contiki-sky.a(ds2411.o)
 .text.ds2411_init
                0x0000794e      0x10a contiki-sky.a(ds2411.o)
                0x0000794e                ds2411_init
 .text.wait_ready
                0x00007a58       0x4e contiki-sky.a(xmem.o)
 .text.xmem_init
                0x00007aa6       0x3c contiki-sky.a(xmem.o)
                0x00007aa6                xmem_init
 .text.xmem_pread
                0x00007ae2       0xdc contiki-sky.a(xmem.o)
                0x00007ae2                xmem_pread
 .text.node_id_restore
                0x00007bbe       0x38 contiki-sky.a(node-id.o)
                0x00007bbe                node_id_restore
 .text.get_sensor_index
                0x00007bf6       0x22 contiki-sky.a(sensors.o)
 .text.process_thread_sensors_process
                0x00007c18       0xc2 contiki-sky.a(sensors.o)
 .text.sensors_changed
                0x00007cda       0x14 contiki-sky.a(sensors.o)
                0x00007cda                sensors_changed
 .text.strobe   0x00007cee       0x1e contiki-sky.a(cc2420.o)
 .text.status   0x00007d0c       0x24 contiki-sky.a(cc2420.o)
 .text.getreg   0x00007d30       0x50 contiki-sky.a(cc2420.o)
 .text.setreg   0x00007d80       0x48 contiki-sky.a(cc2420.o)
 .text.set_txpower
                0x00007dc8       0x2a contiki-sky.a(cc2420.o)
 .text.cc2420_receiving_packet
                0x00007df2       0x10 contiki-sky.a(cc2420.o)
 .text.pending_packet
                0x00007e02        0x8 contiki-sky.a(cc2420.o)
 .text.on       0x00007e0a       0x46 contiki-sky.a(cc2420.o)
 .text.flushrx  0x00007e50       0x74 contiki-sky.a(cc2420.o)
 .text.off      0x00007ec4       0x78 contiki-sky.a(cc2420.o)
 .text.RELEASE_LOCK
                0x00007f3c       0x28 contiki-sky.a(cc2420.o)
 .text.cc2420_prepare
                0x00007f64       0x8a contiki-sky.a(cc2420.o)
 .text.cc2420_on
                0x00007fee       0x22 contiki-sky.a(cc2420.o)
                0x00007fee                cc2420_on
 .text.cc2420_off
                0x00008010       0x30 contiki-sky.a(cc2420.o)
                0x00008010                cc2420_off
 .text.cc2420_cca
                0x00008040       0x7a contiki-sky.a(cc2420.o)
 .text.getrxdata
                0x000080ba       0x4e contiki-sky.a(cc2420.o)
 .text.cc2420_read
                0x00008108      0x11a contiki-sky.a(cc2420.o)
 .text.process_thread_cc2420_process
                0x00008222       0x50 contiki-sky.a(cc2420.o)
 .text.cc2420_set_channel
                0x00008272       0x7a contiki-sky.a(cc2420.o)
                0x00008272                cc2420_set_channel
 .text.cc2420_set_pan_addr
                0x000082ec      0x13a contiki-sky.a(cc2420.o)
                0x000082ec                cc2420_set_pan_addr
 .text.cc2420_init
                0x00008426       0xd4 contiki-sky.a(cc2420.o)
                0x00008426                cc2420_init
 .text.cc2420_interrupt
                0x000084fa       0x20 contiki-sky.a(cc2420.o)
                0x000084fa                cc2420_interrupt
 .text.cc2420_get_txpower
                0x0000851a       0x1e contiki-sky.a(cc2420.o)
                0x0000851a                cc2420_get_txpower
 .text.cc2420_transmit
                0x00008538      0x1ac contiki-sky.a(cc2420.o)
 .text.cc2420_send
                0x000086e4       0x12 contiki-sky.a(cc2420.o)
 .text.cc2420_port1_interrupt
                0x000086f6       0x6a contiki-sky.a(cc2420-arch.o)
                0x000086f6                __isr_4
                0x000086f6                cc2420_port1_interrupt
 .text.cc2420_arch_init
                0x00008760       0x1a contiki-sky.a(cc2420-arch.o)
                0x00008760                cc2420_arch_init
 .text.sky_sensors_status
                0x0000877a       0x3c contiki-sky.a(sky-sensors.o)
                0x0000877a                sky_sensors_status
 .text.sky_sensors_configure
                0x000087b6       0xf6 contiki-sky.a(sky-sensors.o)
                0x000087b6                sky_sensors_configure
 .text.handle_rxdma_timer
                0x000088ac       0x42 contiki-sky.a(uart1.o)
 .text.uart1_active
                0x000088ee       0x18 contiki-sky.a(uart1.o)
                0x000088ee                uart1_active
 .text.uart1_set_input
                0x00008906       0x20 contiki-sky.a(uart1.o)
                0x00008906                uart1_set_input
 .text.uart1_writeb
                0x00008926       0x1a contiki-sky.a(uart1.o)
                0x00008926                uart1_writeb
 .text.uart1_init
                0x00008940       0xee contiki-sky.a(uart1.o)
                0x00008940                uart1_init
 .text.putchar  0x00008a2e        0xe contiki-sky.a(uart1-putchar.o)
                0x00008a2e                putchar
 .text.msp430_init_dco
                0x00008a3c       0x74 contiki-sky.a(msp430.o)
                0x00008a3c                msp430_init_dco
 .text.msp430_add_lpm_req
                0x00008ab0        0xa contiki-sky.a(msp430.o)
                0x00008ab0                msp430_add_lpm_req
 .text.msp430_cpu_init
                0x00008aba       0x2a contiki-sky.a(msp430.o)
                0x00008aba                msp430_cpu_init
 .text.splhigh_
                0x00008ae4        0x8 contiki-sky.a(msp430.o)
                0x00008ae4                splhigh_
 .text.msp430_sync_dco
                0x00008aec       0x60 contiki-sky.a(msp430.o)
                0x00008aec                msp430_sync_dco
 .text.timera1  0x00008b4c       0xee contiki-sky.a(clock.o)
                0x00008b4c                __isr_5
                0x00008b4c                timera1
 .text.clock_time
                0x00008c3a       0x1a contiki-sky.a(clock.o)
                0x00008c3a                clock_time
 .text.clock_init
                0x00008c54       0x28 contiki-sky.a(clock.o)
                0x00008c54                clock_init
 .text.clock_delay
                0x00008c7c        0xc contiki-sky.a(clock.o)
                0x00008c7c                clock_delay
 .text.show_leds
                0x00008c88      0x10c contiki-sky.a(leds.o)
 .text.leds_init
                0x00008d94        0xe contiki-sky.a(leds.o)
                0x00008d94                leds_init
 .text.leds_on  0x00008da2       0x14 contiki-sky.a(leds.o)
                0x00008da2                leds_on
 .text.leds_off
                0x00008db6       0x14 contiki-sky.a(leds.o)
                0x00008db6                leds_off
 .text.leds_arch_init
                0x00008dca        0xe contiki-sky.a(leds-arch.o)
                0x00008dca                leds_arch_init
 .text.leds_arch_set
                0x00008dd8       0x3a contiki-sky.a(leds-arch.o)
                0x00008dd8                leds_arch_set
 .text.watchdog_interrupt
                0x00008e12        0x6 contiki-sky.a(watchdog.o)
                0x00008e12                __isr_10
                0x00008e12                watchdog_interrupt
 .text.watchdog_start
                0x00008e18       0x14 contiki-sky.a(watchdog.o)
                0x00008e18                watchdog_start
 .text.watchdog_periodic
                0x00008e2c       0x12 contiki-sky.a(watchdog.o)
                0x00008e2c                watchdog_periodic
 .text.watchdog_stop
                0x00008e3e       0x16 contiki-sky.a(watchdog.o)
                0x00008e3e                watchdog_stop
 .text.watchdog_init
                0x00008e54       0x14 contiki-sky.a(watchdog.o)
                0x00008e54                watchdog_init
 .text.rtimer_arch_init
                0x00008e68        0xe contiki-sky.a(rtimer-arch.o)
                0x00008e68                rtimer_arch_init
 .text.rtimer_arch_now
                0x00008e76        0xe contiki-sky.a(rtimer-arch.o)
                0x00008e76                rtimer_arch_now
 .text.timera0  0x00008e84       0x76 contiki-sky.a(rtimer-arch.o)
                0x00008e84                __isr_6
                0x00008e84                timera0
 .text.rtimer_arch_schedule
                0x00008efa        0x6 contiki-sky.a(rtimer-arch.o)
                0x00008efa                rtimer_arch_schedule
 .text.mac_call_sent_callback
                0x00008f00       0x14 contiki-sky.a(mac.o)
                0x00008f00                mac_call_sent_callback
 .text.parse    0x00008f14       0xa8 contiki-sky.a(framer-802154.o)
 .text.create   0x00008fbc      0x10e contiki-sky.a(framer-802154.o)
 .text.spi_init
                0x000090ca       0x32 contiki-sky.a(spi.o)
                0x000090ca                spi_init
 .text.field_len
                0x000090fc       0x98 contiki-sky.a(frame802154.o)
 .text.frame802154_hdrlen
                0x00009194       0x26 contiki-sky.a(frame802154.o)
                0x00009194                frame802154_hdrlen
 .text.frame802154_create
                0x000091ba      0x16c contiki-sky.a(frame802154.o)
                0x000091ba                frame802154_create
 .text.frame802154_parse
                0x00009326      0x1a0 contiki-sky.a(frame802154.o)
                0x00009326                frame802154_parse
 .text.libgcc   0x000094c6       0x20 /usr/lib/gcc/msp430/4.5.3/mmpy-16/libgcc.a(_mulsi3.o)
                0x000094c6                __mulsi3
 .text.libgcc   0x000094e6       0x1c /usr/lib/gcc/msp430/4.5.3/mmpy-16/libgcc.a(_udivmodhi4.o)
                0x000094e6                __udivmodhi4
 .text.libgcc   0x00009502       0x36 /usr/lib/gcc/msp430/4.5.3/mmpy-16/libgcc.a(_divmodhi4.o)
                0x00009502                __divmodhi4
 .text.libgcc   0x00009538       0x2a /usr/lib/gcc/msp430/4.5.3/mmpy-16/libgcc.a(_udivmodsi4.o)
                0x00009538                __udivmodsi4
 .text.crt0     0x00009562        0x2 /usr/lib/gcc/msp430/4.5.3/mmpy-16/libcrt0.a(_unexpected_.o)
                0x00009562                _unexpected_

.rodata         0x00009564        0x0
                0x00009564                . = ALIGN (0x2)
 *(.rodata .rodata.* .gnu.linkonce.r.*)
                0x00009564                . = ALIGN (0x2)
                0x00009564                _etext = .

.data           0x00001100       0xf2 load address 0x00009564
                0x00001100                . = ALIGN (0x2)
                0x00001100                PROVIDE (__data_start, .)
 *(.data)
 .data          0x00001100       0x10 fusion-demo.co
                0x00001100                sleepy_cusum_process
 .data          0x00001110       0x18 contiki-sky.a(csma.o)
 .data          0x00001128        0xe contiki-sky.a(contikimac.o)
                0x00001128                phase_list
 .data          0x00001136        0x8 contiki-sky.a(phase.o)
 .data          0x0000113e        0xa contiki-sky.a(serial-line.o)
                0x0000113e                serial_line_process
 .data          0x00001148        0xa contiki-sky.a(etimer.o)
                0x00001148                etimer_process
 .data          0x00001152        0xa contiki-sky.a(ctimer.o)
                0x00001152                ctimer_process
 .data          0x0000115c       0x60 contiki-sky.a(sky-math.o)
                0x0000115c                log_table
                0x0000117c                k_table
                0x0000119c                atantable
 .data          0x000011bc       0x18 contiki-sky.a(queuebuf.o)
 .data          0x000011d4        0x4 contiki-sky.a(contiki-sky-pla)
                0x000011d4                sensors
 .data          0x000011d8        0xa contiki-sky.a(sensors.o)
                0x000011d8                sensors_process
 .data          0x000011e2        0xa contiki-sky.a(cc2420.o)
                0x000011e2                cc2420_process
 .data          0x000011ec        0x2 contiki-sky.a(msp430.o)
 .data          0x000011ee        0x4 /usr/lib/gcc/msp430/4.5.3/../../../../msp430/lib/mmpy-16/libc.a(rand.o)
 *(SORT(.data.*))
                0x000011f2                . = ALIGN (0x2)
 *(.gnu.linkonce.d*)
                0x000011f2                . = ALIGN (0x2)
                0x000011f2                _edata = .
                0x00009564                PROVIDE (__data_load_start, LOADADDR (.data))
                0x000000f2                PROVIDE (__data_size, SIZEOF (.data))

.bss            0x000011f2     0x153a load address 0x00009656
                0x000011f2                PROVIDE (__bss_start, .)
 *(.bss)
 .bss           0x000011f2       0x1a fusion-demo.co
 .bss           0x0000120c        0xc obj_sky/contiki-sky-main.o
 .bss           0x00001218        0x2 contiki-sky.a(rime.o)
 .bss           0x0000121a        0x6 contiki-sky.a(announcement.o)
 .bss           0x00001220       0x46 contiki-sky.a(broadcast-annou)
 .bss           0x00001266        0x2 contiki-sky.a(channel.o)
 .bss           0x00001268      0x126 contiki-sky.a(csma.o)
 .bss           0x0000138e      0x27a contiki-sky.a(contikimac.o)
 .bss           0x00001608       0xe8 contiki-sky.a(phase.o)
 .bss           0x000016f0       0x42 contiki-sky.a(process.o)
                0x000016f0                process_list
                0x000016f2                process_current
 .bss           0x00001732        0x8 contiki-sky.a(compower.o)
 .bss           0x0000173a      0x10a contiki-sky.a(serial-line.o)
 .bss           0x00001844        0x6 contiki-sky.a(etimer.o)
 .bss           0x0000184a        0x4 contiki-sky.a(ctimer.o)
 .bss           0x0000184e        0x2 contiki-sky.a(rtimer.o)
 .bss           0x00001850        0x6 contiki-sky.a(sky-math.o)
 .bss           0x00001856       0xba contiki-sky.a(packetbuf.o)
 .bss           0x00001910      0xc4e contiki-sky.a(queuebuf.o)
 .bss           0x0000255e        0x8 contiki-sky.a(button-sensor.o)
 .bss           0x00002566        0x2 contiki-sky.a(node-id.o)
                0x00002566                node_id
 .bss           0x00002568        0x6 contiki-sky.a(sensors.o)
 .bss           0x0000256e        0xa contiki-sky.a(cc2420.o)
 .bss           0x00002578        0x4 contiki-sky.a(sky-sensors.o)
 .bss           0x0000257c       0x9a contiki-sky.a(uart1.o)
 .bss           0x00002616        0xa contiki-sky.a(clock.o)
 .bss           0x00002620        0x2 contiki-sky.a(leds.o)
 .bss           0x00002622        0x2 contiki-sky.a(watchdog.o)
 .bss           0x00002624        0x2 contiki-sky.a(framer-802154.o)
 *(SORT(.bss.*))
 *(COMMON)
 COMMON         0x00002626        0x2 contiki-sky.a(rimeaddr.o)
                0x00002626                rimeaddr_node_addr
 COMMON         0x00002628       0x48 contiki-sky.a(rimestats.o)
                0x00002628                rimestats
 COMMON         0x00002670        0x1 contiki-sky.a(process.o)
                0x00002670                process_maxevents
 *fill*         0x00002671        0x1 00
 COMMON         0x00002672        0x8 contiki-sky.a(compower.o)
                0x00002672                compower_idle_activity
 COMMON         0x0000267a        0x1 contiki-sky.a(serial-line.o)
                0x0000267a                serial_line_event_message
 *fill*         0x0000267b        0x1 00
 COMMON         0x0000267c       0x56 contiki-sky.a(energest.o)
                0x0000267c                energest_total_time
                0x000026ac                energest_total_count
                0x000026ae                energest_current_mode
                0x000026ba                energest_current_time
 COMMON         0x000026d2       0x38 contiki-sky.a(packetbuf.o)
                0x000026d2                packetbuf_addrs
                0x000026da                packetbuf_attrs
 COMMON         0x0000270a        0x2 contiki-sky.a(contiki-sky-pla)
                0x0000270a                sensors_flags
 COMMON         0x0000270c        0x8 contiki-sky.a(ds2411.o)
                0x0000270c                ds2411_id
 COMMON         0x00002714        0x1 contiki-sky.a(sensors.o)
                0x00002714                sensors_event
 *fill*         0x00002715        0x1 00
 COMMON         0x00002716       0x14 contiki-sky.a(cc2420.o)
                0x00002716                cc2420_last_rssi
                0x00002718                cc2420_packets_read
                0x0000271a                cc2420_packets_seen
                0x0000271c                cc2420_sfd_start_time
                0x0000271e                cc2420_time_of_departure
                0x00002720                cc2420_time_of_arrival
                0x00002722                cc2420_last_correlation
                0x00002724                cc2420_authority_level_of_sender
                0x00002726                cc2420_sfd_counter
                0x00002728                cc2420_sfd_end_time
 COMMON         0x0000272a        0x2 contiki-sky.a(msp430.o)
                0x0000272a                msp430_dco_required
                0x0000272c                PROVIDE (__bss_end, .)
                0x0000272c                _end = .
                0x0000153a                PROVIDE (__bss_size, SIZEOF (.bss))

.noinit         0x0000272c        0x0 load address 0x00009656
                0x0000272c                PROVIDE (__noinit_start, .)
 *(.noinit)
 *(.noinit.*)
 *(COMMON)
                0x0000272c                PROVIDE (__noinit_end, .)
                0x0000272c                _end = .

.infomem        0x00001000        0x0
 *(.infomem)
                0x00001000                . = ALIGN (0x2)
 *(.infomem.*)

.infomemnobits  0x00001000        0x0
                0x00001000                . = ALIGN (0x2)
 *(.infomemnobits)
                0x00001000                . = ALIGN (0x2)
 *(.infomemnobits.*)

.vectors        0x0000ffe0       0x20
                0x0000ffe0                PROVIDE (__vectors_start, .)
 *(.vectors*)
 .vectors       0x0000ffe0       0x20 /usr/lib/gcc/msp430/4.5.3/mmpy-16/crt0ivtbl16.o
                0x0000ffe0                __ivtbl_16
                0x00010000                _vectors_end = .

.fartext        0x00000000        0x0
                0x00000000                . = ALIGN (0x2)
 *(.fartext)
                0x00000000                . = ALIGN (0x2)
 *(.fartext.*)
                0x00000000                _efartext = .

.profiler
 *(.profiler)

.stab
 *(.stab)

.stabstr
 *(.stabstr)

.stab.excl
 *(.stab.excl)

.stab.exclstr
 *(.stab.exclstr)

.stab.index
 *(.stab.index)

.stab.indexstr
 *(.stab.indexstr)

.comment
 *(.comment)

.debug
 *(.debug)

.line
 *(.line)

.debug_srcinfo
 *(.debug_srcinfo)

.debug_sfnames
 *(.debug_sfnames)

.debug_aranges  0x00000000      0x980
 *(.debug_aranges)
 .debug_aranges
                0x00000000       0x14 fusion-demo.co
 .debug_aranges
                0x00000014       0x18 obj_sky/contiki-sky-main.o
 .debug_aranges
                0x0000002c       0x1c contiki-sky.a(rimeaddr.o)
 .debug_aranges
                0x00000048       0x28 contiki-sky.a(rime.o)
 .debug_aranges
                0x00000070       0x3c contiki-sky.a(announcement.o)
 .debug_aranges
                0x000000ac       0x34 contiki-sky.a(broadcast-annou)
 .debug_aranges
                0x000000e0       0x24 contiki-sky.a(broadcast.o)
 .debug_aranges
                0x00000104       0x24 contiki-sky.a(abc.o)
 .debug_aranges
                0x00000128       0x20 contiki-sky.a(chameleon.o)
 .debug_aranges
                0x00000148       0x24 contiki-sky.a(channel.o)
 .debug_aranges
                0x0000016c       0x2c contiki-sky.a(chameleon-bitop)
 .debug_aranges
                0x00000198       0x34 contiki-sky.a(csma.o)
 .debug_aranges
                0x000001cc       0x4c contiki-sky.a(contikimac.o)
 .debug_aranges
                0x00000218       0x28 contiki-sky.a(phase.o)
 .debug_aranges
                0x00000240       0x44 contiki-sky.a(process.o)
 .debug_aranges
                0x00000284       0x18 contiki-sky.a(autostart.o)
 .debug_aranges
                0x0000029c       0x24 contiki-sky.a(compower.o)
 .debug_aranges
                0x000002c0       0x1c contiki-sky.a(serial-line.o)
 .debug_aranges
                0x000002dc       0x20 contiki-sky.a(memb.o)
 .debug_aranges
                0x000002fc       0x24 contiki-sky.a(timer.o)
 .debug_aranges
                0x00000320       0x40 contiki-sky.a(list.o)
 .debug_aranges
                0x00000360       0x48 contiki-sky.a(etimer.o)
 .debug_aranges
                0x000003a8       0x2c contiki-sky.a(ctimer.o)
 .debug_aranges
                0x000003d4       0x24 contiki-sky.a(energest.o)
 .debug_aranges
                0x000003f8       0x1c contiki-sky.a(rtimer.o)
 .debug_aranges
                0x00000414       0x18 contiki-sky.a(random.o)
 .debug_aranges
                0x0000042c       0x24 contiki-sky.a(ringbuf.o)
 .debug_aranges
                0x00000450       0x34 contiki-sky.a(sky-math.o)
 .debug_aranges
                0x00000484       0x64 contiki-sky.a(packetbuf.o)
 .debug_aranges
                0x000004e8       0x38 contiki-sky.a(queuebuf.o)
 .debug_aranges
                0x00000520       0x14 contiki-sky.a(contiki-sky-pla)
 .debug_aranges
                0x00000534       0x1c contiki-sky.a(light-sensor.o)
 .debug_aranges
                0x00000550       0x20 contiki-sky.a(button-sensor.o)
 .debug_aranges
                0x00000570       0x1c contiki-sky.a(ds2411.o)
 .debug_aranges
                0x0000058c       0x28 contiki-sky.a(xmem.o)
 .debug_aranges
                0x000005b4       0x18 contiki-sky.a(node-id.o)
 .debug_aranges
                0x000005cc       0x28 contiki-sky.a(sensors.o)
 .debug_aranges
                0x000005f4       0x88 contiki-sky.a(cc2420.o)
 .debug_aranges
                0x0000067c       0x18 contiki-sky.a(cc2420-arch.o)
 .debug_aranges
                0x00000694       0x18 contiki-sky.a(sky-sensors.o)
 .debug_aranges
                0x000006ac       0x24 contiki-sky.a(uart1.o)
 .debug_aranges
                0x000006d0       0x14 contiki-sky.a(uart1-putchar.o)
 .debug_aranges
                0x000006e4       0x2c contiki-sky.a(msp430.o)
 .debug_aranges
                0x00000710       0x3c contiki-sky.a(clock.o)
 .debug_aranges
                0x0000074c       0x30 contiki-sky.a(leds.o)
 .debug_aranges
                0x0000077c       0x1c contiki-sky.a(leds-arch.o)
 .debug_aranges
                0x00000798       0x28 contiki-sky.a(watchdog.o)
 .debug_aranges
                0x000007c0       0x20 contiki-sky.a(rtimer-arch.o)
 .debug_aranges
                0x000007e0       0x14 contiki-sky.a(mac.o)
 .debug_aranges
                0x000007f4       0x18 contiki-sky.a(framer-802154.o)
 .debug_aranges
                0x0000080c       0x14 contiki-sky.a(spi.o)
 .debug_aranges
                0x00000820       0x20 contiki-sky.a(frame802154.o)
 .debug_aranges
                0x00000840       0x14 /usr/lib/gcc/msp430/4.5.3/mmpy-16/libgcc.a(_mulsi3.o)
 .debug_aranges
                0x00000854       0x14 /usr/lib/gcc/msp430/4.5.3/mmpy-16/libgcc.a(_udivmodhi4.o)
 .debug_aranges
                0x00000868       0x14 /usr/lib/gcc/msp430/4.5.3/mmpy-16/libgcc.a(_divmodhi4.o)
 .debug_aranges
                0x0000087c       0x14 /usr/lib/gcc/msp430/4.5.3/mmpy-16/libgcc.a(_udivmodsi4.o)
 .debug_aranges
                0x00000890       0x14 /usr/lib/gcc/msp430/4.5.3/../../../../msp430/lib/mmpy-16/libc.a(memcpy.o)
 .debug_aranges
                0x000008a4       0x14 /usr/lib/gcc/msp430/4.5.3/../../../../msp430/lib/mmpy-16/libc.a(memset.o)
 .debug_aranges
                0x000008b8       0x14 /usr/lib/gcc/msp430/4.5.3/../../../../msp430/lib/mmpy-16/libc.a(printf.o)
 .debug_aranges
                0x000008cc       0x14 /usr/lib/gcc/msp430/4.5.3/../../../../msp430/lib/mmpy-16/libc.a(vuprintf.o)
 .debug_aranges
                0x000008e0       0x14 /usr/lib/gcc/msp430/4.5.3/../../../../msp430/lib/mmpy-16/libc.a(puts.o)
 .debug_aranges
                0x000008f4       0x14 /usr/lib/gcc/msp430/4.5.3/../../../../msp430/lib/mmpy-16/libc.a(rand.o)
 .debug_aranges
                0x00000908       0x14 /usr/lib/gcc/msp430/4.5.3/mmpy-16/libcrt0.a(__init_stack.o)
 .debug_aranges
                0x0000091c       0x14 /usr/lib/gcc/msp430/4.5.3/mmpy-16/libcrt0.a(__low_level_init.o)
 .debug_aranges
                0x00000930       0x14 /usr/lib/gcc/msp430/4.5.3/mmpy-16/libcrt0.a(_copy_data.o)
 .debug_aranges
                0x00000944       0x14 /usr/lib/gcc/msp430/4.5.3/mmpy-16/libcrt0.a(_clear_bss.o)
 .debug_aranges
                0x00000958       0x14 /usr/lib/gcc/msp430/4.5.3/mmpy-16/libcrt0.a(_endless_loop__.o)
 .debug_aranges
                0x0000096c       0x14 /usr/lib/gcc/msp430/4.5.3/mmpy-16/libcrt0.a(_unexpected_.o)

.debug_pubnames
                0x00000000     0x1aa1
 *(.debug_pubnames)
 .debug_pubnames
                0x00000000       0x43 fusion-demo.co
 .debug_pubnames
                0x00000043       0x27 obj_sky/contiki-sky-main.o
 .debug_pubnames
                0x0000006a       0x79 contiki-sky.a(rimeaddr.o)
 .debug_pubnames
                0x000000e3       0x5f contiki-sky.a(rime.o)
 .debug_pubnames
                0x00000142       0x20 contiki-sky.a(rimestats.o)
 .debug_pubnames
                0x00000162      0x144 contiki-sky.a(announcement.o)
 .debug_pubnames
                0x000002a6       0x7d contiki-sky.a(broadcast-annou)
 .debug_pubnames
                0x00000323       0x4c contiki-sky.a(broadcast.o)
 .debug_pubnames
                0x0000036f       0x55 contiki-sky.a(abc.o)
 .debug_pubnames
                0x000003c4       0x64 contiki-sky.a(chameleon.o)
 .debug_pubnames
                0x00000428       0x74 contiki-sky.a(channel.o)
 .debug_pubnames
                0x0000049c       0x6b contiki-sky.a(chameleon-bitop)
 .debug_pubnames
                0x00000507       0x22 contiki-sky.a(csma.o)
 .debug_pubnames
                0x00000529       0x52 contiki-sky.a(contikimac.o)
 .debug_pubnames
                0x0000057b       0x64 contiki-sky.a(phase.o)
 .debug_pubnames
                0x000005df      0x10d contiki-sky.a(process.o)
 .debug_pubnames
                0x000006ec       0x39 contiki-sky.a(autostart.o)
 .debug_pubnames
                0x00000725       0x9e contiki-sky.a(compower.o)
 .debug_pubnames
                0x000007c3       0x78 contiki-sky.a(serial-line.o)
 .debug_pubnames
                0x0000083b       0x4d contiki-sky.a(memb.o)
 .debug_pubnames
                0x00000888       0x68 contiki-sky.a(timer.o)
 .debug_pubnames
                0x000008f0       0xc3 contiki-sky.a(list.o)
 .debug_pubnames
                0x000009b3      0x109 contiki-sky.a(etimer.o)
 .debug_pubnames
                0x00000abc       0x8b contiki-sky.a(ctimer.o)
 .debug_pubnames
                0x00000b47       0xec contiki-sky.a(energest.o)
 .debug_pubnames
                0x00000c33       0x45 contiki-sky.a(rtimer.o)
 .debug_pubnames
                0x00000c78       0x32 contiki-sky.a(random.o)
 .debug_pubnames
                0x00000caa       0x69 contiki-sky.a(ringbuf.o)
 .debug_pubnames
                0x00000d13       0xa4 contiki-sky.a(sky-math.o)
 .debug_pubnames
                0x00000db7      0x22c contiki-sky.a(packetbuf.o)
 .debug_pubnames
                0x00000fe3       0xff contiki-sky.a(queuebuf.o)
 .debug_pubnames
                0x000010e2       0x42 contiki-sky.a(contiki-sky-pla)
 .debug_pubnames
                0x00001124       0x23 contiki-sky.a(light-sensor.o)
 .debug_pubnames
                0x00001147       0x2f contiki-sky.a(button-sensor.o)
 .debug_pubnames
                0x00001176       0x30 contiki-sky.a(ds2411.o)
 .debug_pubnames
                0x000011a6       0x4e contiki-sky.a(xmem.o)
 .debug_pubnames
                0x000011f4       0x43 contiki-sky.a(node-id.o)
 .debug_pubnames
                0x00001237       0x80 contiki-sky.a(sensors.o)
 .debug_pubnames
                0x000012b7      0x236 contiki-sky.a(cc2420.o)
 .debug_pubnames
                0x000014ed       0x42 contiki-sky.a(cc2420-arch.o)
 .debug_pubnames
                0x0000152f       0x43 contiki-sky.a(sky-sensors.o)
 .debug_pubnames
                0x00001572       0x57 contiki-sky.a(uart1.o)
 .debug_pubnames
                0x000015c9       0x1e contiki-sky.a(uart1-putchar.o)
 .debug_pubnames
                0x000015e7       0xad contiki-sky.a(msp430.o)
 .debug_pubnames
                0x00001694       0xc5 contiki-sky.a(clock.o)
 .debug_pubnames
                0x00001759       0x75 contiki-sky.a(leds.o)
 .debug_pubnames
                0x000017ce       0x49 contiki-sky.a(leds-arch.o)
 .debug_pubnames
                0x00001817       0x8a contiki-sky.a(watchdog.o)
 .debug_pubnames
                0x000018a1       0x60 contiki-sky.a(rtimer-arch.o)
 .debug_pubnames
                0x00001901       0x2d contiki-sky.a(mac.o)
 .debug_pubnames
                0x0000192e       0x24 contiki-sky.a(framer-802154.o)
 .debug_pubnames
                0x00001952       0x2c contiki-sky.a(spi.o)
 .debug_pubnames
                0x0000197e       0x56 contiki-sky.a(frame802154.o)
 .debug_pubnames
                0x000019d4       0x1d /usr/lib/gcc/msp430/4.5.3/../../../../msp430/lib/mmpy-16/libc.a(memcpy.o)
 .debug_pubnames
                0x000019f1       0x1d /usr/lib/gcc/msp430/4.5.3/../../../../msp430/lib/mmpy-16/libc.a(memset.o)
 .debug_pubnames
                0x00001a0e       0x29 /usr/lib/gcc/msp430/4.5.3/../../../../msp430/lib/mmpy-16/libc.a(printf.o)
 .debug_pubnames
                0x00001a37       0x1f /usr/lib/gcc/msp430/4.5.3/../../../../msp430/lib/mmpy-16/libc.a(vuprintf.o)
 .debug_pubnames
                0x00001a56       0x1b /usr/lib/gcc/msp430/4.5.3/../../../../msp430/lib/mmpy-16/libc.a(puts.o)
 .debug_pubnames
                0x00001a71       0x30 /usr/lib/gcc/msp430/4.5.3/../../../../msp430/lib/mmpy-16/libc.a(rand.o)

.debug_info     0x00000000     0xf976
 *(.debug_info)
 .debug_info    0x00000000      0x574 fusion-demo.co
 .debug_info    0x00000574      0x7dc obj_sky/contiki-sky-main.o
 .debug_info    0x00000d50      0x1bc contiki-sky.a(rimeaddr.o)
 .debug_info    0x00000f0c      0x5ef contiki-sky.a(rime.o)
 .debug_info    0x000014fb      0x13c contiki-sky.a(rimestats.o)
 .debug_info    0x00001637      0x3a5 contiki-sky.a(announcement.o)
 .debug_info    0x000019dc      0x88b contiki-sky.a(broadcast-annou)
 .debug_info    0x00002267      0x5c2 contiki-sky.a(broadcast.o)
 .debug_info    0x00002829      0x491 contiki-sky.a(abc.o)
 .debug_info    0x00002cba      0x405 contiki-sky.a(chameleon.o)
 .debug_info    0x000030bf      0x2d3 contiki-sky.a(channel.o)
 .debug_info    0x00003392      0x781 contiki-sky.a(chameleon-bitop)
 .debug_info    0x00003b13      0xbc4 contiki-sky.a(csma.o)
 .debug_info    0x000046d7     0x1108 contiki-sky.a(contikimac.o)
 .debug_info    0x000057df      0x89a contiki-sky.a(phase.o)
 .debug_info    0x00006079      0x51b contiki-sky.a(process.o)
 .debug_info    0x00006594      0x1ad contiki-sky.a(autostart.o)
 .debug_info    0x00006741      0x41f contiki-sky.a(compower.o)
 .debug_info    0x00006b60      0x357 contiki-sky.a(serial-line.o)
 .debug_info    0x00006eb7      0x194 contiki-sky.a(memb.o)
 .debug_info    0x0000704b      0x169 contiki-sky.a(timer.o)
 .debug_info    0x000071b4      0x2ef contiki-sky.a(list.o)
 .debug_info    0x000074a3      0x494 contiki-sky.a(etimer.o)
 .debug_info    0x00007937      0x4a3 contiki-sky.a(ctimer.o)
 .debug_info    0x00007dda      0x26e contiki-sky.a(energest.o)
 .debug_info    0x00008048      0x203 contiki-sky.a(rtimer.o)
 .debug_info    0x0000824b       0xa0 contiki-sky.a(random.o)
 .debug_info    0x000082eb      0x1a9 contiki-sky.a(ringbuf.o)
 .debug_info    0x00008494      0x3c2 contiki-sky.a(sky-math.o)
 .debug_info    0x00008856      0x5fb contiki-sky.a(packetbuf.o)
 .debug_info    0x00008e51      0x6df contiki-sky.a(queuebuf.o)
 .debug_info    0x00009530      0x2b5 contiki-sky.a(contiki-sky-pla)
 .debug_info    0x000097e5      0x223 contiki-sky.a(light-sensor.o)
 .debug_info    0x00009a08      0x492 contiki-sky.a(button-sensor.o)
 .debug_info    0x00009e9a      0x2cb contiki-sky.a(ds2411.o)
 .debug_info    0x0000a165      0x527 contiki-sky.a(xmem.o)
 .debug_info    0x0000a68c       0xe4 contiki-sky.a(node-id.o)
 .debug_info    0x0000a770      0x401 contiki-sky.a(sensors.o)
 .debug_info    0x0000ab71     0x1423 contiki-sky.a(cc2420.o)
 .debug_info    0x0000bf94      0x2a9 contiki-sky.a(cc2420-arch.o)
 .debug_info    0x0000c23d      0x2cd contiki-sky.a(sky-sensors.o)
 .debug_info    0x0000c50a      0x62e contiki-sky.a(uart1.o)
 .debug_info    0x0000cb38       0x8b contiki-sky.a(uart1-putchar.o)
 .debug_info    0x0000cbc3      0x407 contiki-sky.a(msp430.o)
 .debug_info    0x0000cfca      0x436 contiki-sky.a(clock.o)
 .debug_info    0x0000d400      0x29c contiki-sky.a(leds.o)
 .debug_info    0x0000d69c      0x10d contiki-sky.a(leds-arch.o)
 .debug_info    0x0000d7a9      0x1b8 contiki-sky.a(watchdog.o)
 .debug_info    0x0000d961      0x251 contiki-sky.a(rtimer-arch.o)
 .debug_info    0x0000dbb2      0x10c contiki-sky.a(mac.o)
 .debug_info    0x0000dcbe      0x63c contiki-sky.a(framer-802154.o)
 .debug_info    0x0000e2fa      0x1a4 contiki-sky.a(spi.o)
 .debug_info    0x0000e49e      0x490 contiki-sky.a(frame802154.o)
 .debug_info    0x0000e92e       0xd7 /usr/lib/gcc/msp430/4.5.3/mmpy-16/libgcc.a(_mulsi3.o)
 .debug_info    0x0000ea05       0xd7 /usr/lib/gcc/msp430/4.5.3/mmpy-16/libgcc.a(_udivmodhi4.o)
 .debug_info    0x0000eadc       0xd7 /usr/lib/gcc/msp430/4.5.3/mmpy-16/libgcc.a(_divmodhi4.o)
 .debug_info    0x0000ebb3       0xd7 /usr/lib/gcc/msp430/4.5.3/mmpy-16/libgcc.a(_udivmodsi4.o)
 .debug_info    0x0000ec8a      0x113 /usr/lib/gcc/msp430/4.5.3/../../../../msp430/lib/mmpy-16/libc.a(memcpy.o)
 .debug_info    0x0000ed9d       0xfe /usr/lib/gcc/msp430/4.5.3/../../../../msp430/lib/mmpy-16/libc.a(memset.o)
 .debug_info    0x0000ee9b      0x103 /usr/lib/gcc/msp430/4.5.3/../../../../msp430/lib/mmpy-16/libc.a(printf.o)
 .debug_info    0x0000ef9e      0x3b5 /usr/lib/gcc/msp430/4.5.3/../../../../msp430/lib/mmpy-16/libc.a(vuprintf.o)
 .debug_info    0x0000f353       0x96 /usr/lib/gcc/msp430/4.5.3/../../../../msp430/lib/mmpy-16/libc.a(puts.o)
 .debug_info    0x0000f3e9      0x137 /usr/lib/gcc/msp430/4.5.3/../../../../msp430/lib/mmpy-16/libc.a(rand.o)
 .debug_info    0x0000f520       0xb9 /usr/lib/gcc/msp430/4.5.3/mmpy-16/libcrt0.a(__init_stack.o)
 .debug_info    0x0000f5d9       0xb9 /usr/lib/gcc/msp430/4.5.3/mmpy-16/libcrt0.a(__low_level_init.o)
 .debug_info    0x0000f692       0xb9 /usr/lib/gcc/msp430/4.5.3/mmpy-16/libcrt0.a(_copy_data.o)
 .debug_info    0x0000f74b       0xb9 /usr/lib/gcc/msp430/4.5.3/mmpy-16/libcrt0.a(_clear_bss.o)
 .debug_info    0x0000f804       0xb9 /usr/lib/gcc/msp430/4.5.3/mmpy-16/libcrt0.a(_endless_loop__.o)
 .debug_info    0x0000f8bd       0xb9 /usr/lib/gcc/msp430/4.5.3/mmpy-16/libcrt0.a(_unexpected_.o)
 *(.gnu.linkonce.wi.*)

.debug_abbrev   0x00000000     0x5bc1
 *(.debug_abbrev)
 .debug_abbrev  0x00000000      0x1e4 fusion-demo.co
 .debug_abbrev  0x000001e4      0x272 obj_sky/contiki-sky-main.o
 .debug_abbrev  0x00000456      0x174 contiki-sky.a(rimeaddr.o)
 .debug_abbrev  0x000005ca      0x1ee contiki-sky.a(rime.o)
 .debug_abbrev  0x000007b8       0x5b contiki-sky.a(rimestats.o)
 .debug_abbrev  0x00000813      0x181 contiki-sky.a(announcement.o)
 .debug_abbrev  0x00000994      0x252 contiki-sky.a(broadcast-annou)
 .debug_abbrev  0x00000be6      0x222 contiki-sky.a(broadcast.o)
 .debug_abbrev  0x00000e08      0x1a8 contiki-sky.a(abc.o)
 .debug_abbrev  0x00000fb0      0x1e5 contiki-sky.a(chameleon.o)
 .debug_abbrev  0x00001195      0x180 contiki-sky.a(channel.o)
 .debug_abbrev  0x00001315      0x28c contiki-sky.a(chameleon-bitop)
 .debug_abbrev  0x000015a1      0x36c contiki-sky.a(csma.o)
 .debug_abbrev  0x0000190d      0x3aa contiki-sky.a(contikimac.o)
 .debug_abbrev  0x00001cb7      0x22f contiki-sky.a(phase.o)
 .debug_abbrev  0x00001ee6      0x2f6 contiki-sky.a(process.o)
 .debug_abbrev  0x000021dc       0xf5 contiki-sky.a(autostart.o)
 .debug_abbrev  0x000022d1      0x20f contiki-sky.a(compower.o)
 .debug_abbrev  0x000024e0      0x1d5 contiki-sky.a(serial-line.o)
 .debug_abbrev  0x000026b5       0xea contiki-sky.a(memb.o)
 .debug_abbrev  0x0000279f       0xf8 contiki-sky.a(timer.o)
 .debug_abbrev  0x00002897      0x151 contiki-sky.a(list.o)
 .debug_abbrev  0x000029e8      0x229 contiki-sky.a(etimer.o)
 .debug_abbrev  0x00002c11      0x1dc contiki-sky.a(ctimer.o)
 .debug_abbrev  0x00002ded      0x144 contiki-sky.a(energest.o)
 .debug_abbrev  0x00002f31      0x139 contiki-sky.a(rtimer.o)
 .debug_abbrev  0x0000306a       0x67 contiki-sky.a(random.o)
 .debug_abbrev  0x000030d1      0x109 contiki-sky.a(ringbuf.o)
 .debug_abbrev  0x000031da      0x10a contiki-sky.a(sky-math.o)
 .debug_abbrev  0x000032e4      0x25b contiki-sky.a(packetbuf.o)
 .debug_abbrev  0x0000353f      0x232 contiki-sky.a(queuebuf.o)
 .debug_abbrev  0x00003771      0x12a contiki-sky.a(contiki-sky-pla)
 .debug_abbrev  0x0000389b       0xe3 contiki-sky.a(light-sensor.o)
 .debug_abbrev  0x0000397e      0x188 contiki-sky.a(button-sensor.o)
 .debug_abbrev  0x00003b06      0x1b3 contiki-sky.a(ds2411.o)
 .debug_abbrev  0x00003cb9      0x204 contiki-sky.a(xmem.o)
 .debug_abbrev  0x00003ebd       0x93 contiki-sky.a(node-id.o)
 .debug_abbrev  0x00003f50      0x1eb contiki-sky.a(sensors.o)
 .debug_abbrev  0x0000413b      0x427 contiki-sky.a(cc2420.o)
 .debug_abbrev  0x00004562      0x13d contiki-sky.a(cc2420-arch.o)
 .debug_abbrev  0x0000469f      0x142 contiki-sky.a(sky-sensors.o)
 .debug_abbrev  0x000047e1      0x1d5 contiki-sky.a(uart1.o)
 .debug_abbrev  0x000049b6       0x50 contiki-sky.a(uart1-putchar.o)
 .debug_abbrev  0x00004a06      0x190 contiki-sky.a(msp430.o)
 .debug_abbrev  0x00004b96      0x1b3 contiki-sky.a(clock.o)
 .debug_abbrev  0x00004d49      0x137 contiki-sky.a(leds.o)
 .debug_abbrev  0x00004e80       0xa6 contiki-sky.a(leds-arch.o)
 .debug_abbrev  0x00004f26       0xd9 contiki-sky.a(watchdog.o)
 .debug_abbrev  0x00004fff      0x135 contiki-sky.a(rtimer-arch.o)
 .debug_abbrev  0x00005134       0xa0 contiki-sky.a(mac.o)
 .debug_abbrev  0x000051d4      0x220 contiki-sky.a(framer-802154.o)
 .debug_abbrev  0x000053f4       0x7f contiki-sky.a(spi.o)
 .debug_abbrev  0x00005473      0x18d contiki-sky.a(frame802154.o)
 .debug_abbrev  0x00005600       0x14 /usr/lib/gcc/msp430/4.5.3/mmpy-16/libgcc.a(_mulsi3.o)
 .debug_abbrev  0x00005614       0x14 /usr/lib/gcc/msp430/4.5.3/mmpy-16/libgcc.a(_udivmodhi4.o)
 .debug_abbrev  0x00005628       0x14 /usr/lib/gcc/msp430/4.5.3/mmpy-16/libgcc.a(_divmodhi4.o)
 .debug_abbrev  0x0000563c       0x14 /usr/lib/gcc/msp430/4.5.3/mmpy-16/libgcc.a(_udivmodsi4.o)
 .debug_abbrev  0x00005650       0x97 /usr/lib/gcc/msp430/4.5.3/../../../../msp430/lib/mmpy-16/libc.a(memcpy.o)
 .debug_abbrev  0x000056e7       0x8d /usr/lib/gcc/msp430/4.5.3/../../../../msp430/lib/mmpy-16/libc.a(memset.o)
 .debug_abbrev  0x00005774       0xce /usr/lib/gcc/msp430/4.5.3/../../../../msp430/lib/mmpy-16/libc.a(printf.o)
 .debug_abbrev  0x00005842      0x1cb /usr/lib/gcc/msp430/4.5.3/../../../../msp430/lib/mmpy-16/libc.a(vuprintf.o)
 .debug_abbrev  0x00005a0d       0x60 /usr/lib/gcc/msp430/4.5.3/../../../../msp430/lib/mmpy-16/libc.a(puts.o)
 .debug_abbrev  0x00005a6d       0xdc /usr/lib/gcc/msp430/4.5.3/../../../../msp430/lib/mmpy-16/libc.a(rand.o)
 .debug_abbrev  0x00005b49       0x14 /usr/lib/gcc/msp430/4.5.3/mmpy-16/libcrt0.a(__init_stack.o)
 .debug_abbrev  0x00005b5d       0x14 /usr/lib/gcc/msp430/4.5.3/mmpy-16/libcrt0.a(__low_level_init.o)
 .debug_abbrev  0x00005b71       0x14 /usr/lib/gcc/msp430/4.5.3/mmpy-16/libcrt0.a(_copy_data.o)
 .debug_abbrev  0x00005b85       0x14 /usr/lib/gcc/msp430/4.5.3/mmpy-16/libcrt0.a(_clear_bss.o)
 .debug_abbrev  0x00005b99       0x14 /usr/lib/gcc/msp430/4.5.3/mmpy-16/libcrt0.a(_endless_loop__.o)
 .debug_abbrev  0x00005bad       0x14 /usr/lib/gcc/msp430/4.5.3/mmpy-16/libcrt0.a(_unexpected_.o)

.debug_line     0x00000000     0x65aa
 *(.debug_line)
 .debug_line    0x00000000      0x2f9 fusion-demo.co
 .debug_line    0x000002f9      0x2e0 obj_sky/contiki-sky-main.o
 .debug_line    0x000005d9       0xf2 contiki-sky.a(rimeaddr.o)
 .debug_line    0x000006cb      0x1e6 contiki-sky.a(rime.o)
 .debug_line    0x000008b1       0x7f contiki-sky.a(rimestats.o)
 .debug_line    0x00000930      0x1c4 contiki-sky.a(announcement.o)
 .debug_line    0x00000af4      0x2b9 contiki-sky.a(broadcast-annou)
 .debug_line    0x00000dad      0x19b contiki-sky.a(broadcast.o)
 .debug_line    0x00000f48      0x17a contiki-sky.a(abc.o)
 .debug_line    0x000010c2      0x160 contiki-sky.a(chameleon.o)
 .debug_line    0x00001222      0x17a contiki-sky.a(channel.o)
 .debug_line    0x0000139c      0x287 contiki-sky.a(chameleon-bitop)
 .debug_line    0x00001623      0x311 contiki-sky.a(csma.o)
 .debug_line    0x00001934      0x5a3 contiki-sky.a(contikimac.o)
 .debug_line    0x00001ed7      0x2bc contiki-sky.a(phase.o)
 .debug_line    0x00002193      0x1ed contiki-sky.a(process.o)
 .debug_line    0x00002380       0xbd contiki-sky.a(autostart.o)
 .debug_line    0x0000243d      0x192 contiki-sky.a(compower.o)
 .debug_line    0x000025cf      0x197 contiki-sky.a(serial-line.o)
 .debug_line    0x00002766       0xdf contiki-sky.a(memb.o)
 .debug_line    0x00002845       0xf6 contiki-sky.a(timer.o)
 .debug_line    0x0000293b      0x178 contiki-sky.a(list.o)
 .debug_line    0x00002ab3      0x230 contiki-sky.a(etimer.o)
 .debug_line    0x00002ce3      0x1e0 contiki-sky.a(ctimer.o)
 .debug_line    0x00002ec3       0xe9 contiki-sky.a(energest.o)
 .debug_line    0x00002fac       0xb5 contiki-sky.a(rtimer.o)
 .debug_line    0x00003061       0x63 contiki-sky.a(random.o)
 .debug_line    0x000030c4      0x111 contiki-sky.a(ringbuf.o)
 .debug_line    0x000031d5      0x19c contiki-sky.a(sky-math.o)
 .debug_line    0x00003371      0x2bd contiki-sky.a(packetbuf.o)
 .debug_line    0x0000362e      0x20e contiki-sky.a(queuebuf.o)
 .debug_line    0x0000383c      0x114 contiki-sky.a(contiki-sky-pla)
 .debug_line    0x00003950      0x122 contiki-sky.a(light-sensor.o)
 .debug_line    0x00003a72      0x1e4 contiki-sky.a(button-sensor.o)
 .debug_line    0x00003c56      0x16d contiki-sky.a(ds2411.o)
 .debug_line    0x00003dc3      0x223 contiki-sky.a(xmem.o)
 .debug_line    0x00003fe6       0x87 contiki-sky.a(node-id.o)
 .debug_line    0x0000406d      0x173 contiki-sky.a(sensors.o)
 .debug_line    0x000041e0      0x7bc contiki-sky.a(cc2420.o)
 .debug_line    0x0000499c      0x165 contiki-sky.a(cc2420-arch.o)
 .debug_line    0x00004b01      0x12a contiki-sky.a(sky-sensors.o)
 .debug_line    0x00004c2b      0x1d8 contiki-sky.a(uart1.o)
 .debug_line    0x00004e03       0x9f contiki-sky.a(uart1-putchar.o)
 .debug_line    0x00004ea2      0x191 contiki-sky.a(msp430.o)
 .debug_line    0x00005033      0x232 contiki-sky.a(clock.o)
 .debug_line    0x00005265      0x12a contiki-sky.a(leds.o)
 .debug_line    0x0000538f      0x100 contiki-sky.a(leds-arch.o)
 .debug_line    0x0000548f      0x127 contiki-sky.a(watchdog.o)
 .debug_line    0x000055b6      0x12e contiki-sky.a(rtimer-arch.o)
 .debug_line    0x000056e4       0x83 contiki-sky.a(mac.o)
 .debug_line    0x00005767      0x1b2 contiki-sky.a(framer-802154.o)
 .debug_line    0x00005919       0xa9 contiki-sky.a(spi.o)
 .debug_line    0x000059c2      0x1f7 contiki-sky.a(frame802154.o)
 .debug_line    0x00005bb9       0x9d /usr/lib/gcc/msp430/4.5.3/mmpy-16/libgcc.a(_mulsi3.o)
 .debug_line    0x00005c56       0x9a /usr/lib/gcc/msp430/4.5.3/mmpy-16/libgcc.a(_udivmodhi4.o)
 .debug_line    0x00005cf0       0xa5 /usr/lib/gcc/msp430/4.5.3/mmpy-16/libgcc.a(_divmodhi4.o)
 .debug_line    0x00005d95       0xa1 /usr/lib/gcc/msp430/4.5.3/mmpy-16/libgcc.a(_udivmodsi4.o)
 .debug_line    0x00005e36       0xf3 /usr/lib/gcc/msp430/4.5.3/../../../../msp430/lib/mmpy-16/libc.a(memcpy.o)
 .debug_line    0x00005f29       0xbd /usr/lib/gcc/msp430/4.5.3/../../../../msp430/lib/mmpy-16/libc.a(memset.o)
 .debug_line    0x00005fe6       0x72 /usr/lib/gcc/msp430/4.5.3/../../../../msp430/lib/mmpy-16/libc.a(printf.o)
 .debug_line    0x00006058      0x198 /usr/lib/gcc/msp430/4.5.3/../../../../msp430/lib/mmpy-16/libc.a(vuprintf.o)
 .debug_line    0x000061f0       0x4d /usr/lib/gcc/msp430/4.5.3/../../../../msp430/lib/mmpy-16/libc.a(puts.o)
 .debug_line    0x0000623d       0x52 /usr/lib/gcc/msp430/4.5.3/../../../../msp430/lib/mmpy-16/libc.a(rand.o)
 .debug_line    0x0000628f       0x82 /usr/lib/gcc/msp430/4.5.3/mmpy-16/libcrt0.a(__init_stack.o)
 .debug_line    0x00006311       0x84 /usr/lib/gcc/msp430/4.5.3/mmpy-16/libcrt0.a(__low_level_init.o)
 .debug_line    0x00006395       0x88 /usr/lib/gcc/msp430/4.5.3/mmpy-16/libcrt0.a(_copy_data.o)
 .debug_line    0x0000641d       0x88 /usr/lib/gcc/msp430/4.5.3/mmpy-16/libcrt0.a(_clear_bss.o)
 .debug_line    0x000064a5       0x83 /usr/lib/gcc/msp430/4.5.3/mmpy-16/libcrt0.a(_endless_loop__.o)
 .debug_line    0x00006528       0x82 /usr/lib/gcc/msp430/4.5.3/mmpy-16/libcrt0.a(_unexpected_.o)

.debug_frame    0x00000000     0x1e0a
 *(.debug_frame)
 .debug_frame   0x00000000       0x68 fusion-demo.co
 .debug_frame   0x00000068       0xb6 obj_sky/contiki-sky-main.o
 .debug_frame   0x0000011e       0x36 contiki-sky.a(rimeaddr.o)
 .debug_frame   0x00000154       0x8a contiki-sky.a(rime.o)
 .debug_frame   0x000001de       0xe8 contiki-sky.a(announcement.o)
 .debug_frame   0x000002c6       0xea contiki-sky.a(broadcast-annou)
 .debug_frame   0x000003b0       0x6c contiki-sky.a(broadcast.o)
 .debug_frame   0x0000041c       0x5e contiki-sky.a(abc.o)
 .debug_frame   0x0000047a       0x48 contiki-sky.a(chameleon.o)
 .debug_frame   0x000004c2       0x5e contiki-sky.a(channel.o)
 .debug_frame   0x00000520       0xea contiki-sky.a(chameleon-bitop)
 .debug_frame   0x0000060a       0xf6 contiki-sky.a(csma.o)
 .debug_frame   0x00000700      0x182 contiki-sky.a(contikimac.o)
 .debug_frame   0x00000882       0xc4 contiki-sky.a(phase.o)
 .debug_frame   0x00000946       0xe8 contiki-sky.a(process.o)
 .debug_frame   0x00000a2e       0x36 contiki-sky.a(autostart.o)
 .debug_frame   0x00000a64       0x5e contiki-sky.a(compower.o)
 .debug_frame   0x00000ac2       0x40 contiki-sky.a(serial-line.o)
 .debug_frame   0x00000b02       0x60 contiki-sky.a(memb.o)
 .debug_frame   0x00000b62       0x6a contiki-sky.a(timer.o)
 .debug_frame   0x00000bcc       0xb6 contiki-sky.a(list.o)
 .debug_frame   0x00000c82       0xf8 contiki-sky.a(etimer.o)
 .debug_frame   0x00000d7a       0xaa contiki-sky.a(ctimer.o)
 .debug_frame   0x00000e24       0x72 contiki-sky.a(energest.o)
 .debug_frame   0x00000e96       0x36 contiki-sky.a(rtimer.o)
 .debug_frame   0x00000ecc       0x2a contiki-sky.a(random.o)
 .debug_frame   0x00000ef6       0x62 contiki-sky.a(ringbuf.o)
 .debug_frame   0x00000f58      0x12a contiki-sky.a(sky-math.o)
 .debug_frame   0x00001082      0x158 contiki-sky.a(packetbuf.o)
 .debug_frame   0x000011da       0xb2 contiki-sky.a(queuebuf.o)
 .debug_frame   0x0000128c       0x1e contiki-sky.a(contiki-sky-pla)
 .debug_frame   0x000012aa       0x36 contiki-sky.a(light-sensor.o)
 .debug_frame   0x000012e0       0x70 contiki-sky.a(button-sensor.o)
 .debug_frame   0x00001350       0x54 contiki-sky.a(ds2411.o)
 .debug_frame   0x000013a4       0xc4 contiki-sky.a(xmem.o)
 .debug_frame   0x00001468       0x32 contiki-sky.a(node-id.o)
 .debug_frame   0x0000149a       0x84 contiki-sky.a(sensors.o)
 .debug_frame   0x0000151e      0x24e contiki-sky.a(cc2420.o)
 .debug_frame   0x0000176c       0x52 contiki-sky.a(cc2420-arch.o)
 .debug_frame   0x000017be       0x3a contiki-sky.a(sky-sensors.o)
 .debug_frame   0x000017f8       0x6c contiki-sky.a(uart1.o)
 .debug_frame   0x00001864       0x24 contiki-sky.a(uart1-putchar.o)
 .debug_frame   0x00001888       0x76 contiki-sky.a(msp430.o)
 .debug_frame   0x000018fe       0xdc contiki-sky.a(clock.o)
 .debug_frame   0x000019da       0x96 contiki-sky.a(leds.o)
 .debug_frame   0x00001a70       0x36 contiki-sky.a(leds-arch.o)
 .debug_frame   0x00001aa6       0x5a contiki-sky.a(watchdog.o)
 .debug_frame   0x00001b00       0x6a contiki-sky.a(rtimer-arch.o)
 .debug_frame   0x00001b6a       0x24 contiki-sky.a(mac.o)
 .debug_frame   0x00001b8e       0x40 contiki-sky.a(framer-802154.o)
 .debug_frame   0x00001bce       0x1e contiki-sky.a(spi.o)
 .debug_frame   0x00001bec       0x9a contiki-sky.a(frame802154.o)
 .debug_frame   0x00001c86       0x32 /usr/lib/gcc/msp430/4.5.3/../../../../msp430/lib/mmpy-16/libc.a(memcpy.o)
 .debug_frame   0x00001cb8       0x32 /usr/lib/gcc/msp430/4.5.3/../../../../msp430/lib/mmpy-16/libc.a(memset.o)
 .debug_frame   0x00001cea       0x2a /usr/lib/gcc/msp430/4.5.3/../../../../msp430/lib/mmpy-16/libc.a(printf.o)
 .debug_frame   0x00001d14       0x82 /usr/lib/gcc/msp430/4.5.3/../../../../msp430/lib/mmpy-16/libc.a(vuprintf.o)
 .debug_frame   0x00001d96       0x24 /usr/lib/gcc/msp430/4.5.3/../../../../msp430/lib/mmpy-16/libc.a(puts.o)
 .debug_frame   0x00001dba       0x50 /usr/lib/gcc/msp430/4.5.3/../../../../msp430/lib/mmpy-16/libc.a(rand.o)

.debug_str      0x00000000     0x3bdb
 *(.debug_str)
 .debug_str     0x00000000      0x356 fusion-demo.co
                                0x40e (size before relaxing)
 .debug_str     0x00000356      0x1a7 obj_sky/contiki-sky-main.o
                                0x492 (size before relaxing)
 .debug_str     0x000004fd       0x7d contiki-sky.a(rimeaddr.o)
                                0x129 (size before relaxing)
 .debug_str     0x0000057a      0x1a2 contiki-sky.a(rime.o)
                                0x34c (size before relaxing)
 .debug_str     0x0000071c       0x2d contiki-sky.a(rimestats.o)
                                 0xde (size before relaxing)
 .debug_str     0x00000749      0x1ac contiki-sky.a(announcement.o)
                                0x2b4 (size before relaxing)
 .debug_str     0x000008f5      0x1d4 contiki-sky.a(broadcast-annou)
                                0x533 (size before relaxing)
 .debug_str     0x00000ac9      0x354 contiki-sky.a(broadcast.o)
                                0x637 (size before relaxing)
 .debug_str     0x00000e1d       0x56 contiki-sky.a(abc.o)
                                0x5c8 (size before relaxing)
 .debug_str     0x00000e73       0xa4 contiki-sky.a(chameleon.o)
                                0x4b8 (size before relaxing)
 .debug_str     0x00000f17       0x98 contiki-sky.a(channel.o)
                                0x1da (size before relaxing)
 .debug_str     0x00000faf       0xd1 contiki-sky.a(chameleon-bitop)
                                0x54f (size before relaxing)
 .debug_str     0x00001080      0x20b contiki-sky.a(csma.o)
                                0x7da (size before relaxing)
 .debug_str     0x0000128b      0x3f9 contiki-sky.a(contikimac.o)
                                0xa5e (size before relaxing)
 .debug_str     0x00001684      0x10e contiki-sky.a(phase.o)
                                0x40f (size before relaxing)
 .debug_str     0x00001792      0x17c contiki-sky.a(process.o)
                                0x271 (size before relaxing)
 .debug_str     0x0000190e       0x47 contiki-sky.a(autostart.o)
                                0x129 (size before relaxing)
 .debug_str     0x00001955       0x9e contiki-sky.a(compower.o)
                                0x5e1 (size before relaxing)
 .debug_str     0x000019f3       0xc1 contiki-sky.a(serial-line.o)
                                0x30f (size before relaxing)
 .debug_str     0x00001ab4       0x53 contiki-sky.a(memb.o)
                                 0xee (size before relaxing)
 .debug_str     0x00001b07       0x34 contiki-sky.a(timer.o)
                                0x113 (size before relaxing)
 .debug_str     0x00001b3b       0xb5 contiki-sky.a(list.o)
                                 0xdc (size before relaxing)
 .debug_str     0x00001bf0      0x140 contiki-sky.a(etimer.o)
                                0x27e (size before relaxing)
 .debug_str     0x00001d30       0xc6 contiki-sky.a(ctimer.o)
                                0x339 (size before relaxing)
 .debug_str     0x00001df6       0xa8 contiki-sky.a(energest.o)
                                0x2bc (size before relaxing)
 .debug_str     0x00001e9e       0x61 contiki-sky.a(rtimer.o)
                                0x292 (size before relaxing)
 .debug_str     0x00001eff       0x42 contiki-sky.a(random.o)
                                 0xcd (size before relaxing)
 .debug_str     0x00001f41       0x69 contiki-sky.a(ringbuf.o)
                                0x126 (size before relaxing)
 .debug_str     0x00001faa       0xe0 contiki-sky.a(sky-math.o)
                                0x17f (size before relaxing)
 .debug_str     0x0000208a      0x1ec contiki-sky.a(packetbuf.o)
                                0x716 (size before relaxing)
 .debug_str     0x00002276      0x197 contiki-sky.a(queuebuf.o)
                                0x6e4 (size before relaxing)
 .debug_str     0x0000240d       0x55 contiki-sky.a(contiki-sky-pla)
                                0x2a5 (size before relaxing)
 .debug_str     0x00002462       0x4d contiki-sky.a(light-sensor.o)
                                0x24b (size before relaxing)
 .debug_str     0x000024af      0x113 contiki-sky.a(button-sensor.o)
                                0x3aa (size before relaxing)
 .debug_str     0x000025c2       0x5f contiki-sky.a(ds2411.o)
                                0x252 (size before relaxing)
 .debug_str     0x00002621       0xf5 contiki-sky.a(xmem.o)
                                0x33b (size before relaxing)
 .debug_str     0x00002716       0x49 contiki-sky.a(node-id.o)
                                 0xd7 (size before relaxing)
 .debug_str     0x0000275f       0x9a contiki-sky.a(sensors.o)
                                0x324 (size before relaxing)
 .debug_str     0x000027f9      0x7c8 contiki-sky.a(cc2420.o)
                                0xfc4 (size before relaxing)
 .debug_str     0x00002fc1       0x56 contiki-sky.a(cc2420-arch.o)
                                0x2f0 (size before relaxing)
 .debug_str     0x00003017       0xa8 contiki-sky.a(sky-sensors.o)
                                0x2bc (size before relaxing)
 .debug_str     0x000030bf      0x14f contiki-sky.a(uart1.o)
                                0x412 (size before relaxing)
 .debug_str     0x0000320e       0x3a contiki-sky.a(uart1-putchar.o)
                                 0xc5 (size before relaxing)
 .debug_str     0x00003248      0x144 contiki-sky.a(msp430.o)
                                0x378 (size before relaxing)
 .debug_str     0x0000338c       0xe7 contiki-sky.a(clock.o)
                                0x34e (size before relaxing)
 .debug_str     0x00003473       0x79 contiki-sky.a(leds.o)
                                0x29c (size before relaxing)
 .debug_str     0x000034ec       0x69 contiki-sky.a(leds-arch.o)
                                0x105 (size before relaxing)
 .debug_str     0x00003555       0x9c contiki-sky.a(watchdog.o)
                                0x26a (size before relaxing)
 .debug_str     0x000035f1       0x85 contiki-sky.a(rtimer-arch.o)
                                0x2af (size before relaxing)
 .debug_str     0x00003676       0x3d contiki-sky.a(mac.o)
                                0x13e (size before relaxing)
 .debug_str     0x000036b3      0x1a0 contiki-sky.a(framer-802154.o)
                                0x603 (size before relaxing)
 .debug_str     0x00003853       0x68 contiki-sky.a(spi.o)
                                0x136 (size before relaxing)
 .debug_str     0x000038bb       0xd7 contiki-sky.a(frame802154.o)
                                0x2ec (size before relaxing)
 .debug_str     0x00003992       0x5b /usr/lib/gcc/msp430/4.5.3/../../../../msp430/lib/mmpy-16/libc.a(memcpy.o)
                                 0xed (size before relaxing)
 .debug_str     0x000039ed       0x26 /usr/lib/gcc/msp430/4.5.3/../../../../msp430/lib/mmpy-16/libc.a(memset.o)
                                 0xeb (size before relaxing)
 .debug_str     0x00003a13       0x40 /usr/lib/gcc/msp430/4.5.3/../../../../msp430/lib/mmpy-16/libc.a(printf.o)
                                0x101 (size before relaxing)
 .debug_str     0x00003a53      0x14e /usr/lib/gcc/msp430/4.5.3/../../../../msp430/lib/mmpy-16/libc.a(vuprintf.o)
                                0x25d (size before relaxing)
 .debug_str     0x00003ba1       0x15 /usr/lib/gcc/msp430/4.5.3/../../../../msp430/lib/mmpy-16/libc.a(puts.o)
                                 0xc7 (size before relaxing)
 .debug_str     0x00003bb6       0x25 /usr/lib/gcc/msp430/4.5.3/../../../../msp430/lib/mmpy-16/libc.a(rand.o)
                                 0xe6 (size before relaxing)

.debug_loc      0x00000000     0x4f3a
 *(.debug_loc)
 .debug_loc     0x00000000      0x216 fusion-demo.co
 .debug_loc     0x00000216      0x1a2 obj_sky/contiki-sky-main.o
 .debug_loc     0x000003b8       0x66 contiki-sky.a(rimeaddr.o)
 .debug_loc     0x0000041e      0x142 contiki-sky.a(rime.o)
 .debug_loc     0x00000560      0x1ae contiki-sky.a(announcement.o)
 .debug_loc     0x0000070e      0x1db contiki-sky.a(broadcast-annou)